SUMMARY OF C0NVERGENCE INFORMATION
  STEP   INC  ATT   ITER     CONT.   RESID.        CORR.      RESID.      CORR.
                              EL.    FORCE         DISP       FLUX        TEMP.
                              (#)     (%)           (%)        (%)         (%)
     1     1     1     1        0  0.4076E+04  0.1000E+03  0.0000E+00  0.0000E+00
     1     1     1     2        0  0.1705E+02  0.1471E+01  0.0000E+00  0.0000E+00
     1     1     1     3        0  0.3422E-01  0.1118E+00  0.0000E+00  0.0000E+00
     1     2     1     1        0  0.4477E+02  0.2924E+01  0.0000E+00  0.0000E+00
     1     2     1     2        0  0.6231E+00  0.6098E+00  0.0000E+00  0.0000E+00
     1     2     1     3        0  0.0000E+00  0.1567E-01  0.0000E+00  0.0000E+00
     1     3     1     1        0  0.1033E+03  0.3590E+01  0.0000E+00  0.0000E+00
     1     3     1     2        0  0.5317E+01  0.1477E+01  0.0000E+00  0.0000E+00
     1     3     1     3        0  0.6625E-01  0.1211E+00  0.0000E+00  0.0000E+00
     1     4     1     1        0  0.2317E+03  0.4848E+01  0.0000E+00  0.0000E+00
     1     4     1     2        0  0.2023E+02  0.2642E+01  0.0000E+00  0.0000E+00
     1     4     1     3        0  0.2018E+01  0.6043E+00  0.0000E+00  0.0000E+00
     1     4     1     4        0  0.0000E+00  0.1882E-01  0.0000E+00  0.0000E+00
     1     5     1     1        0  0.1909E+03  0.5251E+01  0.0000E+00  0.0000E+00
     1     5     1     2        0  0.2470E+02  0.3507E+01  0.0000E+00  0.0000E+00
     1     5     1     3        0  0.2792E+01  0.8391E+00  0.0000E+00  0.0000E+00
     1     5     1     4        0  0.6812E-02  0.4095E-01  0.0000E+00  0.0000E+00
     1     6     1     1        0  0.1189E+03  0.4911E+01  0.0000E+00  0.0000E+00
     1     6     1     2        0  0.1984E+02  0.3745E+01  0.0000E+00  0.0000E+00
     1     6     1     3        0  0.1504E+01  0.7178E+00  0.0000E+00  0.0000E+00
     1     6     1     4        0  0.3876E-02  0.3555E-01  0.0000E+00  0.0000E+00
     1     7     1     1        0  0.7590E+02  0.4581E+01  0.0000E+00  0.0000E+00
     1     7     1     2        0  0.1419E+02  0.3742E+01  0.0000E+00  0.0000E+00
     1     7     1     3        0  0.7311E+00  0.5757E+00  0.0000E+00  0.0000E+00
     1     7     1     4        0  0.1512E-02  0.2523E-01  0.0000E+00  0.0000E+00
     1     8     1     1        0  0.5001E+02  0.4276E+01  0.0000E+00  0.0000E+00
     1     8     1     2        0  0.1004E+02  0.3682E+01  0.0000E+00  0.0000E+00
     1     8     1     3        0  0.3579E+00  0.4580E+00  0.0000E+00  0.0000E+00
     1     9     1     1        0  0.3393E+02  0.3998E+01  0.0000E+00  0.0000E+00
     1     9     1     2        0  0.7655E+01  0.3655E+01  0.0000E+00  0.0000E+00
     1     9     1     3        0  0.1877E+00  0.3731E+00  0.0000E+00  0.0000E+00
     1    10     1     1        0  0.2346E+02  0.3739E+01  0.0000E+00  0.0000E+00
     1    10     1     2        0  0.5992E+01  0.3603E+01  0.0000E+00  0.0000E+00
     1    10     1     3        0  0.9801E-01  0.3017E+00  0.0000E+00  0.0000E+00
     1    11     1     1        0  0.1650E+02  0.3496E+01  0.0000E+00  0.0000E+00
     1    11     1     2        0  0.4920E+01  0.3596E+01  0.0000E+00  0.0000E+00
     1    11     1     3        0  0.5376E-01  0.2485E+00  0.0000E+00  0.0000E+00
     1    12     1     1        0  0.2865E+00  0.2238E+01  0.0000E+00  0.0000E+00
     1    12     1     2        0  0.1044E+00  0.1889E+01  0.0000E+00  0.0000E+00
     1    12     1     3        0  0.0000E+00  0.3352E-02  0.0000E+00  0.0000E+00
