[live capture NOT installed: RuntimeError: cecad.livehook needs FreeCAD's geometry kernel, which this interpreter does not have (No module named 'FreeCAD').
    Run designs through bin/cad — FreeCAD's interpreter ignores PYTHONPATH and `FreeCAD -c` hangs on stdin.
    cecad.electrical and cecad.vision are kernel-free and work here.]
PASS             appended to ce-parts/bearing-15x10x3/iterations/v0.0.1/evidence/ledger.jsonl
                 {"date": "2026-09-02", "kind": "sim", "summary": "refcheck vs seeed_bearing__configuration_default.stl: p95 0.09/0.04 mm, bbox delta [0.0, -0.005, -0.0], features matched 2/2", "artifact": "evidence/refcheck/2026-09-02T09-14-33Z/report.json", "sha256": "f6ee6ed33e9fe7df3bd1169c3fc0f443913c60dc3c4afd88d48952cae83a1449", "by": "ce-cad/bin/cad-refcheck", "outcome": "PASS"}
                 trust now T1 simulated — 1 ledger entry; T1 from the ledger
# refcheck part:bearing-15x10x3 vs seeed_bearing__configuration_default.stl

**PASS** — p95 surface distance 0.09 mm <= 1.00 both ways; bbox within 0.01 mm

| | ref->ours | ours->ref |
|---|---|---|
| mean mm | 0.011 | 0.011 |
| p50 mm | 0.003 | 0.003 |
| p95 mm | 0.091 | 0.040 |
| max mm | 0.198 | 0.397 |
| within 1.0 mm | 100.0% | 100.0% |

bbox ours [15.0, 14.995, 3.0]  ref [15.0, 15.0, 3.0]  delta [0.0, -0.005, -0.0]
volume ratio ours/ref 0.9656 (closed-mesh figure, see compare.json)

## features

reference: 1 holes, 1 bosses · ours: 3 holes, 3 bosses · matched 2 · unmatched reference 0 · extra ours 4
- extra in ours: hole Ø12.20 at [-0.0, -0.0, 1.5]
- extra in ours: hole Ø13.50 at [0.0, -0.0, 1.5]
- extra in ours: boss Ø11.50 at [-0.0, -0.0, 1.5]
- extra in ours: boss Ø12.80 at [-0.0, -0.0, 1.5]

## renders

- overlay_front.png
- overlay_left.png
- overlay_top.png
- overlay_iso.png
- ours_iso.png
- ref_iso.png

report: /Users/leifrydenfalk/dev/ce-workshop/ce-designs/microduck/ce-parts/bearing-15x10x3/iterations/v0.0.1/evidence/refcheck/2026-09-02T09-14-33Z/report.md
