[live capture NOT installed: RuntimeError: cecad.livehook needs FreeCAD's geometry kernel, which this interpreter does not have (No module named 'FreeCAD').
    Run designs through bin/cad — FreeCAD's interpreter ignores PYTHONPATH and `FreeCAD -c` hangs on stdin.
    cecad.electrical and cecad.vision are kernel-free and work here.]
# refcheck part:bearing-22x16x4 vs seeed_bearing__configuration__22x16x4.stl

**PASS** — p95 surface distance 0.02 mm <= 1.00 both ways; bbox within 0.01 mm

| | ref->ours | ours->ref |
|---|---|---|
| mean mm | 0.007 | 0.007 |
| p50 mm | 0.004 | 0.004 |
| p95 mm | 0.018 | 0.009 |
| max mm | 0.179 | 0.330 |
| within 1.0 mm | 100.0% | 100.0% |

bbox ours [22.0, 21.993, 4.0]  ref [22.0, 22.0, 4.0]  delta [0.0, -0.007, -0.0]
volume ratio ours/ref 0.988 (closed-mesh figure, see compare.json)

## features

reference: 1 holes, 1 bosses · ours: 3 holes, 3 bosses · matched 2 · unmatched reference 0 · extra ours 4
- extra in ours: hole Ø18.70 at [0.0, -0.0, 2.0]
- extra in ours: hole Ø20.00 at [0.0, -0.0, 2.0]
- extra in ours: boss Ø18.00 at [-0.0, -0.0, 2.0]
- extra in ours: boss Ø19.30 at [0.0, -0.0, 2.0]

## renders

- overlay_front.png
- overlay_left.png
- overlay_top.png
- overlay_iso.png
- ours_iso.png
- ref_iso.png

report: out/refcheck/bearing-22x16x4/r1/report.md
