[live capture NOT installed: RuntimeError: cecad.livehook needs FreeCAD's geometry kernel, which this interpreter does not have (No module named 'FreeCAD').
    Run designs through bin/cad — FreeCAD's interpreter ignores PYTHONPATH and `FreeCAD -c` hangs on stdin.
    cecad.electrical and cecad.vision are kernel-free and work here.]
# refcheck part:microduck-bearing-roll vs bearing_roll.stl

**PASS** — p95 surface distance 0.00 mm <= 1.00 both ways; bbox within 0.00 mm

| | ref->ours | ours->ref |
|---|---|---|
| mean mm | 0.000 | 0.000 |
| p50 mm | 0.000 | 0.000 |
| p95 mm | 0.002 | 0.002 |
| max mm | 0.021 | 0.012 |
| within 1.0 mm | 100.0% | 100.0% |

bbox ours [23.0, 3.0, 40.0]  ref [23.0, 3.0, 40.0]  delta [0.0, 0.0, 0.0]
volume ratio ours/ref 0.9995 (closed-mesh figure, see compare.json)

## features

reference: 5 holes, 0 bosses · ours: 5 holes, 1 bosses · matched 5 · unmatched reference 0 · extra ours 1
- extra in ours: boss Ø43.62 at [17.5, -14.0, -4.5]

## renders

- overlay_front.png
- overlay_left.png
- overlay_top.png
- overlay_iso.png
- ours_iso.png
- ref_iso.png

report: out/refcheck/bearing-roll/r1/report.md
