[live capture NOT installed: RuntimeError: cecad.livehook needs FreeCAD's geometry kernel, which this interpreter does not have (No module named 'FreeCAD').
    Run designs through bin/cad — FreeCAD's interpreter ignores PYTHONPATH and `FreeCAD -c` hangs on stdin.
    cecad.electrical and cecad.vision are kernel-free and work here.]
PASS             appended to ce-parts/microduck-banana-pcb-locker/iterations/v0.0.1/evidence/ledger.jsonl
                 {"date": "2026-09-01", "kind": "sim", "summary": "refcheck vs banana_pcb_locker.stl: p95 0.01/0.01 mm, bbox delta [-0.035, -0.0, -0.026], features matched 2/2", "artifact": "evidence/refcheck/2026-09-01T14-58-11Z/report.json", "sha256": "82ffd9d3dc53f27b30c09062e22f1b4d252d9e3fd22cb655580d6b1af76798ce", "by": "ce-cad/bin/cad-refcheck", "outcome": "PASS"}
                 trust now T1 simulated — 1 ledger entry; T1 from the ledger
# refcheck part:microduck-banana-pcb-locker vs banana_pcb_locker.stl

**PASS** — p95 surface distance 0.01 mm <= 1.00 both ways; bbox within 0.04 mm

| | ref->ours | ours->ref |
|---|---|---|
| mean mm | 0.005 | 0.004 |
| p50 mm | 0.000 | 0.000 |
| p95 mm | 0.013 | 0.013 |
| max mm | 0.227 | 0.227 |
| within 1.0 mm | 100.0% | 100.0% |

bbox ours [54.015, 3.8, 6.626]  ref [54.05, 3.8, 6.652]  delta [-0.035, -0.0, -0.026]
volume ratio ours/ref 0.9962 (closed-mesh figure, see compare.json)

## features

reference: 2 holes, 0 bosses · ours: 2 holes, 0 bosses · matched 2 · unmatched reference 0 · extra ours 0

## renders

- overlay_front.png
- overlay_left.png
- overlay_top.png
- overlay_iso.png
- ours_iso.png
- ref_iso.png

report: /Users/leifrydenfalk/dev/ce-workshop/ce-designs/microduck/ce-parts/microduck-banana-pcb-locker/iterations/v0.0.1/evidence/refcheck/2026-09-01T14-58-11Z/report.md
