[live capture NOT installed: RuntimeError: cecad.livehook needs FreeCAD's geometry kernel, which this interpreter does not have (No module named 'FreeCAD').
    Run designs through bin/cad — FreeCAD's interpreter ignores PYTHONPATH and `FreeCAD -c` hangs on stdin.
    cecad.electrical and cecad.vision are kernel-free and work here.]
PASS             appended to ce-parts/microduck-hip-bracket/iterations/v0.0.1/evidence/ledger.jsonl
                 {"date": "2026-09-02", "kind": "sim", "summary": "refcheck vs hip_l.stl: p95 0.16/0.25 mm, bbox delta [-0.0, -0.0, 0.0], features matched 21/21", "artifact": "evidence/refcheck/2026-09-01T18-58-41Z/report.json", "sha256": "276652737fdc1613bd5102d550e25cd455e0d0650a22dc4477f5be4c2b99635a", "by": "ce-cad/bin/cad-refcheck", "outcome": "PASS"}
                 trust now T1 simulated — 1 ledger entry; T1 from the ledger
# refcheck part:microduck-hip-bracket vs hip_l.stl

**PASS** — p95 surface distance 0.25 mm <= 1.00 both ways; bbox within 0.00 mm

| | ref->ours | ours->ref |
|---|---|---|
| mean mm | 0.026 | 0.039 |
| p50 mm | 0.001 | 0.001 |
| p95 mm | 0.165 | 0.246 |
| max mm | 0.794 | 1.034 |
| within 1.0 mm | 100.0% | 99.9% |

bbox ours [32.45, 34.5, 19.0]  ref [32.45, 34.5, 19.0]  delta [-0.0, -0.0, 0.0]
volume ratio ours/ref 0.9933 (closed-mesh figure, see compare.json)

## features

reference: 19 holes, 2 bosses · ours: 22 holes, 2 bosses · matched 21 · unmatched reference 0 · extra ours 3
- extra in ours: hole Ø4.84 at [17.5, -22.25, -6.0]
- extra in ours: hole Ø4.84 at [11.5, -22.25, 0.0]
- extra in ours: hole Ø5.22 at [34.275, 0.0, 6.0]

## renders

- overlay_front.png
- overlay_left.png
- overlay_top.png
- overlay_iso.png
- ours_iso.png
- ref_iso.png

report: /Users/leifrydenfalk/dev/ce-workshop/ce-designs/microduck/ce-parts/microduck-hip-bracket/iterations/v0.0.1/evidence/refcheck/2026-09-01T18-58-41Z/report.md
