[live capture NOT installed: RuntimeError: cecad.livehook needs FreeCAD's geometry kernel, which this interpreter does not have (No module named 'FreeCAD').
    Run designs through bin/cad — FreeCAD's interpreter ignores PYTHONPATH and `FreeCAD -c` hangs on stdin.
    cecad.electrical and cecad.vision are kernel-free and work here.]
# refcheck part:np-f550 vs np_f970.stl

**FAIL** — p95 surface distance 0.81 mm <= 1.00 both ways; bbox within 0.11 mm; 4 reference feature(s) have no match in ours

| | ref->ours | ours->ref |
|---|---|---|
| mean mm | 0.114 | 0.089 |
| p50 mm | 0.035 | 0.033 |
| p95 mm | 0.812 | 0.604 |
| max mm | 2.096 | 2.317 |
| within 1.0 mm | 96.3% | 97.6% |

bbox ours [38.5, 20.5, 70.7]  ref [38.608, 20.576, 70.809]  delta [-0.108, -0.076, -0.109]
volume ratio ours/ref 0.9965 (closed-mesh figure, see compare.json)

## features

reference: 6 holes, 0 bosses · ours: 2 holes, 0 bosses · matched 2 · unmatched reference 4 · extra ours 0
- UNMATCHED hole Ø3.20 at [14.65, -10.201, -30.749] axis [-0.0044, 1.0, -0.0074] len 0.13
- UNMATCHED hole Ø3.20 at [-14.65, -10.201, -30.75] axis [0.0034, 1.0, 0.0] len 0.11
- UNMATCHED hole Ø3.48 at [-16.899, -7.75, -33.505] axis [0.0046, -0.0009, -1.0] len 0.11
- UNMATCHED hole Ø3.48 at [16.9, -7.75, -33.532] axis [0.0565, 0.0006, 0.9984] len 0.23

## renders

- overlay_front.png
- overlay_left.png
- overlay_top.png
- overlay_iso.png
- ours_iso.png
- ref_iso.png

report: out/refcheck/np-f550/r1/report.md
