[live capture NOT installed: RuntimeError: cecad.livehook needs FreeCAD's geometry kernel, which this interpreter does not have (No module named 'FreeCAD').
    Run designs through bin/cad — FreeCAD's interpreter ignores PYTHONPATH and `FreeCAD -c` hangs on stdin.
    cecad.electrical and cecad.vision are kernel-free and work here.]
PASS             appended to ce-parts/microduck-neck-pitch-bracket/iterations/v0.0.1/evidence/ledger.jsonl
                 {"date": "2026-09-02", "kind": "sim", "summary": "refcheck vs neck_pitch.stl: p95 0.01/0.01 mm, bbox delta [-0.0, 0.0, -0.0], features matched 21/21", "artifact": "evidence/refcheck/2026-09-01T19-38-41Z/report.json", "sha256": "be93a03660cfa8c693f4a6dc692681be476f249acd17a2b8abf3a8ccc9e40874", "by": "ce-cad/bin/cad-refcheck", "outcome": "PASS"}
                 trust now T1 simulated — 1 ledger entry; T1 from the ledger
# refcheck part:microduck-neck-pitch-bracket vs neck_pitch.stl

**PASS** — p95 surface distance 0.01 mm <= 1.00 both ways; bbox within 0.00 mm

| | ref->ours | ours->ref |
|---|---|---|
| mean mm | 0.002 | 0.002 |
| p50 mm | 0.000 | 0.000 |
| p95 mm | 0.007 | 0.007 |
| max mm | 0.338 | 0.340 |
| within 1.0 mm | 100.0% | 100.0% |

bbox ours [35.0, 18.0, 27.693]  ref [35.0, 18.0, 27.693]  delta [-0.0, 0.0, -0.0]
volume ratio ours/ref 1.0 (closed-mesh figure, see compare.json)

## features

reference: 19 holes, 2 bosses · ours: 19 holes, 2 bosses · matched 21 · unmatched reference 0 · extra ours 0

## renders

- overlay_front.png
- overlay_left.png
- overlay_top.png
- overlay_iso.png
- ours_iso.png
- ref_iso.png

report: /Users/leifrydenfalk/dev/ce-workshop/ce-designs/microduck/ce-parts/microduck-neck-pitch-bracket/iterations/v0.0.1/evidence/refcheck/2026-09-01T19-38-41Z/report.md
