[live capture NOT installed: RuntimeError: cecad.livehook needs FreeCAD's geometry kernel, which this interpreter does not have (No module named 'FreeCAD').
    Run designs through bin/cad — FreeCAD's interpreter ignores PYTHONPATH and `FreeCAD -c` hangs on stdin.
    cecad.electrical and cecad.vision are kernel-free and work here.]
PASS             appended to ce-parts/microduck-neck-plate/iterations/v0.0.1/evidence/ledger.jsonl
                 {"date": "2026-09-02", "kind": "sim", "summary": "refcheck vs neck.stl: p95 0.00/0.00 mm, bbox delta [-0.0, -0.0, 0.0], features matched 5/5", "artifact": "evidence/refcheck/2026-09-01T19-35-29Z/report.json", "sha256": "bb7b9efd58497232c9639a93a7f42df11fa65b268f1f50884a1540525600136c", "by": "ce-cad/bin/cad-refcheck", "outcome": "PASS"}
                 trust now T1 simulated — 1 ledger entry; T1 from the ledger
# refcheck part:microduck-neck-plate vs neck.stl

**PASS** — p95 surface distance 0.00 mm <= 1.00 both ways; bbox within 0.00 mm

| | ref->ours | ours->ref |
|---|---|---|
| mean mm | 0.000 | 0.000 |
| p50 mm | 0.000 | 0.000 |
| p95 mm | 0.001 | 0.001 |
| max mm | 0.004 | 0.004 |
| within 1.0 mm | 100.0% | 100.0% |

bbox ours [2.0, 20.0, 11.0]  ref [2.0, 20.0, 11.0]  delta [-0.0, -0.0, 0.0]
volume ratio ours/ref 0.9998 (closed-mesh figure, see compare.json)

## features

reference: 4 holes, 1 bosses · ours: 4 holes, 1 bosses · matched 5 · unmatched reference 0 · extra ours 0

## renders

- overlay_front.png
- overlay_left.png
- overlay_top.png
- overlay_iso.png
- ours_iso.png
- ref_iso.png

report: /Users/leifrydenfalk/dev/ce-workshop/ce-designs/microduck/ce-parts/microduck-neck-plate/iterations/v0.0.1/evidence/refcheck/2026-09-01T19-35-29Z/report.md
