[live capture NOT installed: RuntimeError: cecad.livehook needs FreeCAD's geometry kernel, which this interpreter does not have (No module named 'FreeCAD').
    Run designs through bin/cad — FreeCAD's interpreter ignores PYTHONPATH and `FreeCAD -c` hangs on stdin.
    cecad.electrical and cecad.vision are kernel-free and work here.]
PASS             appended to ce-parts/microduck-upper-leg-rigidity-plate/iterations/v0.0.1/evidence/ledger.jsonl
                 {"date": "2026-09-02", "kind": "sim", "summary": "refcheck vs upper_leg_rigidity_plate.stl: p95 0.01/0.01 mm, bbox delta [0.0, 0.003, 0.002], features matched 6/6", "artifact": "evidence/refcheck/2026-09-01T18-48-27Z/report.json", "sha256": "308de199031789694b75c0560569179d76828d8cfa4d9c90f3bcb487f7ee9309", "by": "ce-cad/bin/cad-refcheck", "outcome": "PASS"}
                 trust now T1 simulated — 1 ledger entry; T1 from the ledger
# refcheck part:microduck-upper-leg-rigidity-plate vs upper_leg_rigidity_plate.stl

**PASS** — p95 surface distance 0.01 mm <= 1.00 both ways; bbox within 0.00 mm

| | ref->ours | ours->ref |
|---|---|---|
| mean mm | 0.006 | 0.003 |
| p50 mm | 0.000 | 0.000 |
| p95 mm | 0.008 | 0.007 |
| max mm | 0.806 | 0.499 |
| within 1.0 mm | 100.0% | 100.0% |

bbox ours [1.0, 44.999, 58.06]  ref [1.0, 44.996, 58.058]  delta [0.0, 0.003, 0.002]
volume ratio ours/ref 0.9889 (closed-mesh figure, see compare.json)

## features

reference: 6 holes, 0 bosses · ours: 7 holes, 0 bosses · matched 6 · unmatched reference 0 · extra ours 1
- extra in ours: hole Ø19.12 at [43.0, -0.0, 13.611]

## renders

- overlay_front.png
- overlay_left.png
- overlay_top.png
- overlay_iso.png
- ours_iso.png
- ref_iso.png

report: /Users/leifrydenfalk/dev/ce-workshop/ce-designs/microduck/ce-parts/microduck-upper-leg-rigidity-plate/iterations/v0.0.1/evidence/refcheck/2026-09-01T18-48-27Z/report.md
