[live capture NOT installed: RuntimeError: cecad.livehook needs FreeCAD's geometry kernel, which this interpreter does not have (No module named 'FreeCAD').
    Run designs through bin/cad — FreeCAD's interpreter ignores PYTHONPATH and `FreeCAD -c` hangs on stdin.
    cecad.electrical and cecad.vision are kernel-free and work here.]
PASS             appended to ce-parts/microduck-power-support/iterations/v0.0.1/evidence/ledger.jsonl
                 {"date": "2026-09-01", "kind": "sim", "summary": "refcheck vs power_support.stl: p95 0.21/0.24 mm, bbox delta [-0.034, -0.0, -0.36], features matched 14/14", "artifact": "evidence/refcheck/2026-09-01T14-59-09Z/report.json", "sha256": "11575436a2fd826f4e9e4152ccaf20682b3a92b907c2f3c2c450a2328b0f8b21", "by": "ce-cad/bin/cad-refcheck", "outcome": "PASS"}
                 trust now T1 simulated — 1 ledger entry; T1 from the ledger
# refcheck part:microduck-power-support vs power_support.stl

**PASS** — p95 surface distance 0.24 mm <= 1.00 both ways; bbox within 0.36 mm

| | ref->ours | ours->ref |
|---|---|---|
| mean mm | 0.050 | 0.061 |
| p50 mm | 0.000 | 0.000 |
| p95 mm | 0.211 | 0.241 |
| max mm | 0.722 | 2.441 |
| within 1.0 mm | 100.0% | 99.6% |

bbox ours [54.466, 17.0, 83.13]  ref [54.5, 17.0, 83.49]  delta [-0.034, -0.0, -0.36]
volume ratio ours/ref 1.0303 (closed-mesh figure, see compare.json)

## features

reference: 12 holes, 2 bosses · ours: 14 holes, 7 bosses · matched 14 · unmatched reference 0 · extra ours 7
- extra in ours: hole Ø1.55 at [-25.0, 30.9, 53.6]
- extra in ours: hole Ø1.55 at [25.0, 30.9, 53.6]
- extra in ours: boss Ø0.80 at [0.0, 26.6, -20.06]
- extra in ours: boss Ø0.80 at [0.0, 26.6, -18.56]
- extra in ours: boss Ø0.80 at [0.0, 26.6, -17.06]
- extra in ours: boss Ø0.80 at [0.0, 26.6, -15.56]
- extra in ours: boss Ø0.80 at [0.0, 26.6, -14.06]

## renders

- overlay_front.png
- overlay_left.png
- overlay_top.png
- overlay_iso.png
- ours_iso.png
- ref_iso.png

report: /Users/leifrydenfalk/dev/ce-workshop/ce-designs/microduck/ce-parts/microduck-power-support/iterations/v0.0.1/evidence/refcheck/2026-09-01T14-59-09Z/report.md
