[live capture NOT installed: RuntimeError: cecad.livehook needs FreeCAD's geometry kernel, which this interpreter does not have (No module named 'FreeCAD').
    Run designs through bin/cad — FreeCAD's interpreter ignores PYTHONPATH and `FreeCAD -c` hangs on stdin.
    cecad.electrical and cecad.vision are kernel-free and work here.]
PASS             appended to ce-parts/radxa-zero-3w/iterations/v0.0.1/evidence/ledger.jsonl
                 {"date": "2026-09-02", "kind": "sim", "summary": "refcheck vs pcb__raspberry_pi_zero_2_w.stl: p95 0.01/0.01 mm, bbox delta [0.0, 0.0, 0.0], features matched 44/44", "artifact": "evidence/refcheck/2026-09-02T09-06-47Z/report.json", "sha256": "d1ad3997b164fb30322a96f156959247ecc546f7de488bd5cdec53d9f390463c", "by": "ce-cad/bin/cad-refcheck", "outcome": "PASS"}
                 trust now T1 simulated — 2 ledger entries; T1 from the ledger
# refcheck part:radxa-zero-3w vs pcb__raspberry_pi_zero_2_w.stl

**PASS** — p95 surface distance 0.01 mm <= 1.00 both ways; bbox within 0.00 mm

| | ref->ours | ours->ref |
|---|---|---|
| mean mm | 0.012 | 0.001 |
| p50 mm | 0.000 | 0.000 |
| p95 mm | 0.007 | 0.005 |
| max mm | 2.829 | 0.014 |
| within 1.0 mm | 99.6% | 100.0% |

bbox ours [65.0, 1.6, 30.0]  ref [65.0, 1.6, 30.0]  delta [0.0, 0.0, 0.0]
volume ratio ours/ref 1.0007 (closed-mesh figure, see compare.json)

## features

reference: 44 holes, 0 bosses · ours: 44 holes, 0 bosses · matched 44 · unmatched reference 0 · extra ours 0

## renders

- overlay_front.png
- overlay_left.png
- overlay_top.png
- overlay_iso.png
- ours_iso.png
- ref_iso.png

report: /Users/leifrydenfalk/dev/ce-workshop/ce-designs/microduck/ce-parts/radxa-zero-3w/iterations/v0.0.1/evidence/refcheck/2026-09-02T09-06-47Z/report.md
T1   simulated          part:radxa-zero-3w @ v0.0.1
     why: 2 ledger entries; T1 from the ledger
     sim/PASS                 1
     standard/PASS            1
     note: T4 not earned: no standard stated and no sourced offers
     note: T1 counts PASS sim entries; whether a sim covered the load case the part claims is CANNOT DETERMINE from the ledger alone — read the summaries
     wrote ce-parts/radxa-zero-3w/iterations/v0.0.1/trust.json
