[live capture NOT installed: RuntimeError: cecad.livehook needs FreeCAD's geometry kernel, which this interpreter does not have (No module named 'FreeCAD').
    Run designs through bin/cad — FreeCAD's interpreter ignores PYTHONPATH and `FreeCAD -c` hangs on stdin.
    cecad.electrical and cecad.vision are kernel-free and work here.]
# refcheck part:radxa-zero-3w vs pcb__raspberry_pi_zero_2_w.stl

**PASS** — p95 surface distance 0.01 mm <= 1.00 both ways; bbox within 0.00 mm

| | ref->ours | ours->ref |
|---|---|---|
| mean mm | 0.012 | 0.001 |
| p50 mm | 0.000 | 0.000 |
| p95 mm | 0.007 | 0.005 |
| max mm | 2.805 | 0.013 |
| within 1.0 mm | 99.7% | 100.0% |

bbox ours [65.0, 1.6, 30.0]  ref [65.0, 1.6, 30.0]  delta [0.0, 0.0, 0.0]
volume ratio ours/ref 1.0007 (closed-mesh figure, see compare.json)

## features

reference: 44 holes, 0 bosses · ours: 44 holes, 0 bosses · matched 44 · unmatched reference 0 · extra ours 0

## renders

- overlay_front.png
- overlay_left.png
- overlay_top.png
- overlay_iso.png
- ours_iso.png
- ref_iso.png

report: out/refcheck/radxa-zero-3w/r2/report.md
