[live capture NOT installed: RuntimeError: cecad.livehook needs FreeCAD's geometry kernel, which this interpreter does not have (No module named 'FreeCAD').
    Run designs through bin/cad — FreeCAD's interpreter ignores PYTHONPATH and `FreeCAD -c` hangs on stdin.
    cecad.electrical and cecad.vision are kernel-free and work here.]
PASS             appended to ce-parts/microduck-speaker/iterations/v0.0.1/evidence/ledger.jsonl
                 {"date": "2026-09-02", "kind": "sim", "summary": "refcheck vs speaker.stl: p95 0.00/0.00 mm, bbox delta [-0.0, -0.0, -0.0], features matched 0/0", "artifact": "evidence/refcheck/2026-09-02T09-11-28Z/report.json", "sha256": "ba44ef1ae37d152ca4896ce236273c07adf36e0d42a619f9ca97aaacf79e7163", "by": "ce-cad/bin/cad-refcheck", "outcome": "PASS"}
                 trust now T1 simulated — 1 ledger entry; T1 from the ledger
# refcheck part:microduck-speaker vs speaker.stl

**PASS** — p95 surface distance 0.00 mm <= 1.00 both ways; bbox within 0.00 mm

| | ref->ours | ours->ref |
|---|---|---|
| mean mm | 0.000 | 0.000 |
| p50 mm | 0.000 | 0.000 |
| p95 mm | 0.000 | 0.000 |
| max mm | 0.000 | 0.000 |
| within 1.0 mm | 100.0% | 100.0% |

bbox ours [35.0, 25.0, 7.0]  ref [35.0, 25.0, 7.0]  delta [-0.0, -0.0, -0.0]
volume ratio ours/ref 1.0 (closed-mesh figure, see compare.json)

## features

reference: 0 holes, 0 bosses · ours: 0 holes, 0 bosses · matched 0 · unmatched reference 0 · extra ours 0

## renders

- overlay_front.png
- overlay_left.png
- overlay_top.png
- overlay_iso.png
- ours_iso.png
- ref_iso.png

report: /Users/leifrydenfalk/dev/ce-workshop/ce-designs/microduck/ce-parts/microduck-speaker/iterations/v0.0.1/evidence/refcheck/2026-09-02T09-11-28Z/report.md
