[live capture NOT installed: RuntimeError: cecad.livehook needs FreeCAD's geometry kernel, which this interpreter does not have (No module named 'FreeCAD').
    Run designs through bin/cad — FreeCAD's interpreter ignores PYTHONPATH and `FreeCAD -c` hangs on stdin.
    cecad.electrical and cecad.vision are kernel-free and work here.]
# refcheck part:microduck-trunk-base vs trunk_base.stl

**PASS** — p95 surface distance 0.00 mm <= 1.00 both ways; bbox within 0.00 mm

| | ref->ours | ours->ref |
|---|---|---|
| mean mm | 0.000 | 0.000 |
| p50 mm | 0.000 | 0.000 |
| p95 mm | 0.001 | 0.001 |
| max mm | 0.009 | 0.009 |
| within 1.0 mm | 100.0% | 100.0% |

bbox ours [57.0, 36.0, 3.0]  ref [57.0, 36.0, 3.0]  delta [-0.0, -0.0, -0.0]
volume ratio ours/ref 0.9996 (closed-mesh figure, see compare.json)

## features

reference: 6 holes, 0 bosses · ours: 6 holes, 0 bosses · matched 6 · unmatched reference 0 · extra ours 0

## renders

- overlay_front.png
- overlay_left.png
- overlay_top.png
- overlay_iso.png
- ours_iso.png
- ref_iso.png

report: /Users/leifrydenfalk/dev/ce-workshop/ce-designs/microduck/out/refcheck/microduck-trunk-base/verify/report.md
