[live capture NOT installed: RuntimeError: cecad.livehook needs FreeCAD's geometry kernel, which this interpreter does not have (No module named 'FreeCAD').
    Run designs through bin/cad — FreeCAD's interpreter ignores PYTHONPATH and `FreeCAD -c` hangs on stdin.
    cecad.electrical and cecad.vision are kernel-free and work here.]
PASS             appended to ce-parts/xl330-m288-t/iterations/v0.0.1/evidence/ledger.jsonl
                 {"date": "2026-09-02", "kind": "sim", "summary": "refcheck vs xl330.stl: p95 0.05/0.01 mm, bbox delta [0.0, 0.0, 0.0], features matched 14/14", "artifact": "evidence/refcheck/2026-09-02T08-55-47Z/report.json", "sha256": "18faf2de76178f4d1e64c79a9ff651314785cc6567f6891f7d10e78956a6ac34", "by": "ce-cad/bin/cad-refcheck", "outcome": "PASS"}
                 trust now T1 simulated — 3 ledger entries; T1 from the ledger
# refcheck part:xl330-m288-t vs xl330.stl

**PASS** — p95 surface distance 0.05 mm <= 1.00 both ways; bbox within 0.00 mm

| | ref->ours | ours->ref |
|---|---|---|
| mean mm | 0.023 | 0.019 |
| p50 mm | 0.000 | 0.000 |
| p95 mm | 0.050 | 0.015 |
| max mm | 0.990 | 0.990 |
| within 1.0 mm | 100.0% | 100.0% |

bbox ours [29.0, 20.0, 34.0]  ref [29.0, 20.0, 34.0]  delta [0.0, 0.0, 0.0]
volume ratio ours/ref 1.006 (closed-mesh figure, see compare.json)

## features

reference: 12 holes, 2 bosses · ours: 12 holes, 2 bosses · matched 14 · unmatched reference 0 · extra ours 0

## renders

- overlay_front.png
- overlay_left.png
- overlay_top.png
- overlay_iso.png
- ours_iso.png
- ref_iso.png

report: /Users/leifrydenfalk/dev/ce-workshop/ce-designs/microduck/ce-parts/xl330-m288-t/iterations/v0.0.1/evidence/refcheck/2026-09-02T08-55-47Z/report.md
