[live capture NOT installed: RuntimeError: cecad.livehook needs FreeCAD's geometry kernel, which this interpreter does not have (No module named 'FreeCAD').
    Run designs through bin/cad — FreeCAD's interpreter ignores PYTHONPATH and `FreeCAD -c` hangs on stdin.
    cecad.electrical and cecad.vision are kernel-free and work here.]
PASS             appended to ce-parts/microduck-yaw2roll/iterations/v0.0.1/evidence/ledger.jsonl
                 {"date": "2026-09-02", "kind": "sim", "summary": "refcheck vs yaw2roll.stl: p95 0.05/0.05 mm, bbox delta [0.0, 0.0, 0.0], features matched 19/19", "artifact": "evidence/refcheck/2026-09-01T16-15-15Z/report.json", "sha256": "bdfdcf5c8312b2119a91513c782a3018f6291fb56041c4e2ab98672d6117f981", "by": "ce-cad/bin/cad-refcheck", "outcome": "PASS"}
                 trust now T1 simulated — 1 ledger entry; T1 from the ledger
# refcheck part:microduck-yaw2roll vs yaw2roll.stl

**PASS** — p95 surface distance 0.05 mm <= 1.00 both ways; bbox within 0.00 mm

| | ref->ours | ours->ref |
|---|---|---|
| mean mm | 0.020 | 0.025 |
| p50 mm | 0.000 | 0.000 |
| p95 mm | 0.050 | 0.050 |
| max mm | 1.220 | 1.465 |
| within 1.0 mm | 99.9% | 99.8% |

bbox ours [23.0, 25.8, 20.5]  ref [23.0, 25.8, 20.5]  delta [0.0, 0.0, 0.0]
volume ratio ours/ref 1.0055 (closed-mesh figure, see compare.json)

## features

reference: 16 holes, 3 bosses · ours: 16 holes, 3 bosses · matched 19 · unmatched reference 0 · extra ours 0

## renders

- overlay_front.png
- overlay_left.png
- overlay_top.png
- overlay_iso.png
- ours_iso.png
- ref_iso.png

report: /Users/leifrydenfalk/dev/ce-workshop/ce-designs/microduck/ce-parts/microduck-yaw2roll/iterations/v0.0.1/evidence/refcheck/2026-09-01T16-15-15Z/report.md
