[live capture NOT installed: RuntimeError: cecad.livehook needs FreeCAD's geometry kernel, which this interpreter does not have (No module named 'FreeCAD').
    Run designs through bin/cad — FreeCAD's interpreter ignores PYTHONPATH and `FreeCAD -c` hangs on stdin.
    cecad.electrical and cecad.vision are kernel-free and work here.]
PASS             appended to ce-parts/microduck-yaw-roll-motion/iterations/v0.0.1/evidence/ledger.jsonl
                 {"date": "2026-09-02", "kind": "sim", "summary": "refcheck vs yaw_roll_motion.stl: p95 0.38/0.90 mm, bbox delta [0.0, -0.01, 0.034], features matched 6/6", "artifact": "evidence/refcheck/2026-09-01T19-39-39Z/report.json", "sha256": "f73204a72356ff777edabf8b72c919f3b712270e1f433fc0230200083d082474", "by": "ce-cad/bin/cad-refcheck", "outcome": "PASS"}
                 trust now T1 simulated — 1 ledger entry; T1 from the ledger
# refcheck part:microduck-yaw-roll-motion vs yaw_roll_motion.stl

**PASS** — p95 surface distance 0.90 mm <= 1.00 both ways; bbox within 0.03 mm

| | ref->ours | ours->ref |
|---|---|---|
| mean mm | 0.059 | 0.103 |
| p50 mm | 0.017 | 0.017 |
| p95 mm | 0.385 | 0.905 |
| max mm | 2.042 | 2.605 |
| within 1.0 mm | 99.6% | 97.6% |

bbox ours [34.0, 35.89, 22.5]  ref [34.0, 35.9, 22.466]  delta [0.0, -0.01, 0.034]
volume ratio ours/ref 1.0151 (closed-mesh figure, see compare.json)

## features

reference: 5 holes, 1 bosses · ours: 16 holes, 3 bosses · matched 6 · unmatched reference 0 · extra ours 13
- extra in ours: hole Ø2.20 at [-6.0, 16.245, 4.5]
- extra in ours: hole Ø2.20 at [0.0, 16.245, 10.5]
- extra in ours: hole Ø2.20 at [6.0, 16.245, 4.5]
- extra in ours: hole Ø2.50 at [-22.5, -8.0, 17.0]
- extra in ours: hole Ø2.50 at [-22.5, 8.0, 17.0]
- extra in ours: hole Ø2.50 at [7.5, 8.0, 16.75]
- extra in ours: hole Ø4.40 at [-6.0, 13.3, 4.5]
- extra in ours: hole Ø4.40 at [0.0, 13.3, 10.5]
- extra in ours: hole Ø4.40 at [6.0, 13.3, 4.5]
- extra in ours: hole Ø4.60 at [7.5, 8.0, 17.75]
- extra in ours: hole Ø4.60 at [7.5, -8.0, 17.75]
- extra in ours: boss Ø16.00 at [0.0, 16.945, 4.5]
- extra in ours: boss Ø18.14 at [0.057, 14.0, 4.6]

## renders

- overlay_front.png
- overlay_left.png
- overlay_top.png
- overlay_iso.png
- ours_iso.png
- ref_iso.png

report: /Users/leifrydenfalk/dev/ce-workshop/ce-designs/microduck/ce-parts/microduck-yaw-roll-motion/iterations/v0.0.1/evidence/refcheck/2026-09-01T19-39-39Z/report.md
