cad: proceeding at 7 concurrent freecadcmd (cap 4, waited 16s, 1-min load 51.44; CAD_MAX_JOBS overrides)
==============================================================================
stress_all — FEA with MuJoCo-measured loads
==============================================================================
=== microduck-ankle-left / walk  |F|=22.0262 N  F=[-5.943, -3.967, 20.835]



  /Users/leifrydenfalk/dev/ce-workshop/ce-designs/microduck/out/sim-evidence/fea/microduck-ankle-left_walk.png
  surface: 37784 tris over 18880 nodes, peak 1.2476 MPa (report 1.2476), colorbar 0..1.2 MPa
  png: 200280 bytes, 1240x840, 21388 distinct colors, fg 20.66%
  -> PASS  fea_microduck-ankle-left_walk  SF=40.077692307332136  vM=1.247576821953209 MPa  disp=0.006633592417638274 mm  (312.3 s)
=== microduck-ankle-left / drop  |F|=123.0436 N  F=[-51.101, 5.549, 111.82]


  /Users/leifrydenfalk/dev/ce-workshop/ce-designs/microduck/out/sim-evidence/fea/microduck-ankle-left_drop.png
  surface: 37784 tris over 18880 nodes, peak 6.2285 MPa (report 6.2285), colorbar 0..6.2 MPa
  png: 201108 bytes, 1240x840, 22663 distinct colors, fg 20.66%
  -> PASS  fea_microduck-ankle-left_drop  SF=8.027608766930541  vM=6.228504832718466 MPa  disp=0.024221664770615995 mm  (169.6 s)
skip (exists) fea_microduck-shin_walk
=== microduck-shin / drop  |F|=118.8160 N  F=[-49.975, -42.498, 99.114]


  /Users/leifrydenfalk/dev/ce-workshop/ce-designs/microduck/out/sim-evidence/fea/microduck-shin_drop.png
  surface: 27576 tris over 13772 nodes, peak 100.9728 MPa (report 100.9728), colorbar 0..101.0 MPa
  png: 164099 bytes, 1240x840, 16211 distinct colors, fg 16.29%
  -> FAIL  fea_microduck-shin_drop  SF=0.4951828397145468  vM=100.97280436620746 MPa  disp=5.226680277653589 mm  (110.9 s)
=== microduck-upper-leg-left / walk  |F|=19.0636 N  F=[-6.042, -15.954, -8.507]
  -> CANNOT DETERMINE  fea_microduck-upper-leg-left_walk  SF=None  vM=None MPa  disp=None mm  (None s)
     why: no tetrahedral mesh exists for this solid — see out/sim-evidence/fea_meshability_microduck-upper-leg-left.json
=== microduck-upper-leg-left / drop  |F|=109.4988 N  F=[-46.67, -90.352, -40.755]
  -> CANNOT DETERMINE  fea_microduck-upper-leg-left_drop  SF=None  vM=None MPa  disp=None mm  (None s)
     why: no tetrahedral mesh exists for this solid — see out/sim-evidence/fea_meshability_microduck-upper-leg-left.json
=== microduck-hip-bracket / walk  |F|=18.8405 N  F=[-6.018, -1.189, 17.814]


  /Users/leifrydenfalk/dev/ce-workshop/ce-designs/microduck/out/sim-evidence/fea/microduck-hip-bracket_walk.png
  surface: 27776 tris over 13874 nodes, peak 13.2056 MPa (report 13.2056), colorbar 0..13.2 MPa
  png: 194130 bytes, 1240x840, 16966 distinct colors, fg 22.34%
  -> PASS  fea_microduck-hip-bracket_walk  SF=3.786261166840919  vM=13.205639494149763 MPa  disp=0.2739656267917747 mm  (126.2 s)
=== microduck-hip-bracket / drop  |F|=108.3970 N  F=[-46.281, 3.246, 98.033]


  /Users/leifrydenfalk/dev/ce-workshop/ce-designs/microduck/out/sim-evidence/fea/microduck-hip-bracket_drop.png
  surface: 27776 tris over 13874 nodes, peak 79.2049 MPa (report 79.2049), colorbar 0..79.2 MPa
  png: 192028 bytes, 1240x840, 16981 distinct colors, fg 22.33%
  -> FAIL  fea_microduck-hip-bracket_drop  SF=0.6312737089714687  vM=79.20494595199405 MPa  disp=1.7741880324320194 mm  (173.3 s)
=== microduck-yaw2roll / walk  |F|=18.0919 N  F=[-3.826, -1.196, 17.642]


  /Users/leifrydenfalk/dev/ce-workshop/ce-designs/microduck/out/sim-evidence/fea/microduck-yaw2roll_walk.png
  surface: 22384 tris over 11176 nodes, peak 4.1191 MPa (report 4.1191), colorbar 0..4.1 MPa
  png: 148310 bytes, 1240x840, 8435 distinct colors, fg 20.01%
  -> PASS  fea_microduck-yaw2roll_walk  SF=12.138619013190636  vM=4.119084711833088 MPa  disp=0.019700500345140984 mm  (149.1 s)
=== microduck-yaw2roll / drop  |F|=104.3481 N  F=[-36.404, 2.828, 97.823]


  /Users/leifrydenfalk/dev/ce-workshop/ce-designs/microduck/out/sim-evidence/fea/microduck-yaw2roll_drop.png
  surface: 22384 tris over 11176 nodes, peak 28.3136 MPa (report 28.3136), colorbar 0..28.3 MPa
  png: 145743 bytes, 1240x840, 7114 distinct colors, fg 20.00%
  -> FAIL  fea_microduck-yaw2roll_drop  SF=1.7659328207625893  vM=28.313647842168944 MPa  disp=0.14993969244166136 mm  (111.5 s)
=== microduck-upper-leg-rigidity-plate / walk  |F|=19.0636 N  F=[-6.042, -15.954, -8.507]


  /Users/leifrydenfalk/dev/ce-workshop/ce-designs/microduck/out/sim-evidence/fea/microduck-upper-leg-rigidity-plate_walk.png
  surface: 44352 tris over 22160 nodes, peak 48.1929 MPa (report 48.1929), colorbar 0..48.2 MPa
  png: 113112 bytes, 1240x840, 8590 distinct colors, fg 11.94%
  -> FAIL  fea_microduck-upper-leg-rigidity-plate_walk  SF=1.0374963172871878  vM=48.19294215013543 MPa  disp=2.6594860796929862 mm  (121.3 s)
=== microduck-upper-leg-rigidity-plate / drop  |F|=109.4988 N  F=[-46.67, -90.352, -40.755]


  /Users/leifrydenfalk/dev/ce-workshop/ce-designs/microduck/out/sim-evidence/fea/microduck-upper-leg-rigidity-plate_drop.png
  surface: 44352 tris over 22160 nodes, peak 368.1118 MPa (report 368.1118), colorbar 0..368.1 MPa
  png: 112874 bytes, 1240x840, 8620 distinct colors, fg 11.95%
  -> FAIL  fea_microduck-upper-leg-rigidity-plate_drop  SF=0.13582828525069893  vM=368.11183994346067 MPa  disp=20.541167901029993 mm  (129.8 s)
=== microduck-foot-left / walk  |F|=23.1162 N  F=[5.46, 4.018, -22.237]


  /Users/leifrydenfalk/dev/ce-workshop/ce-designs/microduck/out/sim-evidence/fea/microduck-foot-left_walk.png
  surface: 114232 tris over 57076 nodes, peak 6.2542 MPa (report 6.2542), colorbar 0..6.3 MPa
  png: 73510 bytes, 1240x840, 3218 distinct colors, fg 19.39%
  -> PASS  fea_microduck-foot-left_walk  SF=7.994639928881869  vM=6.254190363141596 MPa  disp=0.0022671612538979224 mm  (308.7 s)
=== microduck-foot-left / drop  |F|=127.3483 N  F=[52.366, -5.496, -117.809]


  /Users/leifrydenfalk/dev/ce-workshop/ce-designs/microduck/out/sim-evidence/fea/microduck-foot-left_drop.png
  surface: 114232 tris over 57076 nodes, peak 46.0350 MPa (report 46.0350), colorbar 0..46.0 MPa
  png: 70513 bytes, 1240x840, 3013 distinct colors, fg 19.39%
  -> FAIL  fea_microduck-foot-left_drop  SF=1.0861295247357787  vM=46.03502516162926 MPa  disp=0.014303052522346968 mm  (450.6 s)
=== microduck-sole-left / walk  |F|=23.1162 N  F=[5.46, 4.018, -22.237]


  /Users/leifrydenfalk/dev/ce-workshop/ce-designs/microduck/out/sim-evidence/fea/microduck-sole-left_walk.png
  surface: 71000 tris over 35502 nodes, peak 0.0307 MPa (report 0.0307), colorbar 0..0.0 MPa
  png: 141850 bytes, 1240x840, 11205 distinct colors, fg 18.97%
  -> PASS  fea_microduck-sole-left_walk  SF=815.4518729821586  vM=0.03065784852338794 MPa  disp=0.010804525949100266 mm  (243.4 s)
=== microduck-sole-left / drop  |F|=127.3483 N  F=[52.366, -5.496, -117.809]


  /Users/leifrydenfalk/dev/ce-workshop/ce-designs/microduck/out/sim-evidence/fea/microduck-sole-left_drop.png
  surface: 71000 tris over 35502 nodes, peak 0.1894 MPa (report 0.1894), colorbar 0..0.2 MPa
  png: 132785 bytes, 1240x840, 9739 distinct colors, fg 18.96%
  -> PASS  fea_microduck-sole-left_drop  SF=131.97113742613845  vM=0.1894353605461042 MPa  disp=0.08694286080005706 mm  (244.8 s)
=== microduck-trunk-base / walk  |F|=3.1159 N  F=[-1.031, 0.455, -2.905]


  /Users/leifrydenfalk/dev/ce-workshop/ce-designs/microduck/out/sim-evidence/fea/microduck-trunk-base_walk.png
  surface: 44848 tris over 22412 nodes, peak 31.0687 MPa (report 31.0687), colorbar 0..31.1 MPa
  png: 116973 bytes, 1240x840, 10522 distinct colors, fg 12.23%
  -> FAIL  fea_microduck-trunk-base_walk  SF=1.6093343879884052  vM=31.068745173896225 MPa  disp=4.729462976531228 mm  (94.7 s)
=== microduck-trunk-base / drop  |F|=19.9001 N  F=[4.414, -0.852, -19.386]


  /Users/leifrydenfalk/dev/ce-workshop/ce-designs/microduck/out/sim-evidence/fea/microduck-trunk-base_drop.png
  surface: 44848 tris over 22412 nodes, peak 206.3804 MPa (report 206.3804), colorbar 0..206.4 MPa
  png: 118132 bytes, 1240x840, 10507 distinct colors, fg 12.26%
  -> FAIL  fea_microduck-trunk-base_drop  SF=0.24227110834186555  vM=206.38036595533984 MPa  disp=31.56349933319638 mm  (117.4 s)
=== microduck-neck-plate / walk  |F|=4.6528 N  F=[1.964, 1.498, -3.943]


  -> CANNOT DETERMINE  fea_microduck-neck-plate_walk  SF=None  vM=None MPa  disp=None mm  (12.5 s)
     why: no mesh solved: every node of the patch at ['servo_b_case'] is also held by ['servo_a_case'] — the load would vanish into the support
=== microduck-neck-plate / drop  |F|=24.4404 N  F=[9.791, 7.622, -20.988]


  -> CANNOT DETERMINE  fea_microduck-neck-plate_drop  SF=None  vM=None MPa  disp=None mm  (18.5 s)
     why: no mesh solved: every node of the patch at ['servo_b_case'] is also held by ['servo_a_case'] — the load would vanish into the support
=== microduck-neck-plate / head_drop  |F|=31.6040 N  F=[-0.005, 11.636, -24.989]


  -> CANNOT DETERMINE  fea_microduck-neck-plate_head_drop  SF=None  vM=None MPa  disp=None mm  (8.8 s)
     why: no mesh solved: every node of the patch at ['servo_b_case'] is also held by ['servo_a_case'] — the load would vanish into the support
=== microduck-neck-pitch-bracket / walk  |F|=8.1571 N  F=[3.622, -0.381, -7.299]


  /Users/leifrydenfalk/dev/ce-workshop/ce-designs/microduck/out/sim-evidence/fea/microduck-neck-pitch-bracket_walk.png
  surface: 25072 tris over 12508 nodes, peak 1.1622 MPa (report 1.1622), colorbar 0..1.2 MPa
  png: 290123 bytes, 1240x840, 37777 distinct colors, fg 32.47%
  -> PASS  fea_microduck-neck-pitch-bracket_walk  SF=43.02288627516885  vM=1.1621721443839548 MPa  disp=0.0056952159839275636 mm  (80.8 s)
=== microduck-neck-pitch-bracket / drop  |F|=42.5028 N  F=[17.308, 0.176, -38.704]


  /Users/leifrydenfalk/dev/ce-workshop/ce-designs/microduck/out/sim-evidence/fea/microduck-neck-pitch-bracket_drop.png
  surface: 25072 tris over 12508 nodes, peak 5.8662 MPa (report 5.8662), colorbar 0..5.9 MPa
  png: 289668 bytes, 1240x840, 38681 distinct colors, fg 32.47%
  -> PASS  fea_microduck-neck-pitch-bracket_drop  SF=8.523464013221236  vM=5.866159571090124 MPa  disp=0.029258497608304648 mm  (77.7 s)
=== microduck-neck-pitch-bracket / head_drop  |F|=68.6158 N  F=[-0.003, -0.919, -60.391]


  /Users/leifrydenfalk/dev/ce-workshop/ce-designs/microduck/out/sim-evidence/fea/microduck-neck-pitch-bracket_head_drop.png
  surface: 25072 tris over 12508 nodes, peak 9.0186 MPa (report 9.0186), colorbar 0..9.0 MPa
  png: 282746 bytes, 1240x840, 31343 distinct colors, fg 32.50%
  -> PASS  fea_microduck-neck-pitch-bracket_head_drop  SF=5.54409047680822  vM=9.018611837082684 MPa  disp=0.03701625940984231 mm  (94.8 s)
=== microduck-yaw-roll-motion / walk  |F|=7.9689 N  F=[3.491, -0.731, -7.126]


  /Users/leifrydenfalk/dev/ce-workshop/ce-designs/microduck/out/sim-evidence/fea/microduck-yaw-roll-motion_walk.png
  surface: 29496 tris over 14728 nodes, peak 1.2064 MPa (report 1.2064), colorbar 0..1.2 MPa
  png: 226944 bytes, 1240x840, 19138 distinct colors, fg 27.96%
  -> PASS  fea_microduck-yaw-roll-motion_walk  SF=41.444976884955416  vM=1.2064188173826698 MPa  disp=0.015753929234448148 mm  (80.2 s)
=== microduck-yaw-roll-motion / drop  |F|=41.4935 N  F=[16.906, 0.198, -37.781]


  /Users/leifrydenfalk/dev/ce-workshop/ce-designs/microduck/out/sim-evidence/fea/microduck-yaw-roll-motion_drop.png
  surface: 29496 tris over 14728 nodes, peak 9.0672 MPa (report 9.0672), colorbar 0..9.1 MPa
  png: 216399 bytes, 1240x840, 15962 distinct colors, fg 27.95%
  -> PASS  fea_microduck-yaw-roll-motion_drop  SF=5.514393935968555  vM=9.067179563263815 MPa  disp=0.1251422890505939 mm  (62.9 s)
=== microduck-yaw-roll-motion / head_drop  |F|=69.4526 N  F=[-0.001, -1.092, -61.218]


  /Users/leifrydenfalk/dev/ce-workshop/ce-designs/microduck/out/sim-evidence/fea/microduck-yaw-roll-motion_head_drop.png
  surface: 29496 tris over 14728 nodes, peak 12.6519 MPa (report 12.6519), colorbar 0..12.7 MPa
  png: 218578 bytes, 1240x840, 17077 distinct colors, fg 27.98%
  -> PASS  fea_microduck-yaw-roll-motion_head_drop  SF=3.951984157268462  vM=12.651872581027519 MPa  disp=0.18906831801253915 mm  (52.0 s)
=== microduck-motor-support / walk  |F|=6.3418 N  F=[2.741, -0.598, -5.688]


  /Users/leifrydenfalk/dev/ce-workshop/ce-designs/microduck/out/sim-evidence/fea/microduck-motor-support_walk.png
  surface: 78672 tris over 39317 nodes, peak 35.4269 MPa (report 35.4269), colorbar 0..35.4 MPa
  png: 145947 bytes, 1240x840, 5335 distinct colors, fg 21.63%
  -> FAIL  fea_microduck-motor-support_walk  SF=1.4113580564313712  vM=35.426871141704005 MPa  disp=1.3034475418201532 mm  (149.6 s)
=== microduck-motor-support / drop  |F|=32.8599 N  F=[13.271, 0.094, -29.98]


  /Users/leifrydenfalk/dev/ce-workshop/ce-designs/microduck/out/sim-evidence/fea/microduck-motor-support_drop.png
  surface: 78672 tris over 39317 nodes, peak 182.8910 MPa (report 182.8910), colorbar 0..182.9 MPa
  png: 146694 bytes, 1240x840, 5687 distinct colors, fg 21.64%
  -> FAIL  fea_microduck-motor-support_drop  SF=0.2733868092685975  vM=182.89104779329688 MPa  disp=7.11292003526681 mm  (139.6 s)
=== microduck-motor-support / head_drop  |F|=75.8051 N  F=[-0.041, -2.099, -68.368]


  /Users/leifrydenfalk/dev/ce-workshop/ce-designs/microduck/out/sim-evidence/fea/microduck-motor-support_head_drop.png
  surface: 78672 tris over 39317 nodes, peak 329.8984 MPa (report 329.8984), colorbar 0..329.9 MPa
  png: 155852 bytes, 1240x840, 7261 distinct colors, fg 21.67%
  -> FAIL  fea_microduck-motor-support_head_drop  SF=0.1515617989408206  vM=329.8984331765763 MPa  disp=16.27740460926729 mm  (135.2 s)
=== microduck-power-support / walk  |F|=4.1319 N  F=[0.04, 0.065, -4.131]




















  /Users/leifrydenfalk/dev/ce-workshop/ce-designs/microduck/out/sim-evidence/fea/microduck-power-support_walk.png
  surface: 164480 tris over 82218 nodes, peak 6.7727 MPa (report 6.7727), colorbar 0..6.8 MPa
  png: 108890 bytes, 1240x840, 5601 distinct colors, fg 17.27%
  -> PASS  fea_microduck-power-support_walk  SF=7.382551701940571  vM=6.772726019224091 MPa  disp=0.2645849957728488 mm  (1162.6 s)
=== microduck-power-support / drop  |F|=18.4680 N  F=[0.179, 0.289, -18.465]




















  /Users/leifrydenfalk/dev/ce-workshop/ce-designs/microduck/out/sim-evidence/fea/microduck-power-support_drop.png
  surface: 164480 tris over 82218 nodes, peak 30.2719 MPa (report 30.2719), colorbar 0..30.3 MPa
  png: 107936 bytes, 1240x840, 5554 distinct colors, fg 17.26%
  -> FAIL  fea_microduck-power-support_drop  SF=1.6516973263377936  vM=30.27189013550195 MPa  disp=1.182610705439047 mm  (875.2 s)
=== convergence ankle/drop size None


  /Users/leifrydenfalk/dev/ce-workshop/ce-designs/microduck/out/sim-evidence/fea/microduck-ankle-left_drop_hauto.png
  surface: 37784 tris over 18880 nodes, peak 6.2285 MPa (report 6.2285), colorbar 0..6.2 MPa
  png: 201108 bytes, 1240x840, 22663 distinct colors, fg 20.66%
    size None -> SF 8.027608766930541 vM 6.228504832718466
=== convergence ankle/drop size 1.5


  /Users/leifrydenfalk/dev/ce-workshop/ce-designs/microduck/out/sim-evidence/fea/microduck-ankle-left_drop_h1.5.png
  surface: 37784 tris over 18880 nodes, peak 6.2285 MPa (report 6.2285), colorbar 0..6.2 MPa
  png: 201108 bytes, 1240x840, 22663 distinct colors, fg 20.66%
    size 1.5 -> SF 8.027608766930541 vM 6.228504832718466
=== convergence ankle/drop size 1.0


  /Users/leifrydenfalk/dev/ce-workshop/ce-designs/microduck/out/sim-evidence/fea/microduck-ankle-left_drop_h1.0.png
  surface: 67784 tris over 33880 nodes, peak 6.3664 MPa (report 6.3664), colorbar 0..6.4 MPa
  png: 206375 bytes, 1240x840, 20372 distinct colors, fg 20.66%
    size 1.0 -> SF 7.853793762820273 vM 6.366350009940311
=== convergence ankle/drop size 0.7


    size 0.7 -> SF None vM None
  -> convergence PASS peak von Mises moved 2.17 % between the two finest meshes (< 10 %); deflection moved 6.49 %
=== material sweep ankle/drop


  -> PASS 8 of 8 candidates reach SF 2 on the measured drop load: PLA, PETG, ABS, ASA, NYLON, PCTG, PA6CF, AL6061
DONE
