cad: proceeding at 7 concurrent freecadcmd (cap 4, waited 16s, 1-min load 35.06; CAD_MAX_JOBS overrides)
==============================================================================
stress_all — FEA with MuJoCo-measured loads
==============================================================================
=== microduck-shin / walk  |F|=21.1476 N  F=[-6.157, -12.207, 16.134]



  /Users/leifrydenfalk/dev/ce-workshop/ce-designs/microduck/out/sim-evidence/fea/microduck-shin_walk.png
  surface: 27576 tris over 13772 nodes, peak 13.9226 MPa (report 13.9226), colorbar 0..13.9 MPa
  png: 169772 bytes, 1240x840, 17115 distinct colors, fg 16.29%
  -> PASS  fea_microduck-shin_walk  SF=3.591285891242847  vM=13.922589711368357 MPa  disp=0.692704381405149 mm  (117.5 s)
=== microduck-shin / drop  |F|=118.8160 N  F=[-49.975, -42.498, 99.114]


  /Users/leifrydenfalk/dev/ce-workshop/ce-designs/microduck/out/sim-evidence/fea/microduck-shin_drop.png
  surface: 27576 tris over 13772 nodes, peak 100.9728 MPa (report 100.9728), colorbar 0..101.0 MPa
  png: 164099 bytes, 1240x840, 16211 distinct colors, fg 16.29%
  -> FAIL  fea_microduck-shin_drop  SF=0.4951828397145468  vM=100.97280436620746 MPa  disp=5.226680277653589 mm  (114.3 s)
=== microduck-trunk-base / walk  |F|=18.0919 N  F=[-3.745, -1.432, 17.642]


  /Users/leifrydenfalk/dev/ce-workshop/ce-designs/microduck/out/sim-evidence/fea/microduck-trunk-base_walk.png
  surface: 44848 tris over 22412 nodes, peak 145.3570 MPa (report 145.3570), colorbar 0..145.4 MPa
  png: 127902 bytes, 1240x840, 10687 distinct colors, fg 12.28%
  -> FAIL  fea_microduck-trunk-base_walk  SF=0.34398075515424403  vM=145.3569691059593 MPa  disp=16.15330012860241 mm  (74.2 s)
=== microduck-trunk-base / drop  |F|=104.3481 N  F=[-36.404, 2.828, 97.823]


  /Users/leifrydenfalk/dev/ce-workshop/ce-designs/microduck/out/sim-evidence/fea/microduck-trunk-base_drop.png
  surface: 44848 tris over 22412 nodes, peak 806.3274 MPa (report 806.3274), colorbar 0..806.3 MPa
  png: 128868 bytes, 1240x840, 10680 distinct colors, fg 12.29%
  -> FAIL  fea_microduck-trunk-base_drop  SF=0.062009550344654704  vM=806.3274079895027 MPa  disp=89.56641574260642 mm  (125.7 s)
=== microduck-neck-plate / walk  |F|=4.6528 N  F=[1.964, 1.498, -3.943]


  /Users/leifrydenfalk/dev/ce-workshop/ce-designs/microduck/out/sim-evidence/fea/microduck-neck-plate_walk.png
  surface: 12496 tris over 6242 nodes, peak 7.9060 MPa (report 7.9060), colorbar 0..7.9 MPa
  png: 211833 bytes, 1240x840, 22678 distinct colors, fg 31.59%
  -> PASS  fea_microduck-neck-plate_walk  SF=6.324314842865772  vM=7.9059947586896575 MPa  disp=0.1084023485245592 mm  (49.7 s)
=== microduck-neck-plate / drop  |F|=24.4404 N  F=[9.791, 7.622, -20.988]


  /Users/leifrydenfalk/dev/ce-workshop/ce-designs/microduck/out/sim-evidence/fea/microduck-neck-plate_drop.png
  surface: 12496 tris over 6242 nodes, peak 39.8868 MPa (report 39.8868), colorbar 0..39.9 MPa
  png: 211634 bytes, 1240x840, 22830 distinct colors, fg 31.59%
  -> FAIL  fea_microduck-neck-plate_drop  SF=1.2535463751507119  vM=39.88683704979689 MPa  disp=0.5409246206859603 mm  (31.0 s)
=== microduck-neck-plate / head_drop  |F|=31.6040 N  F=[-0.005, 11.636, -24.989]


  /Users/leifrydenfalk/dev/ce-workshop/ce-designs/microduck/out/sim-evidence/fea/microduck-neck-plate_head_drop.png
  surface: 12496 tris over 6242 nodes, peak 17.5457 MPa (report 17.5457), colorbar 0..17.5 MPa
  png: 208892 bytes, 1240x840, 19223 distinct colors, fg 31.63%
  -> PASS  fea_microduck-neck-plate_head_drop  SF=2.849703519751502  vM=17.545684894392124 MPa  disp=0.07967425923551823 mm  (22.6 s)
DONE
