SUMMARY OF C0NVERGENCE INFORMATION
  STEP   INC  ATT   ITER     CONT.   RESID.        CORR.      RESID.      CORR.
                              EL.    FORCE         DISP       FLUX        TEMP.
                              (#)     (%)           (%)        (%)         (%)
     1     1     1     1        0  0.1460E+04  0.1000E+03  0.0000E+00  0.0000E+00
     1     1     1     2        0  0.3146E+00  0.4304E+00  0.0000E+00  0.0000E+00
     1     2     1     1        0  0.8322E+00  0.8700E+00  0.0000E+00  0.0000E+00
     1     2     1     2        0  0.3282E+00  0.8805E+00  0.0000E+00  0.0000E+00
     1     3     1     1        0  0.1856E+01  0.9727E+00  0.0000E+00  0.0000E+00
     1     3     1     2        0  0.2253E+00  0.5870E+00  0.0000E+00  0.0000E+00
     1     4     1     1        0  0.4506E+01  0.1358E+01  0.0000E+00  0.0000E+00
     1     4     1     2        0  0.1147E+01  0.1187E+01  0.0000E+00  0.0000E+00
     1     4     1     3        0  0.0000E+00  0.6069E-02  0.0000E+00  0.0000E+00
     1     5     1     1        0  0.4240E+01  0.1527E+01  0.0000E+00  0.0000E+00
     1     5     1     2        0  0.1193E+01  0.1407E+01  0.0000E+00  0.0000E+00
     1     5     1     3        0  0.0000E+00  0.8705E-02  0.0000E+00  0.0000E+00
     1     6     1     1        0  0.3166E+01  0.1498E+01  0.0000E+00  0.0000E+00
     1     6     1     2        0  0.9782E+00  0.1449E+01  0.0000E+00  0.0000E+00
     1     6     1     3        0  0.0000E+00  0.8233E-02  0.0000E+00  0.0000E+00
     1     7     1     1        0  0.2441E+01  0.1476E+01  0.0000E+00  0.0000E+00
     1     7     1     2        0  0.8228E+00  0.1487E+01  0.0000E+00  0.0000E+00
     1     7     1     3        0  0.0000E+00  0.7734E-02  0.0000E+00  0.0000E+00
     1     8     1     1        0  0.1926E+01  0.1452E+01  0.0000E+00  0.0000E+00
     1     8     1     2        0  0.7047E+00  0.1520E+01  0.0000E+00  0.0000E+00
     1     8     1     3        0  0.0000E+00  0.7226E-02  0.0000E+00  0.0000E+00
     1     9     1     1        0  0.1545E+01  0.1428E+01  0.0000E+00  0.0000E+00
     1     9     1     2        0  0.6111E+00  0.1549E+01  0.0000E+00  0.0000E+00
     1     9     1     3        0  0.0000E+00  0.6718E-02  0.0000E+00  0.0000E+00
     1    10     1     1        0  0.1257E+01  0.1418E+01  0.0000E+00  0.0000E+00
     1    10     1     2        0  0.5346E+00  0.1574E+01  0.0000E+00  0.0000E+00
     1    10     1     3        0  0.0000E+00  0.6217E-02  0.0000E+00  0.0000E+00
     1    11     1     1        0  0.1048E+01  0.1428E+01  0.0000E+00  0.0000E+00
     1    11     1     2        0  0.4706E+00  0.1595E+01  0.0000E+00  0.0000E+00
     1    11     1     3        0  0.0000E+00  0.5729E-02  0.0000E+00  0.0000E+00
     1    12     1     1        0  0.2579E-01  0.1227E+01  0.0000E+00  0.0000E+00
     1    12     1     2        0  0.4168E-02  0.6390E+00  0.0000E+00  0.0000E+00
