SUMMARY OF C0NVERGENCE INFORMATION
  STEP   INC  ATT   ITER     CONT.   RESID.        CORR.      RESID.      CORR.
                              EL.    FORCE         DISP       FLUX        TEMP.
                              (#)     (%)           (%)        (%)         (%)
     1     1     1     1        0  0.1243E+04  0.1000E+03  0.0000E+00  0.0000E+00
     1     1     1     2        0  0.2498E+00  0.9316E+00  0.0000E+00  0.0000E+00
     1     2     1     1        0  0.6833E+00  0.1854E+01  0.0000E+00  0.0000E+00
     1     2     1     2        0  0.3042E-01  0.4629E+00  0.0000E+00  0.0000E+00
     1     3     1     1        0  0.1340E+01  0.1699E+01  0.0000E+00  0.0000E+00
     1     3     1     2        0  0.1448E+00  0.8015E+00  0.0000E+00  0.0000E+00
     1     4     1     1        0  0.3223E+01  0.1910E+01  0.0000E+00  0.0000E+00
     1     4     1     2        0  0.8906E+00  0.1738E+01  0.0000E+00  0.0000E+00
     1     4     1     3        0  0.0000E+00  0.1531E-02  0.0000E+00  0.0000E+00
     1     5     1     1        0  0.3496E+01  0.1973E+01  0.0000E+00  0.0000E+00
     1     5     1     2        0  0.1132E+01  0.2185E+01  0.0000E+00  0.0000E+00
     1     5     1     3        0  0.0000E+00  0.2743E-02  0.0000E+00  0.0000E+00
     1     6     1     1        0  0.3181E+01  0.2026E+01  0.0000E+00  0.0000E+00
     1     6     1     2        0  0.1026E+01  0.2251E+01  0.0000E+00  0.0000E+00
     1     6     1     3        0  0.0000E+00  0.3238E-02  0.0000E+00  0.0000E+00
     1     7     1     1        0  0.2995E+01  0.2078E+01  0.0000E+00  0.0000E+00
     1     7     1     2        0  0.9470E+00  0.2303E+01  0.0000E+00  0.0000E+00
     1     7     1     3        0  0.0000E+00  0.3804E-02  0.0000E+00  0.0000E+00
     1     8     1     1        0  0.2891E+01  0.2152E+01  0.0000E+00  0.0000E+00
     1     8     1     2        0  0.8816E+00  0.2339E+01  0.0000E+00  0.0000E+00
     1     8     1     3        0  0.0000E+00  0.4442E-02  0.0000E+00  0.0000E+00
     1     9     1     1        0  0.2839E+01  0.2230E+01  0.0000E+00  0.0000E+00
     1     9     1     2        0  0.8210E+00  0.2356E+01  0.0000E+00  0.0000E+00
     1     9     1     3        0  0.0000E+00  0.5147E-02  0.0000E+00  0.0000E+00
     1    10     1     1        0  0.2821E+01  0.2304E+01  0.0000E+00  0.0000E+00
     1    10     1     2        0  0.7602E+00  0.2352E+01  0.0000E+00  0.0000E+00
     1    10     1     3        0  0.0000E+00  0.5906E-02  0.0000E+00  0.0000E+00
     1    11     1     1        0  0.2825E+01  0.2373E+01  0.0000E+00  0.0000E+00
     1    11     1     2        0  0.6964E+00  0.2326E+01  0.0000E+00  0.0000E+00
     1    11     1     3        0  0.0000E+00  0.6696E-02  0.0000E+00  0.0000E+00
     1    12     1     1        0  0.8758E-01  0.1748E+01  0.0000E+00  0.0000E+00
     1    12     1     2        0  0.2594E-02  0.5652E+00  0.0000E+00  0.0000E+00
