  screw member part:screw-m2-iso4762 len=10.0 -> 1028 triangles
  screw member part:screw-m2-iso4762 len=8.0 -> 1028 triangles
  screw member part:screw-m2-iso4762 len=6.0 -> 1028 triangles
  screw member part:screw-m2-iso4762 len=12.0 -> 1028 triangles
  screw member part:screw-m2-iso4762 len=5.0 -> 1028 triangles
  screw member part:screw-m2.5-iso4762 len=8.0 -> 1028 triangles
  screw member part:screw-m2-iso4762 len=4.0 -> 1028 triangles
assembled bbox mm: X -51.777..92.290  Y -70.500..70.500  Z 13.473..277.449
closed meshes: 125 of 134 placed bodies
1 rest-pose mirror (right vs y-mirror of left):
   ankle    hausdorff  4.137 mm  mean 0.0030 mm  7 of 2477+2476 vertices off by >0.3 mm
   foot     hausdorff  0.465 mm  mean 0.0024 mm  2 of 9939+9935 vertices off by >0.3 mm
   sole     hausdorff  3.256 mm  mean 0.0050 mm  33 of 7896+7946 vertices off by >0.3 mm
   bearing  hausdorff  0.172 mm  mean 0.0268 mm  0 of 10441+10441 vertices off by >0.3 mm
   shin     hausdorff  0.634 mm  mean 0.0006 mm  12 of 7374+7374 vertices off by >0.3 mm
   servo    hausdorff  0.000 mm  mean 0.0000 mm  0 of 2057+2057 vertices off by >0.3 mm
   servo frame: R_right vs M.R_left.S differ by 0.0000 deg, 0.0000 mm; horn +x world left [0.0, -1.0, 0.0] right [0.0, 1.0, 0.0]
2 hinge mirror: which right angle mirrors the left?
   left_ankle=+20 right_ankle=-20 : foot_right vs mirror(foot_left) hausdorff 0.465 mm mean 0.0024 mm
   left_ankle=+20 right_ankle=+20 : foot_right vs mirror(foot_left) hausdorff 21.612 mm mean 6.5611 mm
   left_knee=+30 right_knee=-30 : foot_right vs mirror(foot_left) hausdorff 0.465 mm mean 0.0024 mm
   left_knee=+30 right_knee=+30 : foot_right vs mirror(foot_left) hausdorff 62.167 mm mean 35.8540 mm
   left_hip_pitch=+30 right_hip_pitch=-30 : foot_right vs mirror(foot_left) hausdorff 0.465 mm mean 0.0024 mm
   left_hip_pitch=+30 right_hip_pitch=+30 : foot_right vs mirror(foot_left) hausdorff 91.581 mm mean 63.0777 mm
3 onset table (pollen servo): bracket depth in the shin servo, each ankle alone
    -30.0 deg   left 2.4929 mm   right 2.4929 mm
    -25.0 deg   left 2.4927 mm   right 2.4927 mm
    -20.0 deg   left 2.4925 mm   right 2.4925 mm
    -15.0 deg   left 2.1455 mm   right 2.1455 mm
    -10.0 deg   left 1.4731 mm   right 1.4731 mm
     -5.0 deg   left 0.7164 mm   right 0.7164 mm
     -2.0 deg   left 0.2242 mm   right 0.2242 mm
     -1.0 deg   left 0.0541 mm   right 0.0541 mm
     -0.5 deg   left 0.0009 mm   right 0.0009 mm
     +0.0 deg   left 0.0000 mm   right 0.0000 mm
     +0.5 deg   left 0.0009 mm   right 0.0009 mm
     +1.0 deg   left 0.0541 mm   right 0.0541 mm
     +2.0 deg   left 0.2242 mm   right 0.2242 mm
     +5.0 deg   left 0.7164 mm   right 0.7164 mm
    +10.0 deg   left 1.4731 mm   right 1.4731 mm
    +15.0 deg   left 2.1455 mm   right 2.1455 mm
    +20.0 deg   left 2.4925 mm   right 2.4925 mm
    +25.0 deg   left 2.4927 mm   right 2.4927 mm
    +30.0 deg   left 2.4929 mm   right 2.4929 mm
substituted vendor solid (13314 triangles) for 15 xl330 rows
3 onset table (vendor servo): bracket depth in the shin servo, each ankle alone
    -30.0 deg   left 3.1082 mm   right 3.1082 mm
    -25.0 deg   left 2.7945 mm   right 2.7945 mm
    -20.0 deg   left 2.3862 mm   right 2.3862 mm
    -15.0 deg   left 1.8866 mm   right 1.8866 mm
    -10.0 deg   left 1.2995 mm   right 1.2995 mm
     -5.0 deg   left 0.6292 mm   right 0.6292 mm
     -2.0 deg   left 0.1893 mm   right 0.1893 mm
     -1.0 deg   left 0.0366 mm   right 0.0366 mm
     -0.5 deg   left 0.0000 mm   right 0.0000 mm
     +0.0 deg   left 0.0000 mm   right 0.0000 mm
     +0.5 deg   left 0.0000 mm   right 0.0000 mm
     +1.0 deg   left 0.0366 mm   right 0.0366 mm
     +2.0 deg   left 0.1893 mm   right 0.1893 mm
     +5.0 deg   left 0.6292 mm   right 0.6292 mm
    +10.0 deg   left 1.2995 mm   right 1.2995 mm
    +15.0 deg   left 1.8866 mm   right 1.8866 mm
    +20.0 deg   left 2.3862 mm   right 2.3862 mm
    +25.0 deg   left 2.7945 mm   right 2.7945 mm
    +30.0 deg   left 3.1082 mm   right 3.1082 mm
4 entry point at -5 deg, bracket vertices inside the servo, in the servo's own frame:
   left: 224 bracket vertices inside the servo; servo-local bbox [[-14.5, -7.08, -7.08], [-14.5, 7.08, 7.08]] -> idler -x; radius from horn axis [4.9, 7.1] mm, x [-14.5, -14.5], 4 polar clusters
   right: 224 bracket vertices inside the servo; servo-local bbox [[-14.5, -7.08, -7.08], [-14.5, 7.08, 7.08]] -> idler -x; radius from horn axis [4.9, 7.1] mm, x [-14.5, -14.5], 4 polar clusters
5 depth at the policies' own ankle poses (vendor servo):
   stand default (policy default_joint_pos)     L  +25.96 -> 2.862 mm   R  -25.96 -> 2.862 mm
   walking_policy min                           L   +7.97 -> 1.037 mm   R  -27.63 -> 2.971 mm
   walking_policy max                           L  +27.58 -> 2.968 mm   R  -12.33 -> 1.584 mm
   sitstand_policy min                          L   +3.29 -> 0.382 mm   R  -32.66 -> 3.203 mm
   sitstand_policy max                          L  +45.57 -> 3.271 mm   R   -4.70 -> 0.586 mm
DONE ankle-mirror in 65.0 s
