JOINT left_hip_yaw     body=yaw2roll         parent=trunk_base   anchor=[  6.   17.5 115. ] axis=[ 0.  0. -1.]
   trunk_base/seeed_bearing__configuration__22x16x4           centroid off-axis   0.02 mm   axis tilt   0.0 deg
   trunk_base/xl330                                           centroid off-axis   2.24 mm   best-aligned principal axis tilt   0.2 deg
   trunk_base/xl330                                           centroid off-axis  35.07 mm   best-aligned principal axis tilt   0.2 deg
   trunk_base/seeed_bearing__configuration__22x16x4           centroid off-axis  34.98 mm   axis tilt   0.0 deg
   yaw2roll/xl330                                             centroid off-axis   0.05 mm   best-aligned principal axis tilt   0.2 deg
   yaw2roll/seeed_bearing__configuration__22x16x4             centroid off-axis  14.50 mm   axis tilt  90.0 deg
   yaw2roll/bearing_roll                                      centroid off-axis  11.62 mm   axis tilt  89.2 deg
JOINT left_hip_roll    body=hip_l            parent=yaw2roll     anchor=[ 22.5  17.5 102.5] axis=[1. 0. 0.]
   yaw2roll/xl330                                             centroid off-axis   2.24 mm   best-aligned principal axis tilt   0.2 deg
   yaw2roll/seeed_bearing__configuration__22x16x4             centroid off-axis   0.02 mm   axis tilt   0.0 deg
   yaw2roll/bearing_roll                                      centroid off-axis   1.30 mm   axis tilt   0.8 deg
   hip_l/seeed_bearing__configuration__22x16x4                centroid off-axis  23.00 mm   axis tilt  90.0 deg
JOINT left_hip_pitch   body=upper_leg_left   parent=hip_l        anchor=[  4.   42.5 102.5] axis=[-0.  1.  0.]
   hip_l/seeed_bearing__configuration__22x16x4                centroid off-axis   0.02 mm   axis tilt   0.0 deg
   upper_leg_left/xl330                                       centroid off-axis  40.87 mm   best-aligned principal axis tilt   0.2 deg
   upper_leg_left/seeed_bearing__configuration__22x16x4       centroid off-axis  42.00 mm   axis tilt   0.0 deg
   upper_leg_left/xl330                                       centroid off-axis   2.24 mm   best-aligned principal axis tilt   0.2 deg
JOINT left_knee        body=leg              parent=upper_leg_left anchor=[-31.78  38.5   80.5 ] axis=[ 0. -1. -0.]
   upper_leg_left/xl330                                       centroid off-axis   2.24 mm   best-aligned principal axis tilt   0.2 deg
   upper_leg_left/seeed_bearing__configuration__22x16x4       centroid off-axis   0.02 mm   axis tilt   0.0 deg
   upper_leg_left/xl330                                       centroid off-axis  40.11 mm   best-aligned principal axis tilt   0.2 deg
   leg/xl330                                                  centroid off-axis  39.76 mm   best-aligned principal axis tilt   0.2 deg
JOINT left_ankle       body=ankle_left       parent=leg          anchor=[-31.78  64.5   38.5 ] axis=[-0.  1.  0.]
   leg/xl330                                                  centroid off-axis   2.24 mm   best-aligned principal axis tilt   0.2 deg
   ankle_left/seeed_bearing__configuration_default            centroid off-axis   0.02 mm   axis tilt   0.0 deg
JOINT neck_pitch       body=neck             parent=trunk_base   anchor=[ 26.    14.5  152.42] axis=[ 0. -1.  0.]
   trunk_base/seeed_bearing__configuration__22x16x4           centroid off-axis  40.69 mm   axis tilt  90.0 deg
   trunk_base/xl330                                           centroid off-axis  30.50 mm   best-aligned principal axis tilt   0.0 deg
   trunk_base/xl330                                           centroid off-axis  30.50 mm   best-aligned principal axis tilt   0.0 deg
   trunk_base/seeed_bearing__configuration__22x16x4           centroid off-axis  40.69 mm   axis tilt  90.0 deg
   neck/xl330                                                 centroid off-axis   2.24 mm   best-aligned principal axis tilt   0.2 deg
   neck/xl330                                                 centroid off-axis  47.76 mm   best-aligned principal axis tilt   0.2 deg
JOINT head_pitch       body=neck_pitch       parent=neck         anchor=[ 26.    14.5  202.42] axis=[0. 1. 0.]
   neck/xl330                                                 centroid off-axis  47.76 mm   best-aligned principal axis tilt   0.2 deg
   neck/xl330                                                 centroid off-axis   2.24 mm   best-aligned principal axis tilt   0.2 deg
   neck_pitch/seeed_bearing__configuration__22x16x4           centroid off-axis  18.79 mm   axis tilt  90.0 deg
JOINT head_yaw         body=yaw_roll_motion  parent=neck_pitch   anchor=[ 26.     0.   221.11] axis=[ 0. -0.  1.]
   neck_pitch/seeed_bearing__configuration__22x16x4           centroid off-axis   0.02 mm   axis tilt   0.0 deg
   yaw_roll_motion/xl330                                      centroid off-axis   2.24 mm   best-aligned principal axis tilt   0.2 deg
   yaw_roll_motion/seeed_bearing__configuration__22x16x4      centroid off-axis  18.00 mm   axis tilt  90.0 deg
   yaw_roll_motion/seeed_bearing__configuration__22x16x4      centroid off-axis  16.00 mm   axis tilt  90.0 deg
JOINT head_roll        body=jaw_soft         parent=yaw_roll_motion anchor=[  8.1    0.   235.61] axis=[-1.  0.  0.]
   yaw_roll_motion/xl330                                      centroid off-axis   2.24 mm   best-aligned principal axis tilt   0.0 deg
   yaw_roll_motion/seeed_bearing__configuration__22x16x4      centroid off-axis   0.02 mm   axis tilt   0.0 deg
   yaw_roll_motion/seeed_bearing__configuration__22x16x4      centroid off-axis   0.02 mm   axis tilt   0.0 deg
   jaw_soft/xl330                                             centroid off-axis  25.63 mm   best-aligned principal axis tilt   0.2 deg
   jaw_soft/xl330                                             centroid off-axis   2.24 mm   best-aligned principal axis tilt   0.2 deg
   jaw_soft/seeed_bearing__configuration_default              centroid off-axis  38.63 mm   axis tilt  90.0 deg
JOINT right_hip_yaw    body=bearing_roll     parent=trunk_base   anchor=[  6.  -17.5 115. ] axis=[ 0.  0. -1.]
   trunk_base/seeed_bearing__configuration__22x16x4           centroid off-axis  35.02 mm   axis tilt   0.0 deg
   trunk_base/xl330                                           centroid off-axis  35.07 mm   best-aligned principal axis tilt   0.2 deg
   trunk_base/xl330                                           centroid off-axis   2.24 mm   best-aligned principal axis tilt   0.2 deg
   trunk_base/seeed_bearing__configuration__22x16x4           centroid off-axis   0.02 mm   axis tilt   0.0 deg
   bearing_roll/yaw2roll                                      centroid off-axis   1.92 mm   axis tilt  25.1 deg
   bearing_roll/xl330                                         centroid off-axis   0.05 mm   axis tilt  90.0 deg
   bearing_roll/bearing_roll                                  centroid off-axis  11.62 mm   axis tilt  89.2 deg
   bearing_roll/seeed_bearing__configuration__22x16x4         centroid off-axis  14.50 mm   axis tilt  90.0 deg
JOINT right_hip_roll   body=hip_l_2          parent=bearing_roll anchor=[ 22.5 -17.5 102.5] axis=[1. 0. 0.]
   bearing_roll/yaw2roll                                      centroid off-axis  11.74 mm   axis tilt  64.9 deg
   bearing_roll/xl330                                         centroid off-axis   2.24 mm   axis tilt  90.0 deg
   bearing_roll/bearing_roll                                  centroid off-axis   1.30 mm   axis tilt   0.8 deg
   bearing_roll/seeed_bearing__configuration__22x16x4         centroid off-axis   0.02 mm   axis tilt   0.0 deg
   hip_l_2/seeed_bearing__configuration__22x16x4              centroid off-axis  23.00 mm   axis tilt  90.0 deg
JOINT right_hip_pitch  body=upper_leg_right  parent=hip_l_2      anchor=[  4.  -42.5 102.5] axis=[-0. -1.  0.]
   hip_l_2/seeed_bearing__configuration__22x16x4              centroid off-axis   0.02 mm   axis tilt   0.0 deg
   upper_leg_right/xl330                                      centroid off-axis  40.87 mm   best-aligned principal axis tilt   0.2 deg
   upper_leg_right/seeed_bearing__configuration__22x16x4      centroid off-axis  42.00 mm   axis tilt   0.0 deg
   upper_leg_right/xl330                                      centroid off-axis   2.24 mm   best-aligned principal axis tilt   0.2 deg
JOINT right_knee       body=leg_2            parent=upper_leg_right anchor=[-31.78 -38.5   80.5 ] axis=[ 0.  1. -0.]
   upper_leg_right/xl330                                      centroid off-axis   2.24 mm   best-aligned principal axis tilt   0.2 deg
   upper_leg_right/seeed_bearing__configuration__22x16x4      centroid off-axis   0.02 mm   axis tilt   0.0 deg
   upper_leg_right/xl330                                      centroid off-axis  40.11 mm   best-aligned principal axis tilt   0.2 deg
   leg_2/xl330                                                centroid off-axis  39.76 mm   best-aligned principal axis tilt   0.2 deg
JOINT right_ankle      body=ankle_right      parent=leg_2        anchor=[-31.78 -64.5   38.5 ] axis=[-0. -1.  0.]
   leg_2/xl330                                                centroid off-axis   2.24 mm   best-aligned principal axis tilt   0.2 deg
   ankle_right/seeed_bearing__configuration_default           centroid off-axis   0.02 mm   axis tilt   0.0 deg
