stage: coupled-sitstand-vendor-reparented opts: {'every': 8, 'servo': 'vendor', 'frames': None, 'screws': 0, 'refine': 1, 'reparent': 1}
  screw member part:screw-m2-iso4762 len=10.0 -> 1028 triangles
  screw member part:screw-m2-iso4762 len=8.0 -> 1028 triangles
  screw member part:screw-m2-iso4762 len=6.0 -> 1028 triangles
  screw member part:screw-m2-iso4762 len=12.0 -> 1028 triangles
  screw member part:screw-m2-iso4762 len=5.0 -> 1028 triangles
  screw member part:screw-m2.5-iso4762 len=8.0 -> 1028 triangles
  screw member part:screw-m2-iso4762 len=4.0 -> 1028 triangles
assembled bbox mm: X -51.777..92.290  Y -70.500..70.500  Z 13.473..277.449
closed meshes: 125 of 134 placed bodies
model built in 4.3 s: 134 rows, 14 hinges
substituted vendor solid (13314 triangles) for 15 xl330 rows
substituted out/review-geometry/microduck-yaw-roll-motion.stl for yaw_roll_motion/yaw_roll_motion (closed=True, 1270 triangles)
reparented row 22 xl330 leg -> ankle_left (world pose unchanged)
reparented row 64 xl330 leg_2 -> ankle_right (world pose unchanged)
trajectory out/sim/sitstand_ours_traj.npz: 401 frames at 0.020 s, policy sitstand, scene out/sim/scene_sitstand_ours.xml; joint layout identical to the placement model
sampling 51 of 401 frames (every 8)
2183 cross-body pairs of 8911 (structure rows only)
  pass 1 frame   0 (t=0.00 s): 19 cross pairs interfere, 3 above 0.3 mm; 71 tests, 72.0 s
  pass 1 frame  80 (t=1.60 s): 19 cross pairs interfere, 3 above 0.3 mm; 874 tests, 632.6 s
  pass 1 frame 160 (t=3.20 s): 23 cross pairs interfere, 5 above 0.3 mm; 1836 tests, 1223.6 s
  pass 1 frame 240 (t=4.80 s): 20 cross pairs interfere, 3 above 0.3 mm; 2794 tests, 1792.4 s
  pass 1 frame 320 (t=6.40 s): 20 cross pairs interfere, 3 above 0.3 mm; 3594 tests, 2298.6 s
  pass 1 frame 400 (t=8.00 s): 20 cross pairs interfere, 3 above 0.3 mm; 4404 tests, 2915.7 s
pass 2: 10 graded pairs at every one of the 401 frames
  pass 2 frame  50: 3 graded pairs above 0.3 mm; 4624 tests, 3045.4 s
  pass 2 frame 100: 5 graded pairs above 0.3 mm; 4920 tests, 3211.2 s
  pass 2 frame 150: 5 graded pairs above 0.3 mm; 5360 tests, 3457.5 s
  pass 2 frame 250: 3 graded pairs above 0.3 mm; 6154 tests, 3910.6 s
  pass 2 frame 300: 3 graded pairs above 0.3 mm; 6374 tests, 4046.2 s
  pass 2 frame 350: 3 graded pairs above 0.3 mm; 6594 tests, 4179.3 s
  hip_l/hip_l                                  x ankle_left/foot_left                         worst 2.991 mm at frame 90 (t=1.80 s), interfering in 144/147 frames
  hip_l_2/hip_l                                x ankle_right/foot_right                       worst 2.805 mm at frame 88 (t=1.76 s), interfering in 144/150 frames
  hip_l_2/hip_l                                x ankle_right/ankle_right                      worst 2.523 mm at frame 87 (t=1.74 s), interfering in 10/151 frames
  upper_leg_right/xl330                        x ankle_right/xl330(reparented from leg_2)     worst 2.276 mm at frame 233 (t=4.66 s), interfering in 3/152 frames
  hip_l/hip_l                                  x ankle_left/ankle_left                        worst 1.348 mm at frame 88 (t=1.76 s), interfering in 11/150 frames
  leg/leg                                      x ankle_left/xl330(reparented from leg)        worst 1.247 mm at frame 67 (t=1.34 s), interfering in 401/401 frames
  ankle_right/xl330(reparented from leg_2)     x leg_2/leg                                    worst 1.247 mm at frame 264 (t=5.28 s), interfering in 401/401 frames
  yaw_roll_motion/seeed_bearing__configuration__22x16x4 x jaw_soft/speaker                             worst 0.777 mm at frame 0 (t=0.00 s), interfering in 401/401 frames
  yaw_roll_motion/seeed_bearing__configuration__22x16x4 x jaw_soft/bottom_head_shell                   worst 0.110 mm at frame 94 (t=1.88 s), interfering in 401/401 frames
  yaw_roll_motion/seeed_bearing__configuration__22x16x4 x jaw_soft/bottom_head_shell                   worst 0.110 mm at frame 94 (t=1.88 s), interfering in 401/401 frames
DONE coupled-sitstand-vendor-reparented: 8 structure pairs above 0.3 mm, 2 in 0.05-0.3, 15 contact, 0 CANNOT DETERMINE; 0 screw x other body; 4312.0 s
