stage: coupled-walk-vendor-reparented opts: {'every': 8, 'servo': 'vendor', 'frames': None, 'screws': 0, 'refine': 1, 'reparent': 1}
  screw member part:screw-m2-iso4762 len=10.0 -> 1028 triangles
  screw member part:screw-m2-iso4762 len=8.0 -> 1028 triangles
  screw member part:screw-m2-iso4762 len=6.0 -> 1028 triangles
  screw member part:screw-m2-iso4762 len=12.0 -> 1028 triangles
  screw member part:screw-m2-iso4762 len=5.0 -> 1028 triangles
  screw member part:screw-m2.5-iso4762 len=8.0 -> 1028 triangles
  screw member part:screw-m2-iso4762 len=4.0 -> 1028 triangles
assembled bbox mm: X -51.777..92.290  Y -70.500..70.500  Z 13.473..277.449
closed meshes: 125 of 134 placed bodies
model built in 4.0 s: 134 rows, 14 hinges
substituted vendor solid (13314 triangles) for 15 xl330 rows
substituted out/review-geometry/microduck-yaw-roll-motion.stl for yaw_roll_motion/yaw_roll_motion (closed=True, 1270 triangles)
reparented row 22 xl330 leg -> ankle_left (world pose unchanged)
reparented row 64 xl330 leg_2 -> ankle_right (world pose unchanged)
trajectory out/sim/walk_ours_traj.npz: 401 frames at 0.020 s, policy walking, scene out/sim/scene_walk_ours.xml; joint layout identical to the placement model
sampling 51 of 401 frames (every 8)
2183 cross-body pairs of 8911 (structure rows only)
  pass 1 frame   0 (t=0.00 s): 19 cross pairs interfere, 3 above 0.3 mm; 71 tests, 62.6 s
  pass 1 frame  80 (t=1.60 s): 19 cross pairs interfere, 3 above 0.3 mm; 871 tests, 568.9 s
  pass 1 frame 160 (t=3.20 s): 19 cross pairs interfere, 3 above 0.3 mm; 1685 tests, 1092.4 s
  pass 1 frame 240 (t=4.80 s): 19 cross pairs interfere, 3 above 0.3 mm; 2506 tests, 1607.1 s
  pass 1 frame 320 (t=6.40 s): 19 cross pairs interfere, 3 above 0.3 mm; 3337 tests, 2130.9 s
  pass 1 frame 400 (t=8.00 s): 19 cross pairs interfere, 3 above 0.3 mm; 4154 tests, 2642.2 s
pass 2: 5 graded pairs at every one of the 401 frames
  pass 2 frame  50: 3 graded pairs above 0.3 mm; 4374 tests, 2769.1 s
  pass 2 frame 100: 3 graded pairs above 0.3 mm; 4594 tests, 2896.6 s
  pass 2 frame 150: 3 graded pairs above 0.3 mm; 4814 tests, 3024.2 s
  pass 2 frame 250: 3 graded pairs above 0.3 mm; 5249 tests, 3280.2 s
  pass 2 frame 300: 3 graded pairs above 0.3 mm; 5469 tests, 3408.9 s
  pass 2 frame 350: 3 graded pairs above 0.3 mm; 5689 tests, 3537.4 s
  ankle_right/xl330(reparented from leg_2)     x leg_2/leg                                    worst 1.247 mm at frame 218 (t=4.36 s), interfering in 401/401 frames
  leg/leg                                      x ankle_left/xl330(reparented from leg)        worst 1.247 mm at frame 312 (t=6.24 s), interfering in 401/401 frames
  yaw_roll_motion/seeed_bearing__configuration__22x16x4 x jaw_soft/speaker                             worst 0.777 mm at frame 0 (t=0.00 s), interfering in 401/401 frames
  yaw_roll_motion/seeed_bearing__configuration__22x16x4 x jaw_soft/bottom_head_shell                   worst 0.110 mm at frame 173 (t=3.46 s), interfering in 401/401 frames
  yaw_roll_motion/seeed_bearing__configuration__22x16x4 x jaw_soft/bottom_head_shell                   worst 0.110 mm at frame 173 (t=3.46 s), interfering in 401/401 frames
DONE coupled-walk-vendor-reparented: 3 structure pairs above 0.3 mm, 2 in 0.05-0.3, 14 contact, 0 CANNOT DETERMINE; 0 screw x other body; 3662.9 s
