stage: coupled-sitstand-vendor opts: {'every': 4, 'servo': 'vendor', 'frames': None, 'screws': 0, 'refine': 1}
  screw member part:screw-m2-iso4762 len=10.0 -> 1028 triangles
  screw member part:screw-m2-iso4762 len=8.0 -> 1028 triangles
  screw member part:screw-m2-iso4762 len=6.0 -> 1028 triangles
  screw member part:screw-m2-iso4762 len=12.0 -> 1028 triangles
  screw member part:screw-m2-iso4762 len=5.0 -> 1028 triangles
  screw member part:screw-m2.5-iso4762 len=8.0 -> 1028 triangles
  screw member part:screw-m2-iso4762 len=4.0 -> 1028 triangles
assembled bbox mm: X -51.777..92.290  Y -70.500..70.500  Z 13.473..277.449
closed meshes: 125 of 134 placed bodies
model built in 3.6 s: 134 rows, 14 hinges
substituted vendor solid (13314 triangles) for 15 xl330 rows
substituted out/review-geometry/microduck-yaw-roll-motion.stl for yaw_roll_motion/yaw_roll_motion (closed=True, 1270 triangles)
trajectory out/sim/sitstand_ours_traj.npz: 401 frames at 0.020 s, policy sitstand, scene out/sim/scene_sitstand_ours.xml; joint layout identical to the placement model
sampling 101 of 401 frames (every 4)
2189 cross-body pairs of 8911 (structure rows only)
  pass 1 frame   0 (t=0.00 s): 19 cross pairs interfere, 3 above 0.3 mm; 77 tests, 58.2 s
  pass 1 frame  40 (t=0.80 s): 19 cross pairs interfere, 3 above 0.3 mm; 944 tests, 611.8 s
  pass 1 frame  80 (t=1.60 s): 19 cross pairs interfere, 3 above 0.3 mm; 1825 tests, 1063.0 s
  pass 1 frame 120 (t=2.40 s): 23 cross pairs interfere, 5 above 0.3 mm; 2866 tests, 1559.2 s
  pass 1 frame 160 (t=3.20 s): 23 cross pairs interfere, 5 above 0.3 mm; 3886 tests, 2037.6 s
  pass 1 frame 200 (t=4.00 s): 23 cross pairs interfere, 5 above 0.3 mm; 4906 tests, 2517.1 s
  pass 1 frame 240 (t=4.80 s): 19 cross pairs interfere, 3 above 0.3 mm; 5935 tests, 3092.4 s
  pass 1 frame 280 (t=5.60 s): 19 cross pairs interfere, 3 above 0.3 mm; 6799 tests, 3653.6 s
  pass 1 frame 320 (t=6.40 s): 19 cross pairs interfere, 3 above 0.3 mm; 7670 tests, 4153.0 s
  pass 1 frame 360 (t=7.20 s): 19 cross pairs interfere, 3 above 0.3 mm; 8540 tests, 4666.3 s
  pass 1 frame 400 (t=8.00 s): 19 cross pairs interfere, 3 above 0.3 mm; 9410 tests, 5185.8 s
pass 2: 9 graded pairs at every one of the 401 frames
  pass 2 frame  50: 3 graded pairs above 0.3 mm; 9600 tests, 5257.2 s
  pass 2 frame 150: 5 graded pairs above 0.3 mm; 10177 tests, 5488.0 s
  pass 2 frame 250: 3 graded pairs above 0.3 mm; 10798 tests, 5725.2 s
  pass 2 frame 350: 3 graded pairs above 0.3 mm; 11173 tests, 5853.4 s
  leg/xl330                                    x ankle_left/ankle_left                        worst 3.271 mm at frame 76 (t=1.52 s), interfering in 401/401 frames
  leg_2/xl330                                  x ankle_right/ankle_right                      worst 3.203 mm at frame 235 (t=4.70 s), interfering in 401/401 frames
  hip_l/hip_l                                  x ankle_left/foot_left                         worst 2.991 mm at frame 90 (t=1.80 s), interfering in 144/337 frames
  hip_l_2/hip_l                                x ankle_right/foot_right                       worst 2.805 mm at frame 88 (t=1.76 s), interfering in 144/337 frames
  hip_l_2/hip_l                                x ankle_right/ankle_right                      worst 2.523 mm at frame 87 (t=1.74 s), interfering in 10/337 frames
  hip_l/hip_l                                  x ankle_left/ankle_left                        worst 1.348 mm at frame 88 (t=1.76 s), interfering in 11/337 frames
  yaw_roll_motion/seeed_bearing__configuration__22x16x4 x jaw_soft/speaker                             worst 0.777 mm at frame 0 (t=0.00 s), interfering in 401/401 frames
  yaw_roll_motion/seeed_bearing__configuration__22x16x4 x jaw_soft/bottom_head_shell                   worst 0.110 mm at frame 94 (t=1.88 s), interfering in 401/401 frames
  yaw_roll_motion/seeed_bearing__configuration__22x16x4 x jaw_soft/bottom_head_shell                   worst 0.110 mm at frame 94 (t=1.88 s), interfering in 401/401 frames
DONE coupled-sitstand-vendor: 7 structure pairs above 0.3 mm, 2 in 0.05-0.3, 14 contact, 0 CANNOT DETERMINE; 0 screw x other body; 5919.6 s
