  screw member part:screw-m2-iso4762 len=10.0 -> 1028 triangles
  screw member part:screw-m2-iso4762 len=8.0 -> 1028 triangles
  screw member part:screw-m2-iso4762 len=6.0 -> 1028 triangles
  screw member part:screw-m2-iso4762 len=12.0 -> 1028 triangles
  screw member part:screw-m2-iso4762 len=5.0 -> 1028 triangles
  screw member part:screw-m2.5-iso4762 len=8.0 -> 1028 triangles
  screw member part:screw-m2-iso4762 len=4.0 -> 1028 triangles
assembled bbox mm: X -51.777..92.290  Y -70.500..70.500  Z 13.473..277.449
closed meshes: 125 of 134 placed bodies
rows=134  triangles=995832
pairs=8911  aabb-overlapping candidates=409
  HIT trunk_base/seeed_bearing__configuration__22x16x4 x trunk_base/trunk_base                          structure x structure              1.3e-05 mm3
  ... 0/409 candidates, 6.3 s
  HIT trunk_base/seeed_bearing__configuration__22x16x4 x trunk_base/xl330                               structure x structure              0.0 mm3
  HIT trunk_base/seeed_bearing__configuration__22x16x4 x yaw2roll/yaw2roll                              structure x structure              0.0 mm3
  HIT trunk_base/right_shell                         x trunk_base/np_f970                             structure x structure              0.0 mm3
  HIT trunk_base/right_shell                         x trunk_base/xl330                               structure x structure              4.672597 mm3
  HIT trunk_base/right_shell                         x fastener#2[screw-m2-iso4762]                   screw x the part it is driven into 4.856731 mm3
  HIT trunk_base/right_shell                         x fastener#59[screw-m2-iso4762]                  screw x other body                 1.184661 mm3
  HIT trunk_base/banana_pcb_locker                   x trunk_base/power_support                       structure x structure              11.806119 mm3
  HIT trunk_base/trunk_base                          x trunk_base/xl330                               structure x structure              0.0 mm3
  HIT trunk_base/trunk_base                          x trunk_base/xl330                               structure x structure              0.0 mm3
  HIT trunk_base/trunk_base                          x trunk_base/seeed_bearing__configuration__22x16x4 structure x structure              1.3e-05 mm3
  HIT trunk_base/xl330                               x trunk_base/left_shell                          structure x structure              9.628621 mm3
  HIT trunk_base/xl330                               x fastener#7[screw-m2-iso4762]                   screw x the part it is driven into 3.41039 mm3
  HIT trunk_base/xl330                               x fastener#8[screw-m2-iso4762]                   screw x the part it is driven into 3.41039 mm3
  HIT trunk_base/xl330                               x fastener#9[screw-m2-iso4762]                   screw x the part it is driven into 3.41039 mm3
  HIT trunk_base/xl330                               x fastener#10[screw-m2-iso4762]                  screw x the part it is driven into 3.41039 mm3
  HIT trunk_base/power_support                       x trunk_base/np_f970                             structure x structure              20.63626 mm3
  HIT trunk_base/power_support                       x trunk_base/left_shell                          structure x structure              0.095466 mm3
  HIT trunk_base/power_support                       x fastener#58[screw-m2-iso4762]                  screw x the part it is driven into 3.044127 mm3
  HIT trunk_base/power_support                       x fastener#59[screw-m2-iso4762]                  screw x the part it is driven into 3.044127 mm3
  HIT trunk_base/np_f970                             x trunk_base/left_shell                          structure x structure              5.815899 mm3
  HIT trunk_base/xl330                               x trunk_base/seeed_bearing__configuration__22x16x4 structure x structure              0.0 mm3
  HIT trunk_base/xl330                               x fastener#11[screw-m2-iso4762]                  screw x the part it is driven into 3.41039 mm3
  HIT trunk_base/xl330                               x fastener#12[screw-m2-iso4762]                  screw x the part it is driven into 3.41039 mm3
  HIT trunk_base/xl330                               x fastener#13[screw-m2-iso4762]                  screw x the part it is driven into 3.41039 mm3
  HIT trunk_base/xl330                               x fastener#14[screw-m2-iso4762]                  screw x the part it is driven into 3.41039 mm3
  HIT trunk_base/left_shell                          x fastener#2[screw-m2-iso4762]                   screw x the part it is driven into 1.957258 mm3
  HIT trunk_base/left_shell                          x fastener#58[screw-m2-iso4762]                  screw x other body                 2.7466 mm3
  HIT trunk_base/seeed_bearing__configuration__22x16x4 x bearing_roll/yaw2roll                          structure x structure              0.0 mm3
  HIT yaw2roll/yaw2roll                              x yaw2roll/xl330                                 structure x structure              401.13286 mm3
  HIT yaw2roll/xl330                                 x yaw2roll/seeed_bearing__configuration__22x16x4 structure x structure              0.0 mm3
  HIT yaw2roll/xl330                                 x fastener#7[screw-m2-iso4762]                   screw x the part it is driven into 0.0 mm3
  HIT yaw2roll/xl330                                 x fastener#9[screw-m2-iso4762]                   screw x the part it is driven into 0.0 mm3
  HIT yaw2roll/xl330                                 x fastener#15[screw-m2-iso4762]                  screw x the part it is driven into 4.641356 mm3
  HIT yaw2roll/xl330                                 x fastener#16[screw-m2-iso4762]                  screw x the part it is driven into 4.668964 mm3
  HIT yaw2roll/xl330                                 x fastener#47[screw-m2-iso4762]                  screw x the part it is driven into 3.41039 mm3
  HIT yaw2roll/xl330                                 x fastener#48[screw-m2-iso4762]                  screw x the part it is driven into 3.41039 mm3
  HIT yaw2roll/seeed_bearing__configuration__22x16x4 x hip_l/hip_l                                    structure x structure              0.0 mm3
  HIT hip_l/seeed_bearing__configuration__22x16x4    x hip_l/hip_l                                    structure x structure              0.0 mm3
  HIT hip_l/seeed_bearing__configuration__22x16x4    x upper_leg_left/xl330                           structure x structure              0.0 mm3
  HIT hip_l/hip_l                                    x fastener#47[screw-m2-iso4762]                  screw x the part it is driven into 0.0 mm3
  HIT hip_l/hip_l                                    x fastener#48[screw-m2-iso4762]                  screw x the part it is driven into 0.0 mm3
  HIT upper_leg_left/upper_leg_left                  x upper_leg_left/xl330                           structure x structure              92.336841 mm3
  HIT upper_leg_left/upper_leg_left                  x upper_leg_left/xl330                           structure x structure              92.336841 mm3
  HIT upper_leg_left/xl330                           x upper_leg_left/seeed_bearing__configuration__22x16x4 structure x structure              0.0 mm3
  HIT upper_leg_left/xl330                           x fastener#0[screw-m2-iso4762]                   screw x the part it is driven into 4.534279 mm3
  HIT upper_leg_left/xl330                           x fastener#1[screw-m2-iso4762]                   screw x the part it is driven into 4.678549 mm3
  HIT upper_leg_left/xl330                           x fastener#18[screw-m2-iso4762]                  screw x the part it is driven into 4.605991 mm3
  HIT upper_leg_left/xl330                           x fastener#21[screw-m2-iso4762]                  screw x the part it is driven into 4.659452 mm3
  HIT leg/leg                                        x leg/xl330                                      structure x structure              366.722377 mm3
  HIT leg/leg                                        x ankle_left/seeed_bearing__configuration_default structure x structure              0.0 mm3
  HIT leg/xl330                                      x ankle_left/ankle_left                          structure x structure              0.0 mm3
  HIT leg/xl330                                      x fastener#23[screw-m2-iso4762]                  screw x the part it is driven into 3.0904 mm3
  HIT leg/xl330                                      x fastener#25[screw-m2-iso4762]                  screw x the part it is driven into 3.090882 mm3
  HIT leg/xl330                                      x fastener#27[screw-m2-iso4762]                  screw x the part it is driven into 3.090882 mm3
  HIT leg/xl330                                      x fastener#29[screw-m2-iso4762]                  screw x the part it is driven into 3.090882 mm3
  HIT ankle_left/sole_left                           x ankle_left/foot_left                           structure x structure              0.563991 mm3
  HIT ankle_left/foot_left                           x ankle_left/ankle_left                          structure x structure              0.0 mm3
  HIT ankle_left/foot_left                           x fastener#30[screw-m2-iso4762]                  screw x the part it is driven into 3.484709 mm3
  HIT ankle_left/seeed_bearing__configuration_default x ankle_left/ankle_left                          structure x structure              0.0 mm3
  HIT ankle_left/ankle_left                          x fastener#25[screw-m2-iso4762]                  screw x the part it is driven into 0.0 mm3
  HIT ankle_left/ankle_left                          x fastener#27[screw-m2-iso4762]                  screw x the part it is driven into 0.0 mm3
  HIT ankle_left/ankle_left                          x fastener#29[screw-m2-iso4762]                  screw x the part it is driven into 0.0 mm3
  HIT ankle_left/ankle_left                          x fastener#30[screw-m2-iso4762]                  screw x the part it is driven into 0.0 mm3
  HIT neck/neck                                      x neck/xl330                                     structure x structure              0.0 mm3
  HIT neck/neck                                      x neck/xl330                                     structure x structure              0.0 mm3
  HIT neck/xl330                                     x neck/neck                                      structure x structure              0.0 mm3
  HIT neck/xl330                                     x fastener#3[screw-m2-iso4762]                   screw x the part it is driven into 5.863849 mm3
  HIT neck/xl330                                     x fastener#4[screw-m2-iso4762]                   screw x the part it is driven into 5.872362 mm3
  HIT neck/xl330                                     x fastener#5[screw-m2-iso4762]                   screw x the part it is driven into 5.863849 mm3
  HIT neck/xl330                                     x fastener#6[screw-m2-iso4762]                   screw x the part it is driven into 5.883713 mm3
  HIT neck/xl330                                     x neck/neck                                      structure x structure              0.0 mm3
  HIT neck/xl330                                     x neck_pitch/neck_pitch                          structure x structure              0.0 mm3
  HIT neck/xl330                                     x fastener#31[screw-m2-iso4762]                  screw x the part it is driven into 3.41039 mm3
  HIT neck/xl330                                     x fastener#32[screw-m2-iso4762]                  screw x the part it is driven into 3.41039 mm3
  HIT neck/xl330                                     x fastener#33[screw-m2-iso4762]                  screw x the part it is driven into 3.41039 mm3
  HIT neck/xl330                                     x fastener#34[screw-m2-iso4762]                  screw x the part it is driven into 3.41039 mm3
  HIT neck_pitch/neck_pitch                          x neck_pitch/seeed_bearing__configuration__22x16x4 structure x structure              0.0 mm3
  HIT neck_pitch/neck_pitch                          x yaw_roll_motion/xl330                          structure x structure              5.1e-05 mm3
  HIT neck_pitch/neck_pitch                          x fastener#31[screw-m2-iso4762]                  screw x the part it is driven into 0.0 mm3
  HIT neck_pitch/neck_pitch                          x fastener#32[screw-m2-iso4762]                  screw x the part it is driven into 0.0 mm3
  HIT neck_pitch/neck_pitch                          x fastener#33[screw-m2-iso4762]                  screw x the part it is driven into 0.0 mm3
  HIT neck_pitch/neck_pitch                          x fastener#34[screw-m2-iso4762]                  screw x the part it is driven into 0.0 mm3
  HIT neck_pitch/neck_pitch                          x fastener#35[screw-m2-iso4762]                  screw x the part it is driven into 0.0 mm3
  HIT neck_pitch/neck_pitch                          x fastener#36[screw-m2-iso4762]                  screw x the part it is driven into 0.0 mm3
  HIT neck_pitch/neck_pitch                          x fastener#37[screw-m2-iso4762]                  screw x the part it is driven into 0.0 mm3
  HIT neck_pitch/neck_pitch                          x fastener#50[screw-m2-iso4762]                  screw x the part it is driven into 0.0 mm3
  HIT neck_pitch/seeed_bearing__configuration__22x16x4 x yaw_roll_motion/xl330                          structure x structure              0.0 mm3
  HIT yaw_roll_motion/yaw_roll_motion                x yaw_roll_motion/xl330                          structure x structure              None mm3
  HIT yaw_roll_motion/yaw_roll_motion                x yaw_roll_motion/seeed_bearing__configuration__22x16x4 structure x structure              None mm3
  HIT yaw_roll_motion/yaw_roll_motion                x yaw_roll_motion/seeed_bearing__configuration__22x16x4 structure x structure              None mm3
  HIT yaw_roll_motion/yaw_roll_motion                x jaw_soft/xl330                                 structure x structure              None mm3
  HIT yaw_roll_motion/yaw_roll_motion                x fastener#38[screw-m2-iso4762]                  screw x the part it is driven into None mm3
  HIT yaw_roll_motion/yaw_roll_motion                x fastener#39[screw-m2-iso4762]                  screw x the part it is driven into None mm3
  HIT yaw_roll_motion/yaw_roll_motion                x fastener#40[screw-m2-iso4762]                  screw x the part it is driven into None mm3
  HIT yaw_roll_motion/yaw_roll_motion                x fastener#41[screw-m2-iso4762]                  screw x the part it is driven into None mm3
  HIT yaw_roll_motion/xl330                          x fastener#35[screw-m2-iso4762]                  screw x the part it is driven into 3.400365 mm3
  ... 200/409 candidates, 231.3 s
  HIT yaw_roll_motion/xl330                          x fastener#36[screw-m2-iso4762]                  screw x the part it is driven into 3.400365 mm3
  HIT yaw_roll_motion/xl330                          x fastener#37[screw-m2-iso4762]                  screw x the part it is driven into 3.378855 mm3
  HIT yaw_roll_motion/xl330                          x fastener#50[screw-m2-iso4762]                  screw x the part it is driven into 3.399817 mm3
  HIT yaw_roll_motion/seeed_bearing__configuration__22x16x4 x jaw_soft/motor_support                         structure x structure              0.0 mm3
  HIT yaw_roll_motion/seeed_bearing__configuration__22x16x4 x jaw_soft/xl330                                 structure x structure              0.0 mm3
  HIT yaw_roll_motion/seeed_bearing__configuration__22x16x4 x jaw_soft/bottom_head_shell                     structure x structure              5.388718 mm3
  HIT yaw_roll_motion/seeed_bearing__configuration__22x16x4 x jaw_soft/speaker                               structure x structure              6.173294 mm3
  HIT yaw_roll_motion/seeed_bearing__configuration__22x16x4 x jaw_soft/bottom_head_shell                     structure x structure              5.388718 mm3
  HIT jaw_soft/lens                                  x jaw_soft/noenoeil                              structure x structure              359.521391 mm3
  HIT jaw_soft/lens                                  x jaw_soft/m12_lens_holder                       structure x structure              0.0 mm3
  HIT jaw_soft/face_part                             x jaw_soft/noenoeil                              structure x structure              0.0 mm3
  HIT jaw_soft/face_part                             x jaw_soft/bottom_head_shell                     structure x structure              0.0 mm3
  HIT jaw_soft/face_part                             x jaw_soft/pcb__raspberry_pi_zero_2_w            structure x structure              0.001227 mm3
  HIT jaw_soft/face_part                             x fastener#60[screw-m2-iso4762]                  screw x the part it is driven into 3.794525 mm3
  HIT jaw_soft/face_part                             x fastener#61[screw-m2-iso4762]                  screw x the part it is driven into 3.794525 mm3
  HIT jaw_soft/face_part                             x fastener#62[screw-m2-iso4762]                  screw x the part it is driven into 3.794525 mm3
  HIT jaw_soft/face_part                             x fastener#63[screw-m2-iso4762]                  screw x the part it is driven into 3.794525 mm3
  HIT jaw_soft/xl330                                 x jaw_soft/motor_support                         structure x structure              0.0 mm3
  HIT jaw_soft/xl330                                 x jaw_soft/jaw                                   structure x structure              0.0 mm3
  HIT jaw_soft/xl330                                 x jaw_soft/bottom_head_shell                     structure x structure              26.595485 mm3
  HIT jaw_soft/xl330                                 x fastener#51[screw-m2-iso4762]                  screw x the part it is driven into 4.588126 mm3
  HIT jaw_soft/xl330                                 x fastener#52[screw-m2-iso4762]                  screw x the part it is driven into 4.661989 mm3
  HIT jaw_soft/xl330                                 x fastener#53[screw-m2-iso4762]                  screw x the part it is driven into 6.311824 mm3
  HIT jaw_soft/xl330                                 x fastener#54[screw-m2-iso4762]                  screw x the part it is driven into 6.519311 mm3
  HIT jaw_soft/jaw_soft                              x jaw_soft/jaw                                   structure x structure              1.233457 mm3
  HIT jaw_soft/motor_support                         x jaw_soft/xl330                                 structure x structure              0.0 mm3
  HIT jaw_soft/motor_support                         x jaw_soft/seeed_bearing__configuration_default  structure x structure              5.670815 mm3
  HIT jaw_soft/motor_support                         x jaw_soft/bottom_head_shell                     structure x structure              0.0 mm3
  HIT jaw_soft/motor_support                         x jaw_soft/speaker                               structure x structure              412.549573 mm3
  HIT jaw_soft/top_head_shell                        x jaw_soft/xl330                                 structure x structure              17.864025 mm3
  HIT jaw_soft/top_head_shell                        x jaw_soft/elec_rpi_robot_hat_pcb                structure x structure              0.054522 mm3
  HIT jaw_soft/top_head_shell                        x jaw_soft/bottom_head_shell                     structure x structure              74.251721 mm3
  HIT jaw_soft/top_head_shell                        x fastener#42[screw-m2.5-iso4762]                screw x the part it is driven into 8.240544 mm3
  HIT jaw_soft/top_head_shell                        x fastener#43[screw-m2.5-iso4762]                screw x the part it is driven into 8.240544 mm3
  HIT jaw_soft/top_head_shell                        x fastener#55[screw-m2.5-iso4762]                screw x the part it is driven into 8.241618 mm3
  HIT jaw_soft/xl330                                 x jaw_soft/bottom_head_shell                     structure x structure              41.315068 mm3
  HIT jaw_soft/xl330                                 x jaw_soft/speaker                               structure x structure              0.0 mm3
  HIT jaw_soft/xl330                                 x fastener#38[screw-m2-iso4762]                  screw x the part it is driven into 7.497264 mm3
  HIT jaw_soft/xl330                                 x fastener#39[screw-m2-iso4762]                  screw x the part it is driven into 7.497264 mm3
  HIT jaw_soft/xl330                                 x fastener#40[screw-m2-iso4762]                  screw x the part it is driven into 7.497264 mm3
  HIT jaw_soft/xl330                                 x fastener#41[screw-m2-iso4762]                  screw x the part it is driven into 7.497264 mm3
  HIT jaw_soft/seeed_bearing__configuration_default  x jaw_soft/jaw                                   structure x structure              12.538928 mm3
  HIT jaw_soft/seeed_bearing__configuration_default  x jaw_soft/bottom_head_shell                     structure x structure              0.0 mm3
  HIT jaw_soft/soft_mouth_top                        x jaw_soft/bottom_head_shell                     structure x structure              0.0 mm3
  HIT jaw_soft/jaw                                   x fastener#51[screw-m2-iso4762]                  screw x the part it is driven into 0.133088 mm3
  HIT jaw_soft/jaw                                   x fastener#52[screw-m2-iso4762]                  screw x the part it is driven into 0.064085 mm3
  HIT jaw_soft/jaw                                   x fastener#53[screw-m2-iso4762]                  screw x the part it is driven into 0.024964 mm3
  HIT jaw_soft/jaw                                   x fastener#54[screw-m2-iso4762]                  screw x the part it is driven into 0.0 mm3
  HIT jaw_soft/m12_lens_holder                       x jaw_soft/pcb__raspberry_pi_zero_2_w            structure x structure              83.627225 mm3
  HIT bearing_roll/yaw2roll                          x bearing_roll/xl330                             structure x structure              401.13286 mm3
  HIT bearing_roll/xl330                             x bearing_roll/seeed_bearing__configuration__22x16x4 structure x structure              0.0 mm3
  HIT bearing_roll/xl330                             x fastener#11[screw-m2-iso4762]                  screw x the part it is driven into 0.0 mm3
  HIT bearing_roll/xl330                             x fastener#13[screw-m2-iso4762]                  screw x the part it is driven into 0.0 mm3
  HIT bearing_roll/xl330                             x fastener#44[screw-m2-iso4762]                  screw x the part it is driven into 4.356205 mm3
  HIT bearing_roll/xl330                             x fastener#45[screw-m2-iso4762]                  screw x the part it is driven into 4.642966 mm3
  HIT bearing_roll/xl330                             x fastener#56[screw-m2-iso4762]                  screw x the part it is driven into 3.41039 mm3
  HIT bearing_roll/xl330                             x fastener#57[screw-m2-iso4762]                  screw x the part it is driven into 3.41039 mm3
  HIT bearing_roll/seeed_bearing__configuration__22x16x4 x hip_l_2/hip_l                                  structure x structure              0.0 mm3
  HIT hip_l_2/hip_l                                  x hip_l_2/seeed_bearing__configuration__22x16x4  structure x structure              0.0 mm3
  HIT hip_l_2/hip_l                                  x fastener#56[screw-m2-iso4762]                  screw x the part it is driven into 0.0 mm3
  HIT hip_l_2/hip_l                                  x fastener#57[screw-m2-iso4762]                  screw x the part it is driven into 0.0 mm3
  HIT hip_l_2/seeed_bearing__configuration__22x16x4  x upper_leg_right/xl330                          structure x structure              0.0 mm3
  HIT upper_leg_right/xl330                          x upper_leg_right/seeed_bearing__configuration__22x16x4 structure x structure              0.0 mm3
  HIT upper_leg_right/xl330                          x upper_leg_right/upper_leg_right                structure x structure              92.336841 mm3
  HIT upper_leg_right/upper_leg_right                x upper_leg_right/xl330                          structure x structure              92.336841 mm3
  HIT upper_leg_right/xl330                          x fastener#17[screw-m2-iso4762]                  screw x the part it is driven into 4.659452 mm3
  HIT upper_leg_right/xl330                          x fastener#19[screw-m2-iso4762]                  screw x the part it is driven into 4.605991 mm3
  HIT upper_leg_right/xl330                          x fastener#20[screw-m2-iso4762]                  screw x the part it is driven into 4.605991 mm3
  HIT upper_leg_right/xl330                          x fastener#49[screw-m2-iso4762]                  screw x the part it is driven into 3.41039 mm3
  HIT leg_2/xl330                                    x leg_2/leg                                      structure x structure              366.722377 mm3
  HIT leg_2/xl330                                    x ankle_right/ankle_right                        structure x structure              0.0 mm3
  HIT leg_2/xl330                                    x fastener#22[screw-m2-iso4762]                  screw x the part it is driven into 3.0904 mm3
  HIT leg_2/xl330                                    x fastener#24[screw-m2-iso4762]                  screw x the part it is driven into 3.090882 mm3
  HIT leg_2/xl330                                    x fastener#26[screw-m2-iso4762]                  screw x the part it is driven into 3.090882 mm3
  HIT leg_2/xl330                                    x fastener#28[screw-m2-iso4762]                  screw x the part it is driven into 3.090882 mm3
  HIT leg_2/leg                                      x ankle_right/seeed_bearing__configuration_default structure x structure              0.0 mm3
  HIT ankle_right/ankle_right                        x ankle_right/seeed_bearing__configuration_default structure x structure              0.0 mm3
  HIT ankle_right/ankle_right                        x ankle_right/foot_right                         structure x structure              0.0 mm3
  HIT ankle_right/ankle_right                        x fastener#24[screw-m2-iso4762]                  screw x the part it is driven into 0.0 mm3
  ... 400/409 candidates, 396.5 s
  HIT ankle_right/ankle_right                        x fastener#26[screw-m2-iso4762]                  screw x the part it is driven into 0.0 mm3
  HIT ankle_right/ankle_right                        x fastener#28[screw-m2-iso4762]                  screw x the part it is driven into 0.0 mm3
  HIT ankle_right/ankle_right                        x fastener#46[screw-m2-iso4762]                  screw x the part it is driven into 0.0 mm3
  HIT ankle_right/sole_right                         x ankle_right/foot_right                         structure x structure              0.676789 mm3
  HIT ankle_right/foot_right                         x fastener#46[screw-m2-iso4762]                  screw x the part it is driven into 3.484709 mm3
DONE rest: 181 interfering pairs of 409 candidates in 403.6 s
