  left_hip_yaw     trunk_base     seeed_bearing__configuration__22x16x4 clearance min None mm over     0 deg ([0.0, 0.0, 0.0] per x)  horn face    0 idler face    0  in horn slab    0 idler slab   72
  left_hip_yaw     trunk_base     right_shell                      clearance min 10.151 mm over     0 deg ([0.0, 0.0, 0.0] per x)  horn face    0 idler face    0  in horn slab    0 idler slab    0
  left_hip_yaw     trunk_base     trunk_base                       clearance min None mm over     0 deg ([0.0, 0.0, 0.0] per x)  horn face    0 idler face    0  in horn slab    0 idler slab    0
  left_hip_yaw     trunk_base     power_support                    clearance min 2.499 mm over     0 deg ([0.0, 0.0, 0.0] per x)  horn face    0 idler face    0  in horn slab    0 idler slab    0
  left_hip_yaw     trunk_base     left_shell                       clearance min 0.499 mm over     6 deg ([6.0, 0.0, 0.0] per x)  horn face    0 idler face    0  in horn slab   15 idler slab    0
  left_hip_yaw     trunk_base     seeed_bearing__configuration__22x16x4 clearance min None mm over     0 deg ([0.0, 0.0, 0.0] per x)  horn face    0 idler face    0  in horn slab    0 idler slab    0
  left_hip_yaw     yaw2roll       yaw2roll                         clearance min None mm over     0 deg ([0.0, 0.0, 0.0] per x)  horn face    0 idler face    0  in horn slab    0 idler slab    0
  left_hip_yaw     yaw2roll       seeed_bearing__configuration__22x16x4 clearance min None mm over     0 deg ([0.0, 0.0, 0.0] per x)  horn face    0 idler face    0  in horn slab    0 idler slab    0
  left_hip_yaw     yaw2roll       bearing_roll                     clearance min None mm over     0 deg ([0.0, 0.0, 0.0] per x)  horn face    0 idler face    0  in horn slab    0 idler slab    0
left_hip_yaw     servo geom in trunk_base       holder []                           driven ['trunk_base']               -> CANNOT DETERMINE: no part holds the case within 0.5 mm over 60 deg
  left_hip_roll    yaw2roll       yaw2roll                         clearance min 0.122 mm over    60 deg ([4.0, 24.0, 56.0] per x)  horn face   85 idler face    0  in horn slab  373 idler slab    0
  left_hip_roll    yaw2roll       seeed_bearing__configuration__22x16x4 clearance min None mm over     0 deg ([0.0, 0.0, 0.0] per x)  horn face    0 idler face    0  in horn slab    0 idler slab   72
  left_hip_roll    yaw2roll       bearing_roll                     clearance min None mm over     0 deg ([0.0, 0.0, 0.0] per x)  horn face    0 idler face    0  in horn slab    0 idler slab    0
  left_hip_roll    hip_l          seeed_bearing__configuration__22x16x4 clearance min 10.999 mm over     0 deg ([0.0, 0.0, 0.0] per x)  horn face    0 idler face    0  in horn slab    0 idler slab    0
  left_hip_roll    hip_l          hip_l                            clearance min 6.499 mm over     0 deg ([0.0, 0.0, 0.0] per x)  horn face    0 idler face    0  in horn slab    0 idler slab    0
left_hip_roll    servo geom in yaw2roll         holder ['yaw2roll']                 driven ['yaw2roll']                 -> consistent: the MJCF body carrying the servo geom holds the case
  left_hip_pitch   hip_l          seeed_bearing__configuration__22x16x4 clearance min None mm over     0 deg ([0.0, 0.0, 0.0] per x)  horn face    0 idler face    0  in horn slab    0 idler slab   72
  left_hip_pitch   hip_l          hip_l                            clearance min None mm over     0 deg ([0.0, 0.0, 0.0] per x)  horn face    0 idler face    1  in horn slab    0 idler slab    0
  left_hip_pitch   upper_leg_left upper_leg_left                   clearance min 1.394 mm over     0 deg ([0.0, 0.0, 0.0] per x)  horn face   72 idler face    0  in horn slab  432 idler slab    0
  left_hip_pitch   upper_leg_left upper_leg_rigidity_plate         clearance min None mm over     0 deg ([0.0, 0.0, 0.0] per x)  horn face    0 idler face    0  in horn slab    0 idler slab    0
left_hip_pitch   servo geom in upper_leg_left   holder []                           driven ['hip_l', 'upper_leg_left']  -> CANNOT DETERMINE: no part holds the case within 0.5 mm over 60 deg
  left_knee        upper_leg_left upper_leg_left                   clearance min 1.344 mm over     0 deg ([0.0, 0.0, 0.0] per x)  horn face   72 idler face    0  in horn slab  432 idler slab    0
  left_knee        upper_leg_left upper_leg_rigidity_plate         clearance min None mm over     0 deg ([0.0, 0.0, 0.0] per x)  horn face    0 idler face    0  in horn slab    0 idler slab    0
  left_knee        upper_leg_left seeed_bearing__configuration__22x16x4 clearance min None mm over     0 deg ([0.0, 0.0, 0.0] per x)  horn face    0 idler face    0  in horn slab    0 idler slab   72
  left_knee        leg            leg                              clearance min None mm over     0 deg ([0.0, 0.0, 0.0] per x)  horn face    0 idler face    0  in horn slab    0 idler slab    0
left_knee        servo geom in upper_leg_left   holder []                           driven ['upper_leg_left']           -> CANNOT DETERMINE: no part holds the case within 0.5 mm over 60 deg
  left_ankle       leg            leg                              clearance min None mm over     0 deg ([0.0, 0.0, 0.0] per x)  horn face  144 idler face    0  in horn slab  780 idler slab    0
  left_ankle       ankle_left     sole_left                        clearance min 9.609 mm over     0 deg ([0.0, 0.0, 0.0] per x)  horn face    0 idler face    0  in horn slab    0 idler slab    0
  left_ankle       ankle_left     foot_left                        clearance min 3.19 mm over     0 deg ([0.0, 0.0, 0.0] per x)  horn face    0 idler face    0  in horn slab    0 idler slab    0
  left_ankle       ankle_left     seeed_bearing__configuration_default clearance min None mm over     0 deg ([0.0, 0.0, 0.0] per x)  horn face    0 idler face    0  in horn slab    0 idler slab    0
  left_ankle       ankle_left     ankle_left                       clearance min 0.118 mm over    90 deg ([90.0, 90.0, 90.0] per x)  horn face    0 idler face  364  in horn slab    0 idler slab    0
left_ankle       servo geom in leg              holder ['ankle_left']               driven ['ankle_left', 'leg']        -> INVERTED: the case is held by ['ankle_left'] but the servo geom sits in leg
  neck_pitch       trunk_base     right_shell                      clearance min 4.373 mm over     0 deg ([0.0, 0.0, 0.0] per x)  horn face    0 idler face    0  in horn slab    0 idler slab    0
  neck_pitch       trunk_base     left_shell                       clearance min 4.437 mm over     0 deg ([0.0, 0.0, 0.0] per x)  horn face    0 idler face    0  in horn slab    0 idler slab    0
  neck_pitch       neck           neck                             clearance min None mm over     0 deg ([0.0, 0.0, 0.0] per x)  horn face    0 idler face    0  in horn slab    0 idler slab    0
  neck_pitch       neck           neck                             clearance min None mm over     0 deg ([0.0, 0.0, 0.0] per x)  horn face    0 idler face    0  in horn slab    0 idler slab    0
neck_pitch       servo geom in neck             holder []                           driven []                           -> CANNOT DETERMINE: no part holds the case within 0.5 mm over 60 deg
  head_pitch       neck           neck                             clearance min None mm over     0 deg ([0.0, 0.0, 0.0] per x)  horn face    0 idler face    0  in horn slab    0 idler slab    0
  head_pitch       neck           neck                             clearance min None mm over     0 deg ([0.0, 0.0, 0.0] per x)  horn face    0 idler face    0  in horn slab    0 idler slab    0
  head_pitch       neck_pitch     neck_pitch                       clearance min 1.385 mm over     0 deg ([0.0, 0.0, 0.0] per x)  horn face  362 idler face  362  in horn slab    0 idler slab    0
  head_pitch       neck_pitch     seeed_bearing__configuration__22x16x4 clearance min 7.332 mm over     0 deg ([0.0, 0.0, 0.0] per x)  horn face    0 idler face    0  in horn slab    0 idler slab    0
head_pitch       servo geom in neck             holder []                           driven ['neck_pitch']               -> CANNOT DETERMINE: no part holds the case within 0.5 mm over 60 deg
  head_yaw         neck_pitch     neck_pitch                       clearance min None mm over     0 deg ([0.0, 0.0, 0.0] per x)  horn face    0 idler face  438  in horn slab    0 idler slab    0
  head_yaw         neck_pitch     seeed_bearing__configuration__22x16x4 clearance min None mm over     0 deg ([0.0, 0.0, 0.0] per x)  horn face    0 idler face    0  in horn slab    0 idler slab   72
  head_yaw         yaw_roll_motion yaw_roll_motion                  clearance min 0.315 mm over     8 deg ([0.0, 6.0, 2.0] per x)  horn face    0 idler face    0  in horn slab    4 idler slab    0
  head_yaw         yaw_roll_motion seeed_bearing__configuration__22x16x4 clearance min 6.05 mm over     0 deg ([0.0, 0.0, 0.0] per x)  horn face    0 idler face    0  in horn slab    0 idler slab    0
  head_yaw         yaw_roll_motion seeed_bearing__configuration__22x16x4 clearance min 4.038 mm over     0 deg ([0.0, 0.0, 0.0] per x)  horn face    0 idler face    0  in horn slab    0 idler slab    0
head_yaw         servo geom in yaw_roll_motion  holder []                           driven ['neck_pitch']               -> CANNOT DETERMINE: no part holds the case within 0.5 mm over 60 deg
  head_roll        yaw_roll_motion yaw_roll_motion                  clearance min None mm over     0 deg ([0.0, 0.0, 0.0] per x)  horn face    0 idler face   74  in horn slab    0 idler slab    0
  head_roll        yaw_roll_motion seeed_bearing__configuration__22x16x4 clearance min None mm over     0 deg ([0.0, 0.0, 0.0] per x)  horn face    0 idler face    0  in horn slab    0 idler slab   72
  head_roll        jaw_soft       motor_support                    clearance min 0.003 mm over    88 deg ([88.0, 0.0, 0.0] per x)  horn face    0 idler face    0  in horn slab    0 idler slab    0
  head_roll        jaw_soft       top_head_shell                   clearance min 3.493 mm over     0 deg ([0.0, 0.0, 0.0] per x)  horn face    2 idler face    0  in horn slab   15 idler slab    0
  head_roll        jaw_soft       jaw                              clearance min None mm over     0 deg ([0.0, 0.0, 0.0] per x)  horn face    0 idler face    0  in horn slab    0 idler slab    0
  head_roll        jaw_soft       bottom_head_shell                clearance min 0.101 mm over    26 deg ([0.0, 0.0, 26.0] per x)  horn face    2 idler face    0  in horn slab   26 idler slab    0
  head_roll        jaw_soft       speaker                          clearance min 0.356 mm over     2 deg ([2.0, 2.0, 2.0] per x)  horn face    0 idler face    0  in horn slab    0 idler slab    0
head_roll        servo geom in jaw_soft         holder ['jaw_soft']                 driven ['jaw_soft', 'yaw_roll_motion'] -> consistent: the MJCF body carrying the servo geom holds the case
  right_hip_yaw    trunk_base     seeed_bearing__configuration__22x16x4 clearance min None mm over     0 deg ([0.0, 0.0, 0.0] per x)  horn face    0 idler face    0  in horn slab    0 idler slab    0
  right_hip_yaw    trunk_base     right_shell                      clearance min 0.601 mm over     0 deg ([0.0, 0.0, 0.0] per x)  horn face    0 idler face    0  in horn slab   12 idler slab    0
  right_hip_yaw    trunk_base     trunk_base                       clearance min None mm over     0 deg ([0.0, 0.0, 0.0] per x)  horn face    0 idler face    0  in horn slab    0 idler slab    0
  right_hip_yaw    trunk_base     power_support                    clearance min 2.499 mm over     0 deg ([0.0, 0.0, 0.0] per x)  horn face    0 idler face    0  in horn slab    0 idler slab    0
  right_hip_yaw    trunk_base     left_shell                       clearance min 7.042 mm over     0 deg ([0.0, 0.0, 0.0] per x)  horn face    0 idler face    0  in horn slab    0 idler slab    0
  right_hip_yaw    trunk_base     seeed_bearing__configuration__22x16x4 clearance min None mm over     0 deg ([0.0, 0.0, 0.0] per x)  horn face    0 idler face    0  in horn slab    0 idler slab   72
  right_hip_yaw    bearing_roll   yaw2roll                         clearance min None mm over     0 deg ([0.0, 0.0, 0.0] per x)  horn face    0 idler face    0  in horn slab    0 idler slab    0
  right_hip_yaw    bearing_roll   bearing_roll                     clearance min None mm over     0 deg ([0.0, 0.0, 0.0] per x)  horn face    0 idler face    0  in horn slab    0 idler slab    0
  right_hip_yaw    bearing_roll   seeed_bearing__configuration__22x16x4 clearance min None mm over     0 deg ([0.0, 0.0, 0.0] per x)  horn face    0 idler face    0  in horn slab    0 idler slab    0
right_hip_yaw    servo geom in trunk_base       holder []                           driven ['trunk_base']               -> CANNOT DETERMINE: no part holds the case within 0.5 mm over 60 deg
  right_hip_roll   bearing_roll   yaw2roll                         clearance min 0.122 mm over    60 deg ([4.0, 24.0, 56.0] per x)  horn face   85 idler face    0  in horn slab  373 idler slab    0
  right_hip_roll   bearing_roll   bearing_roll                     clearance min None mm over     0 deg ([0.0, 0.0, 0.0] per x)  horn face    0 idler face    0  in horn slab    0 idler slab    0
  right_hip_roll   bearing_roll   seeed_bearing__configuration__22x16x4 clearance min None mm over     0 deg ([0.0, 0.0, 0.0] per x)  horn face    0 idler face    0  in horn slab    0 idler slab   72
  right_hip_roll   hip_l_2        hip_l                            clearance min 6.499 mm over     0 deg ([0.0, 0.0, 0.0] per x)  horn face    0 idler face    0  in horn slab    0 idler slab    0
  right_hip_roll   hip_l_2        seeed_bearing__configuration__22x16x4 clearance min 10.999 mm over     0 deg ([0.0, 0.0, 0.0] per x)  horn face    0 idler face    0  in horn slab    0 idler slab    0
right_hip_roll   servo geom in bearing_roll     holder ['bearing_roll']             driven ['bearing_roll']             -> consistent: the MJCF body carrying the servo geom holds the case
  right_hip_pitch  hip_l_2        hip_l                            clearance min None mm over     0 deg ([0.0, 0.0, 0.0] per x)  horn face    0 idler face    1  in horn slab    0 idler slab    0
  right_hip_pitch  hip_l_2        seeed_bearing__configuration__22x16x4 clearance min None mm over     0 deg ([0.0, 0.0, 0.0] per x)  horn face    0 idler face    0  in horn slab    0 idler slab   72
  right_hip_pitch  upper_leg_right upper_leg_rigidity_plate         clearance min None mm over     0 deg ([0.0, 0.0, 0.0] per x)  horn face    0 idler face    0  in horn slab    0 idler slab    0
  right_hip_pitch  upper_leg_right upper_leg_right                  clearance min 1.394 mm over     0 deg ([0.0, 0.0, 0.0] per x)  horn face   72 idler face    0  in horn slab  432 idler slab    0
right_hip_pitch  servo geom in upper_leg_right  holder []                           driven ['hip_l_2', 'upper_leg_right'] -> CANNOT DETERMINE: no part holds the case within 0.5 mm over 60 deg
  right_knee       upper_leg_right seeed_bearing__configuration__22x16x4 clearance min None mm over     0 deg ([0.0, 0.0, 0.0] per x)  horn face    0 idler face    0  in horn slab    0 idler slab   72
  right_knee       upper_leg_right upper_leg_rigidity_plate         clearance min None mm over     0 deg ([0.0, 0.0, 0.0] per x)  horn face    0 idler face    0  in horn slab    0 idler slab    0
  right_knee       upper_leg_right upper_leg_right                  clearance min 1.344 mm over     0 deg ([0.0, 0.0, 0.0] per x)  horn face   72 idler face    0  in horn slab  432 idler slab    0
  right_knee       leg_2          leg                              clearance min None mm over     0 deg ([0.0, 0.0, 0.0] per x)  horn face    0 idler face    0  in horn slab    0 idler slab    0
right_knee       servo geom in upper_leg_right  holder []                           driven ['upper_leg_right']          -> CANNOT DETERMINE: no part holds the case within 0.5 mm over 60 deg
  right_ankle      leg_2          leg                              clearance min None mm over     0 deg ([0.0, 0.0, 0.0] per x)  horn face  144 idler face    0  in horn slab  780 idler slab    0
  right_ankle      ankle_right    ankle_right                      clearance min 0.118 mm over    90 deg ([90.0, 90.0, 90.0] per x)  horn face    0 idler face  364  in horn slab    0 idler slab    0
  right_ankle      ankle_right    sole_right                       clearance min 9.609 mm over     0 deg ([0.0, 0.0, 0.0] per x)  horn face    0 idler face    0  in horn slab    0 idler slab    0
  right_ankle      ankle_right    seeed_bearing__configuration_default clearance min None mm over     0 deg ([0.0, 0.0, 0.0] per x)  horn face    0 idler face    0  in horn slab    0 idler slab    0
  right_ankle      ankle_right    foot_right                       clearance min 3.19 mm over     0 deg ([0.0, 0.0, 0.0] per x)  horn face    0 idler face    0  in horn slab    0 idler slab    0
right_ankle      servo geom in leg_2            holder ['ankle_right']              driven ['ankle_right', 'leg_2']     -> INVERTED: the case is held by ['ankle_right'] but the servo geom sits in leg_2
DONE: 2 of 14 hinges have the servo geom parented to a body that does not hold the case
