stage: sweep
  screw member part:screw-m2-iso4762 len=10.0 -> 1028 triangles
  screw member part:screw-m2-iso4762 len=8.0 -> 1028 triangles
  screw member part:screw-m2-iso4762 len=6.0 -> 1028 triangles
  screw member part:screw-m2-iso4762 len=12.0 -> 1028 triangles
  screw member part:screw-m2-iso4762 len=5.0 -> 1028 triangles
  screw member part:screw-m2.5-iso4762 len=8.0 -> 1028 triangles
  screw member part:screw-m2-iso4762 len=4.0 -> 1028 triangles
assembled bbox mm: X -51.777..92.290  Y -70.500..70.500  Z 13.473..277.449
closed meshes: 125 of 134 placed bodies
model built in 7.6 s: 134 rows, 15 bodies, 14 hinges
rest: 174 interfering pairs (280.1 s)
joint left_hip_yaw range -25.0..30.0 deg: 30 moved rows x 104 fixed rows, 12 samples, 1 pairs already interfering at rest
  HIT left_hip_yaw yaw2roll/yaw2roll x fastener#7[screw-m2-iso4762] begins at +1.25 deg (clear at +0.94)
  HIT left_hip_yaw yaw2roll/yaw2roll x fastener#8[screw-m2-iso4762] begins at +1.25 deg (clear at +0.94)
  HIT left_hip_yaw yaw2roll/yaw2roll x fastener#9[screw-m2-iso4762] begins at +1.25 deg (clear at +0.94)
  HIT left_hip_yaw yaw2roll/yaw2roll x fastener#10[screw-m2-iso4762] begins at +1.25 deg (clear at +0.94)
  + side done, 334.8 s
  HIT left_hip_yaw yaw2roll/yaw2roll x fastener#7[screw-m2-iso4762] begins at -1.25 deg (clear at -0.94)
  HIT left_hip_yaw yaw2roll/yaw2roll x fastener#8[screw-m2-iso4762] begins at -1.25 deg (clear at -0.94)
  HIT left_hip_yaw yaw2roll/yaw2roll x fastener#9[screw-m2-iso4762] begins at -1.25 deg (clear at -0.94)
  HIT left_hip_yaw yaw2roll/yaw2roll x fastener#10[screw-m2-iso4762] begins at -1.25 deg (clear at -0.94)
  HIT left_hip_yaw trunk_base/np_f970 x leg/leg begins at -18.12 deg (clear at -17.81)
  HIT left_hip_yaw trunk_base/np_f970 x upper_leg_left/seeed_bearing__configuration__22x16x4 begins at -24.69 deg (clear at -24.38)
  HIT left_hip_yaw trunk_base/power_support x leg/leg begins at -23.75 deg (clear at -23.44)
  - side done, 416.2 s
joint left_hip_roll range -22.0..22.0 deg: 26 moved rows x 108 fixed rows, 11 samples, 5 pairs already interfering at rest
  HIT left_hip_roll yaw2roll/yaw2roll x fastener#21[screw-m2-iso4762] begins at +18.44 deg (clear at +18.12)
  HIT left_hip_roll trunk_base/seeed_bearing__configuration__22x16x4 x fastener#21[screw-m2-iso4762] begins at +21.50 deg (clear at +21.00)
  + side done, 478.4 s
  - side done, 534.2 s
joint left_hip_pitch range -90.0..90.0 deg: 16 moved rows x 118 fixed rows, 38 samples, 5 pairs already interfering at rest
  + side done, 616.8 s
  - side done, 779.1 s
joint left_knee range -90.0..90.0 deg: 11 moved rows x 123 fixed rows, 38 samples, 0 pairs already interfering at rest
  HIT left_knee hip_l/hip_l x ankle_left/foot_left begins at +70.94 deg (clear at +70.62)
  HIT left_knee hip_l/hip_l x ankle_left/sole_left begins at +75.31 deg (clear at +75.00)
  HIT left_knee hip_l/hip_l x ankle_left/ankle_left begins at +79.69 deg (clear at +79.38)
  HIT left_knee upper_leg_left/xl330 x ankle_left/ankle_left begins at +89.69 deg (clear at +89.37)
  + side done, 956.1 s
  - side done, 1061.9 s
joint left_ankle range -90.0..90.0 deg: 9 moved rows x 125 fixed rows, 38 samples, 5 pairs already interfering at rest
  HIT left_ankle leg/xl330 x ankle_left/ankle_left begins at +0.31 deg (clear at +0.00)
  HIT left_ankle leg/xl330 x ankle_left/foot_left begins at +73.44 deg (clear at +73.12)
  HIT left_ankle leg/leg x ankle_left/foot_left begins at +79.69 deg (clear at +79.38)
  HIT left_ankle leg/leg x ankle_left/ankle_left begins at +75.31 deg (clear at +75.00)
  + side done, 1185.8 s
  HIT left_ankle leg/xl330 x ankle_left/ankle_left begins at -0.31 deg (clear at +0.00)
  HIT left_ankle leg/xl330 x fastener#30[screw-m2-iso4762] begins at -75.00 deg (clear at -74.69)
  HIT left_ankle leg/xl330 x ankle_left/foot_left begins at -79.69 deg (clear at -79.38)
  HIT left_ankle leg/leg x ankle_left/ankle_left begins at -79.38 deg (clear at -79.06)
  HIT left_ankle leg/leg x ankle_left/foot_left begins at -82.50 deg (clear at -82.19)
  HIT left_ankle upper_leg_left/xl330 x ankle_left/foot_left begins at -88.12 deg (clear at -87.81)
  - side done, 1327.2 s
joint neck_pitch range -90.0..60.0 deg: 53 moved rows x 81 fixed rows, 31 samples, 0 pairs already interfering at rest
  HIT neck_pitch trunk_base/right_shell x fastener#3[screw-m2-iso4762] begins at +1.25 deg (clear at +0.94)
  HIT neck_pitch trunk_base/right_shell x fastener#4[screw-m2-iso4762] begins at +1.25 deg (clear at +0.94)
  HIT neck_pitch trunk_base/right_shell x fastener#5[screw-m2-iso4762] begins at +1.25 deg (clear at +0.94)
  HIT neck_pitch trunk_base/right_shell x fastener#6[screw-m2-iso4762] begins at +0.94 deg (clear at +0.62)
  + side done, 1623.8 s
  HIT neck_pitch trunk_base/right_shell x fastener#3[screw-m2-iso4762] begins at -1.25 deg (clear at -0.94)
  HIT neck_pitch trunk_base/right_shell x fastener#4[screw-m2-iso4762] begins at -1.25 deg (clear at -0.94)
  HIT neck_pitch trunk_base/right_shell x fastener#5[screw-m2-iso4762] begins at -1.25 deg (clear at -0.94)
  HIT neck_pitch trunk_base/right_shell x fastener#6[screw-m2-iso4762] begins at -0.94 deg (clear at -0.62)
  - side done, 1867.8 s
joint head_pitch range -90.0..90.0 deg: 41 moved rows x 93 fixed rows, 38 samples, 5 pairs already interfering at rest
  + side done, 2320.7 s
  HIT head_pitch trunk_base/right_shell x jaw_soft/top_head_shell begins at -66.88 deg (clear at -66.56)
  HIT head_pitch trunk_base/left_shell x jaw_soft/top_head_shell begins at -66.88 deg (clear at -66.56)
  HIT head_pitch trunk_base/right_shell x jaw_soft/bottom_head_shell begins at -65.94 deg (clear at -65.62)
  HIT head_pitch trunk_base/left_shell x jaw_soft/bottom_head_shell begins at -65.94 deg (clear at -65.62)
  HIT head_pitch trunk_base/power_support x jaw_soft/top_head_shell begins at -70.62 deg (clear at -70.31)
  HIT head_pitch trunk_base/banana_pcb_locker x jaw_soft/top_head_shell begins at -84.38 deg (clear at -84.06)
  HIT head_pitch trunk_base/right_shell x jaw_soft/xl330 begins at -85.31 deg (clear at -85.00)
  HIT head_pitch trunk_base/right_shell x jaw_soft/speaker begins at -85.62 deg (clear at -85.31)
  HIT head_pitch trunk_base/power_support x jaw_soft/speaker begins at -89.06 deg (clear at -88.75)
  HIT head_pitch trunk_base/left_shell x jaw_soft/speaker begins at -85.94 deg (clear at -85.62)
  - side done, 2611.8 s
joint head_yaw range -170.0..170.0 deg: 35 moved rows x 99 fixed rows, 70 samples, 5 pairs already interfering at rest
  + side done, 3175.8 s
  - side done, 3758.1 s
joint head_roll range -25.0..25.0 deg: 31 moved rows x 103 fixed rows, 12 samples, 10 pairs already interfering at rest
  HIT head_roll yaw_roll_motion/xl330 x jaw_soft/xl330 begins at +13.75 deg (clear at +13.44)
  HIT head_roll neck_pitch/seeed_bearing__configuration__22x16x4 x jaw_soft/xl330 begins at +24.06 deg (clear at +23.75)
  + side done, 3914.4 s
  HIT head_roll yaw_roll_motion/yaw_roll_motion x jaw_soft/xl330 begins at -7.50 deg (clear at -7.19)
  HIT head_roll yaw_roll_motion/xl330 x jaw_soft/xl330 begins at -8.12 deg (clear at -7.81)
  HIT head_roll jaw_soft/bottom_head_shell x fastener#33[screw-m2-iso4762] begins at -24.69 deg (clear at -24.38)
  - side done, 4170.0 s
joint right_hip_yaw range -30.0..25.0 deg: 34 moved rows x 100 fixed rows, 12 samples, 5 pairs already interfering at rest
  HIT right_hip_yaw trunk_base/np_f970 x leg_2/leg begins at +18.12 deg (clear at +17.81)
  HIT right_hip_yaw trunk_base/np_f970 x upper_leg_right/seeed_bearing__configuration__22x16x4 begins at +24.69 deg (clear at +24.38)
  HIT right_hip_yaw trunk_base/power_support x leg_2/leg begins at +23.75 deg (clear at +23.44)
  + side done, 4240.0 s
  - side done, 4274.2 s
joint right_hip_roll range -22.0..22.0 deg: 22 moved rows x 112 fixed rows, 11 samples, 3 pairs already interfering at rest
  HIT right_hip_roll hip_l_2/hip_l x fastener#44[screw-m2-iso4762] begins at +2.19 deg (clear at +1.88)
  HIT right_hip_roll hip_l_2/hip_l x fastener#45[screw-m2-iso4762] begins at +2.19 deg (clear at +1.88)
  + side done, 4304.8 s
  HIT right_hip_roll hip_l_2/hip_l x fastener#44[screw-m2-iso4762] begins at -2.19 deg (clear at -1.88)
  HIT right_hip_roll hip_l_2/hip_l x fastener#45[screw-m2-iso4762] begins at -2.19 deg (clear at -1.88)
  HIT right_hip_roll bearing_roll/yaw2roll x fastener#20[screw-m2-iso4762] begins at -18.44 deg (clear at -18.12)
  HIT right_hip_roll trunk_base/seeed_bearing__configuration__22x16x4 x fastener#20[screw-m2-iso4762] begins at -22.00 deg (clear at -21.50)
  - side done, 4344.5 s
joint right_hip_pitch range -90.0..90.0 deg: 16 moved rows x 118 fixed rows, 38 samples, 5 pairs already interfering at rest
  + side done, 4414.1 s
  - side done, 4485.3 s
joint right_knee range -90.0..90.0 deg: 11 moved rows x 123 fixed rows, 38 samples, 0 pairs already interfering at rest
  + side done, 4541.4 s
  HIT right_knee hip_l_2/hip_l x ankle_right/foot_right begins at -70.94 deg (clear at -70.62)
  HIT right_knee hip_l_2/hip_l x ankle_right/ankle_right begins at -79.69 deg (clear at -79.38)
  HIT right_knee hip_l_2/hip_l x ankle_right/sole_right begins at -75.31 deg (clear at -75.00)
  HIT right_knee upper_leg_right/xl330 x ankle_right/ankle_right begins at -89.69 deg (clear at -89.38)
  - side done, 4649.5 s
joint right_ankle range -90.0..90.0 deg: 9 moved rows x 125 fixed rows, 38 samples, 5 pairs already interfering at rest
  HIT right_ankle leg_2/xl330 x ankle_right/ankle_right begins at +0.31 deg (clear at +0.00)
  HIT right_ankle leg_2/xl330 x fastener#46[screw-m2-iso4762] begins at +75.00 deg (clear at +74.69)
  HIT right_ankle leg_2/leg x ankle_right/ankle_right begins at +79.38 deg (clear at +79.06)
  HIT right_ankle leg_2/xl330 x ankle_right/foot_right begins at +79.69 deg (clear at +79.38)
  HIT right_ankle leg_2/leg x ankle_right/foot_right begins at +82.50 deg (clear at +82.19)
  HIT right_ankle upper_leg_right/xl330 x ankle_right/foot_right begins at +88.12 deg (clear at +87.81)
  + side done, 4772.6 s
  HIT right_ankle leg_2/xl330 x ankle_right/ankle_right begins at -0.31 deg (clear at +0.00)
  HIT right_ankle leg_2/xl330 x ankle_right/foot_right begins at -73.44 deg (clear at -73.12)
  HIT right_ankle leg_2/leg x ankle_right/ankle_right begins at -75.31 deg (clear at -75.00)
  HIT right_ankle leg_2/leg x ankle_right/foot_right begins at -79.69 deg (clear at -79.38)
  - side done, 4861.9 s
DONE sweep: 14 joints, 73 range collisions, 4861.9 s
