  screw member part:screw-m2-iso4762 len=10.0 -> 1028 triangles
  screw member part:screw-m2-iso4762 len=8.0 -> 1028 triangles
  screw member part:screw-m2-iso4762 len=6.0 -> 1028 triangles
  screw member part:screw-m2-iso4762 len=12.0 -> 1028 triangles
  screw member part:screw-m2-iso4762 len=5.0 -> 1028 triangles
  screw member part:screw-m2.5-iso4762 len=8.0 -> 1028 triangles
  screw member part:screw-m2-iso4762 len=4.0 -> 1028 triangles
assembled bbox mm: X -51.777..92.290  Y -70.500..70.500  Z 13.473..277.449
closed meshes: 125 of 134 placed bodies
  left_hip_yaw trunk_base/np_f970 x leg/leg @used -25.00 deg depth=4.35893 (outside envelope)
  left_hip_yaw trunk_base/power_support x leg/leg @sample -25.00 deg depth=0.78062 (outside envelope)
  left_hip_yaw trunk_base/power_support x leg/leg @used -25.00 deg depth=0.78062 (outside envelope)
  left_hip_yaw trunk_base/np_f970 x upper_leg_left/seeed_bearing__configuration__22x16x4 @sample -25.00 deg depth=0.23434 (outside envelope)
  left_hip_yaw trunk_base/np_f970 x upper_leg_left/seeed_bearing__configuration__22x16x4 @used -25.00 deg depth=0.23434 (outside envelope)
  left_hip_yaw trunk_base/np_f970 x leg/leg @sample -20.00 deg depth=1.49724 (outside envelope)
  left_hip_yaw yaw2roll/yaw2roll x fastener#7[screw-m2-iso4762] @used -8.90 deg depth=0.83081
  left_hip_yaw yaw2roll/yaw2roll x fastener#8[screw-m2-iso4762] @used -8.90 deg depth=0.8308
  left_hip_yaw yaw2roll/yaw2roll x fastener#9[screw-m2-iso4762] @used -8.90 deg depth=0.83081
  left_hip_yaw yaw2roll/yaw2roll x fastener#10[screw-m2-iso4762] @used -8.90 deg depth=0.8308
  left_hip_yaw yaw2roll/yaw2roll x fastener#7[screw-m2-iso4762] @sample -5.00 deg depth=0.42232
  left_hip_yaw yaw2roll/yaw2roll x fastener#8[screw-m2-iso4762] @sample -5.00 deg depth=0.42223
  left_hip_yaw yaw2roll/yaw2roll x fastener#9[screw-m2-iso4762] @sample -5.00 deg depth=0.42232
  left_hip_yaw yaw2roll/yaw2roll x fastener#10[screw-m2-iso4762] @sample -5.00 deg depth=0.42223
  left_hip_yaw yaw2roll/yaw2roll x fastener#7[screw-m2-iso4762] @sample +5.00 deg depth=0.42232
  left_hip_yaw yaw2roll/yaw2roll x fastener#8[screw-m2-iso4762] @sample +5.00 deg depth=0.42223
  left_hip_yaw yaw2roll/yaw2roll x fastener#9[screw-m2-iso4762] @sample +5.00 deg depth=0.42232
  left_hip_yaw yaw2roll/yaw2roll x fastener#10[screw-m2-iso4762] @sample +5.00 deg depth=0.42223
  left_hip_yaw yaw2roll/yaw2roll x fastener#7[screw-m2-iso4762] @used +6.23 deg depth=0.55134
  left_hip_yaw yaw2roll/yaw2roll x fastener#8[screw-m2-iso4762] @used +6.23 deg depth=0.55122
  left_hip_yaw yaw2roll/yaw2roll x fastener#9[screw-m2-iso4762] @used +6.23 deg depth=0.55134
  left_hip_yaw yaw2roll/yaw2roll x fastener#10[screw-m2-iso4762] @used +6.23 deg depth=0.55122
joint left_hip_yaw done, 6.6 s
  left_hip_roll yaw2roll/yaw2roll x fastener#21[screw-m2-iso4762] @sample +20.00 deg depth=0.18078 (outside envelope)
  left_hip_roll yaw2roll/yaw2roll x fastener#21[screw-m2-iso4762] @used +22.00 deg depth=0.35194 (outside envelope)
  left_hip_roll trunk_base/seeed_bearing__configuration__22x16x4 x fastener#21[screw-m2-iso4762] @sample +22.00 deg depth=0.0 (outside envelope)
  left_hip_roll trunk_base/seeed_bearing__configuration__22x16x4 x fastener#21[screw-m2-iso4762] @used +22.00 deg depth=0.0 (outside envelope)
joint left_hip_roll done, 7.3 s
joint left_hip_pitch done, 7.3 s
  left_knee hip_l/hip_l x ankle_left/foot_left @sample +75.00 deg depth=2.01401
  left_knee hip_l/hip_l x ankle_left/foot_left @used +75.13 deg depth=2.10254
  left_knee hip_l/hip_l x ankle_left/sole_left @sample +80.00 deg depth=2.42625 (outside envelope)
  left_knee hip_l/hip_l x ankle_left/ankle_left @sample +80.00 deg depth=0.47306 (outside envelope)
  left_knee hip_l/hip_l x ankle_left/sole_left @used +90.00 deg depth=1.53972 (outside envelope)
  left_knee hip_l/hip_l x ankle_left/ankle_left @used +90.00 deg depth=1.38159 (outside envelope)
  left_knee upper_leg_left/xl330 x ankle_left/ankle_left @sample +90.00 deg depth=0.29513 (outside envelope)
  left_knee upper_leg_left/xl330 x ankle_left/ankle_left @used +90.00 deg depth=0.29513 (outside envelope)
joint left_knee done, 10.7 s
  left_ankle leg/xl330 x ankle_left/ankle_left @used -90.00 deg depth=2.88097 (outside envelope)
  left_ankle leg/xl330 x fastener#30[screw-m2-iso4762] @used -90.00 deg depth=3.8809 (outside envelope)
  left_ankle leg/leg x ankle_left/ankle_left @used -90.00 deg depth=1.236 (outside envelope)
  left_ankle leg/xl330 x ankle_left/foot_left @used -90.00 deg depth=1.38236 (outside envelope)
  left_ankle leg/leg x ankle_left/foot_left @used -90.00 deg depth=1.34076 (outside envelope)
  left_ankle upper_leg_left/xl330 x ankle_left/foot_left @used -90.00 deg depth=0.0 (outside envelope)
  left_ankle upper_leg_left/xl330 x ankle_left/foot_left @sample -90.00 deg depth=0.0 (outside envelope)
  left_ankle leg/leg x ankle_left/foot_left @sample -85.00 deg depth=0.74247 (outside envelope)
  left_ankle leg/leg x ankle_left/ankle_left @sample -80.00 deg depth=0.2123 (outside envelope)
  left_ankle leg/xl330 x ankle_left/foot_left @sample -80.00 deg depth=0.21671 (outside envelope)
  left_ankle leg/xl330 x fastener#30[screw-m2-iso4762] @sample -75.00 deg depth=0.05234 (outside envelope)
  left_ankle leg/xl330 x ankle_left/ankle_left @sample -5.00 deg depth=0.71638 (outside envelope)
  left_ankle leg/xl330 x ankle_left/ankle_left @sample +5.00 deg depth=0.71638
  left_ankle leg/xl330 x ankle_left/ankle_left @used +45.57 deg depth=2.49704
  left_ankle leg/xl330 x ankle_left/foot_left @sample +75.00 deg depth=0.34607 (outside envelope)
  left_ankle leg/leg x ankle_left/ankle_left @sample +80.00 deg depth=0.148 (outside envelope)
  left_ankle leg/leg x ankle_left/foot_left @sample +80.00 deg depth=0.15988 (outside envelope)
  left_ankle leg/xl330 x ankle_left/foot_left @used +90.00 deg depth=3.88097 (outside envelope)
  left_ankle leg/leg x ankle_left/ankle_left @used +90.00 deg depth=0.90073 (outside envelope)
  left_ankle leg/leg x ankle_left/foot_left @used +90.00 deg depth=1.01043 (outside envelope)
joint left_ankle done, 16.5 s
  neck_pitch trunk_base/right_shell x fastener#6[screw-m2-iso4762] @used -37.03 deg depth=0.06255
  neck_pitch trunk_base/right_shell x fastener#3[screw-m2-iso4762] @used -37.03 deg depth=0.0
  neck_pitch trunk_base/right_shell x fastener#4[screw-m2-iso4762] @used -37.03 deg depth=0.00225
  neck_pitch trunk_base/right_shell x fastener#5[screw-m2-iso4762] @used -37.03 deg depth=0.07233
  neck_pitch trunk_base/right_shell x fastener#6[screw-m2-iso4762] @sample -5.00 deg depth=0.42907
  neck_pitch trunk_base/right_shell x fastener#3[screw-m2-iso4762] @sample -5.00 deg depth=0.42284
  neck_pitch trunk_base/right_shell x fastener#4[screw-m2-iso4762] @sample -5.00 deg depth=0.4154
  neck_pitch trunk_base/right_shell x fastener#5[screw-m2-iso4762] @sample -5.00 deg depth=0.42277
  neck_pitch trunk_base/right_shell x fastener#6[screw-m2-iso4762] @sample +5.00 deg depth=0.42907
  neck_pitch trunk_base/right_shell x fastener#3[screw-m2-iso4762] @sample +5.00 deg depth=0.42277
  neck_pitch trunk_base/right_shell x fastener#4[screw-m2-iso4762] @sample +5.00 deg depth=0.4154
  neck_pitch trunk_base/right_shell x fastener#5[screw-m2-iso4762] @sample +5.00 deg depth=0.42284
  neck_pitch trunk_base/right_shell x fastener#6[screw-m2-iso4762] @used +37.03 deg depth=0.0497
  neck_pitch trunk_base/right_shell x fastener#3[screw-m2-iso4762] @used +37.03 deg depth=0.64821
  neck_pitch trunk_base/right_shell x fastener#4[screw-m2-iso4762] @used +37.03 deg depth=0.0
  neck_pitch trunk_base/right_shell x fastener#5[screw-m2-iso4762] @used +37.03 deg depth=0.0
joint neck_pitch done, 21.2 s
  head_pitch trunk_base/power_support x jaw_soft/speaker @used -90.00 deg depth=0.92325 (outside envelope)
  head_pitch trunk_base/right_shell x jaw_soft/xl330 @sample -90.00 deg depth=2.70548
  head_pitch trunk_base/right_shell x jaw_soft/speaker @sample -90.00 deg depth=3.19485
  head_pitch trunk_base/left_shell x jaw_soft/speaker @sample -90.00 deg depth=3.19485
  head_pitch trunk_base/power_support x jaw_soft/speaker @sample -90.00 deg depth=0.92325 (outside envelope)
  head_pitch trunk_base/right_shell x jaw_soft/bottom_head_shell @used -87.85 deg depth=1.08609
  head_pitch trunk_base/left_shell x jaw_soft/bottom_head_shell @used -87.85 deg depth=1.08368
  head_pitch trunk_base/right_shell x jaw_soft/top_head_shell @used -87.85 deg depth=1.09274
  head_pitch trunk_base/left_shell x jaw_soft/top_head_shell @used -87.85 deg depth=1.09352
  head_pitch trunk_base/power_support x jaw_soft/top_head_shell @used -87.85 deg depth=2.75343
  head_pitch trunk_base/banana_pcb_locker x jaw_soft/top_head_shell @used -87.85 deg depth=0.84
  head_pitch trunk_base/right_shell x jaw_soft/xl330 @used -87.85 deg depth=1.39618
  head_pitch trunk_base/right_shell x jaw_soft/speaker @used -87.85 deg depth=1.78271
  head_pitch trunk_base/left_shell x jaw_soft/speaker @used -87.85 deg depth=1.70426
  head_pitch trunk_base/banana_pcb_locker x jaw_soft/top_head_shell @sample -85.00 deg depth=0.23804
  head_pitch trunk_base/power_support x jaw_soft/top_head_shell @sample -75.00 deg depth=0.84415
  head_pitch trunk_base/right_shell x jaw_soft/bottom_head_shell @sample -70.00 deg depth=1.09036
  head_pitch trunk_base/left_shell x jaw_soft/bottom_head_shell @sample -70.00 deg depth=1.08767
  head_pitch trunk_base/right_shell x jaw_soft/top_head_shell @sample -70.00 deg depth=1.07981
  head_pitch trunk_base/left_shell x jaw_soft/top_head_shell @sample -70.00 deg depth=1.03632
joint head_pitch done, 28.4 s
joint head_yaw done, 28.4 s
  head_roll yaw_roll_motion/yaw_roll_motion x jaw_soft/xl330 @used -25.00 deg depth=None
  head_roll yaw_roll_motion/xl330 x jaw_soft/xl330 @used -25.00 deg depth=0.0
  head_roll jaw_soft/bottom_head_shell x fastener#33[screw-m2-iso4762] @sample -25.00 deg depth=0.1345
  head_roll jaw_soft/bottom_head_shell x fastener#33[screw-m2-iso4762] @used -25.00 deg depth=0.1345
  head_roll yaw_roll_motion/yaw_roll_motion x jaw_soft/xl330 @sample -10.00 deg depth=None
  head_roll yaw_roll_motion/xl330 x jaw_soft/xl330 @sample -10.00 deg depth=0.0
  head_roll yaw_roll_motion/xl330 x jaw_soft/xl330 @sample +15.00 deg depth=0.0
  head_roll neck_pitch/seeed_bearing__configuration__22x16x4 x jaw_soft/xl330 @sample +25.00 deg depth=0.0
  head_roll yaw_roll_motion/xl330 x jaw_soft/xl330 @used +25.00 deg depth=0.0
  head_roll neck_pitch/seeed_bearing__configuration__22x16x4 x jaw_soft/xl330 @used +25.00 deg depth=0.0
joint head_roll done, 50.9 s
  right_hip_yaw trunk_base/np_f970 x leg_2/leg @sample +20.00 deg depth=1.49658 (outside envelope)
  right_hip_yaw trunk_base/np_f970 x leg_2/leg @used +25.00 deg depth=4.35891 (outside envelope)
  right_hip_yaw trunk_base/power_support x leg_2/leg @sample +25.00 deg depth=0.78062 (outside envelope)
  right_hip_yaw trunk_base/power_support x leg_2/leg @used +25.00 deg depth=0.78062 (outside envelope)
  right_hip_yaw trunk_base/np_f970 x upper_leg_right/seeed_bearing__configuration__22x16x4 @sample +25.00 deg depth=0.23419 (outside envelope)
  right_hip_yaw trunk_base/np_f970 x upper_leg_right/seeed_bearing__configuration__22x16x4 @used +25.00 deg depth=0.23419 (outside envelope)
joint right_hip_yaw done, 53.7 s
  right_hip_roll bearing_roll/yaw2roll x fastener#20[screw-m2-iso4762] @used -22.00 deg depth=0.32783 (outside envelope)
  right_hip_roll trunk_base/seeed_bearing__configuration__22x16x4 x fastener#20[screw-m2-iso4762] @sample -22.00 deg depth=0.13632 (outside envelope)
  right_hip_roll trunk_base/seeed_bearing__configuration__22x16x4 x fastener#20[screw-m2-iso4762] @used -22.00 deg depth=0.13632 (outside envelope)
  right_hip_roll bearing_roll/yaw2roll x fastener#20[screw-m2-iso4762] @sample -20.00 deg depth=0.15635 (outside envelope)
  right_hip_roll hip_l_2/hip_l x fastener#44[screw-m2-iso4762] @used -11.90 deg depth=0.95058
  right_hip_roll hip_l_2/hip_l x fastener#45[screw-m2-iso4762] @used -11.90 deg depth=0.95123
  right_hip_roll hip_l_2/hip_l x fastener#44[screw-m2-iso4762] @sample -5.00 deg depth=0.32336
  right_hip_roll hip_l_2/hip_l x fastener#45[screw-m2-iso4762] @sample -5.00 deg depth=0.32239
  right_hip_roll hip_l_2/hip_l x fastener#44[screw-m2-iso4762] @sample +5.00 deg depth=0.32138
  right_hip_roll hip_l_2/hip_l x fastener#45[screw-m2-iso4762] @sample +5.00 deg depth=0.32239
  right_hip_roll hip_l_2/hip_l x fastener#44[screw-m2-iso4762] @used +7.93 deg depth=0.62787
  right_hip_roll hip_l_2/hip_l x fastener#45[screw-m2-iso4762] @used +7.93 deg depth=0.62883
joint right_hip_roll done, 56.8 s
joint right_hip_pitch done, 56.8 s
  right_knee hip_l_2/hip_l x ankle_right/ankle_right @used -90.00 deg depth=1.38159 (outside envelope)
  right_knee upper_leg_right/xl330 x ankle_right/ankle_right @used -90.00 deg depth=0.29513 (outside envelope)
  right_knee upper_leg_right/xl330 x ankle_right/ankle_right @sample -90.00 deg depth=0.29513 (outside envelope)
  right_knee hip_l_2/hip_l x ankle_right/sole_right @sample -80.00 deg depth=2.42614
  right_knee hip_l_2/hip_l x ankle_right/ankle_right @sample -80.00 deg depth=0.47298 (outside envelope)
  right_knee hip_l_2/hip_l x ankle_right/foot_right @used -79.68 deg depth=3.72702
  right_knee hip_l_2/hip_l x ankle_right/sole_right @used -79.68 deg depth=2.27461
  right_knee hip_l_2/hip_l x ankle_right/foot_right @sample -75.00 deg depth=2.01401
joint right_knee done, 60.1 s
  right_ankle leg_2/xl330 x ankle_right/foot_right @used -90.00 deg depth=3.88097 (outside envelope)
  right_ankle leg_2/leg x ankle_right/ankle_right @used -90.00 deg depth=0.90073 (outside envelope)
  right_ankle leg_2/leg x ankle_right/foot_right @used -90.00 deg depth=1.01043 (outside envelope)
  right_ankle leg_2/leg x ankle_right/ankle_right @sample -80.00 deg depth=0.148 (outside envelope)
  right_ankle leg_2/leg x ankle_right/foot_right @sample -80.00 deg depth=0.15988 (outside envelope)
  right_ankle leg_2/xl330 x ankle_right/foot_right @sample -75.00 deg depth=0.34607 (outside envelope)
  right_ankle leg_2/xl330 x ankle_right/ankle_right @used -32.66 deg depth=2.49725
  right_ankle leg_2/xl330 x ankle_right/ankle_right @sample -5.00 deg depth=0.71638
  right_ankle leg_2/xl330 x ankle_right/ankle_right @sample +5.00 deg depth=0.71638 (outside envelope)
  right_ankle leg_2/xl330 x fastener#46[screw-m2-iso4762] @sample +75.00 deg depth=0.05234 (outside envelope)
  right_ankle leg_2/leg x ankle_right/ankle_right @sample +80.00 deg depth=0.2123 (outside envelope)
  right_ankle leg_2/xl330 x ankle_right/foot_right @sample +80.00 deg depth=0.21671 (outside envelope)
  right_ankle leg_2/leg x ankle_right/foot_right @sample +85.00 deg depth=0.74247 (outside envelope)
  right_ankle leg_2/xl330 x ankle_right/ankle_right @used +90.00 deg depth=2.88097 (outside envelope)
  right_ankle leg_2/xl330 x fastener#46[screw-m2-iso4762] @used +90.00 deg depth=3.8809 (outside envelope)
  right_ankle leg_2/leg x ankle_right/ankle_right @used +90.00 deg depth=1.236 (outside envelope)
  right_ankle leg_2/xl330 x ankle_right/foot_right @used +90.00 deg depth=1.38236 (outside envelope)
  right_ankle leg_2/leg x ankle_right/foot_right @used +90.00 deg depth=1.34076 (outside envelope)
  right_ankle upper_leg_right/xl330 x ankle_right/foot_right @sample +90.00 deg depth=0.0 (outside envelope)
  right_ankle upper_leg_right/xl330 x ankle_right/foot_right @used +90.00 deg depth=0.0 (outside envelope)
joint right_ankle done, 65.2 s
DONE 146 rows
