stage: build
STEP ce-parts/xl330-m288-t/iterations/v0.0.1/geometry/robotis-xl-xc-330.stp sha256 e2f7b060801a: 15 solids, 21 shells, sum of solid volumes 15864.5 mm3
  + solid  1   2071.5 mm3, common   0.01 -> union 11617.6 mm3 (expected 11617.6) fuse
  + solid  2   2594.9 mm3, common 105.97 -> union 14106.5 mm3 (expected 14106.5) fuse
  + solid  3    577.1 mm3, common   0.00 -> union 14683.7 mm3 (expected 14683.6) fuse fuzzy 0.001
  + solid  4     31.6 mm3, common   0.00 -> union 14715.3 mm3 (expected 14715.3) fuse
  + solid  5     40.4 mm3, common   2.63 -> union 14753.1 mm3 (expected 14753.1) fuse
  + solid  6     40.4 mm3, common   2.63 -> union 14790.8 mm3 (expected 14790.8) fuse
  + solid  7     40.4 mm3, common   2.63 -> union 14828.6 mm3 (expected 14828.6) fuse
  + solid  8     40.4 mm3, common   2.63 -> union 14866.4 mm3 (expected 14866.4) fuse
  + solid  9     68.8 mm3, common  34.85 -> union 14900.3 mm3 (expected 14900.3) fuse
  + solid 10    464.7 mm3, common   0.00 -> union 15365.0 mm3 (expected 15365.0) fuse
  + solid 11     65.4 mm3, common   0.00 -> union 15430.4 mm3 (expected 15430.4) fuse
  + solid 12     68.8 mm3, common  13.28 -> union 15485.9 mm3 (expected 15485.9) fuse
  + solid 13    107.0 mm3, common   3.69 -> union 15589.3 mm3 (expected 15589.3) fuse
  + solid 14    107.0 mm3, common   3.69 -> union 15692.6 mm3 (expected 15692.6) fuse
union: 2 solid(s), valid=True, closed=True, 15692.6 mm3 (removeSplitter), 11.3 s
union solids pairwise disjoint: 2 solid(s), volumes [15227.9, 464.7]
tessellated at 0.10 mm / 30 deg: 13314 triangles, closed=True, mesh volume 15687.7 mm3 vs BRep 15692.6 mm3
local bbox vendor  x -14.50..14.50  y -10.00..10.00  z -24.50..9.50
local bbox pollen  x -14.50..14.50  y -10.00..10.00  z -24.50..9.50
vendor horn disc: centre [12.346  0.     0.152] normal [ 1.    -0.     0.014] tilt 0.82 deg, off-axis 0.152 mm, x 8.90..14.50, r 8.15
vendor idler disc: centre [-11.943  -0.     -0.   ] normal [1. 0. 0.] tilt 0.00 deg, off-axis 0.000 mm, x -14.50..-10.35, r 8.00
pollen horn disc: centre [14.5  0.  -0. ] normal [-1.  0.  0.] tilt 0.00 deg, off-axis 0.000 mm
pollen idler disc: centre [-14.5   0.   -0. ] normal [-1.  0.  0.] tilt 0.00 deg, off-axis 0.000 mm
wrote /Users/leifrydenfalk/dev/ce-workshop/ce-designs/microduck/out/fit/vendor-xl330-local.stl (13314 triangles) and /Users/leifrydenfalk/dev/ce-workshop/ce-designs/microduck/out/fit/vendor-servo-frame.json in 12.0 s
