stage: rest
model: 134 rows, 14 hinges
servo horn axes vs hinge axes, POLLEN mesh:
  left_hip_yaw     trunk_base/xl330             horn face centre [  6.   17.5 146. ] off-axis   0.00 mm tilt   0.0 deg (360 ring verts)
  left_hip_yaw     trunk_base/xl330             horn face centre [  6.  -17.5 146. ] off-axis  35.00 mm tilt   0.0 deg (360 ring verts)
  left_hip_yaw     yaw2roll/xl330               horn face centre [ -8.5  17.5 102.5] off-axis  14.50 mm tilt  90.0 deg (360 ring verts)
  left_hip_roll    yaw2roll/xl330               horn face centre [ -8.5  17.5 102.5] off-axis   0.00 mm tilt   0.0 deg (360 ring verts)
  left_hip_pitch   upper_leg_left/xl330         horn face centre [-31.78  69.5   80.5 ] off-axis  42.00 mm tilt   0.0 deg (360 ring verts)
  left_hip_pitch   upper_leg_left/xl330         horn face centre [  4.   69.5 102.5] off-axis   0.00 mm tilt   0.0 deg (360 ring verts)
  left_knee        upper_leg_left/xl330         horn face centre [-31.78  69.5   80.5 ] off-axis   0.00 mm tilt   0.0 deg (360 ring verts)
  left_knee        upper_leg_left/xl330         horn face centre [  4.   69.5 102.5] off-axis  42.00 mm tilt   0.0 deg (360 ring verts)
  left_knee        leg/xl330                    horn face centre [-31.78  35.5   38.5 ] off-axis  42.00 mm tilt   0.0 deg (360 ring verts)
  left_ankle       leg/xl330                    horn face centre [-31.78  35.5   38.5 ] off-axis   0.00 mm tilt   0.0 deg (360 ring verts)
  neck_pitch       trunk_base/xl330             horn face centre [  6.   17.5 146. ] off-axis  21.01 mm tilt  90.0 deg (360 ring verts)
  neck_pitch       trunk_base/xl330             horn face centre [  6.  -17.5 146. ] off-axis  21.01 mm tilt  90.0 deg (360 ring verts)
  neck_pitch       neck/xl330                   horn face centre [ 26.   -14.5  152.42] off-axis   0.00 mm tilt   0.0 deg (360 ring verts)
  neck_pitch       neck/xl330                   horn face centre [ 26.   -14.5  202.42] off-axis  50.00 mm tilt   0.0 deg (360 ring verts)
  head_pitch       neck/xl330                   horn face centre [ 26.   -14.5  152.42] off-axis  50.00 mm tilt   0.0 deg (360 ring verts)
  head_pitch       neck/xl330                   horn face centre [ 26.   -14.5  202.42] off-axis   0.00 mm tilt   0.0 deg (360 ring verts)
  head_yaw         yaw_roll_motion/xl330        horn face centre [ 26.    -0.   250.11] off-axis   0.00 mm tilt   0.0 deg (360 ring verts)
  head_roll        yaw_roll_motion/xl330        horn face centre [ 26.    -0.   250.11] off-axis  14.50 mm tilt  90.0 deg (360 ring verts)
  head_roll        jaw_soft/xl330               horn face centre [ 26.1   11.   238.61] off-axis  11.40 mm tilt  90.0 deg (360 ring verts)
  head_roll        jaw_soft/xl330               horn face centre [-20.9   -0.   235.61] off-axis   0.00 mm tilt   0.0 deg (360 ring verts)
  right_hip_yaw    trunk_base/xl330             horn face centre [  6.   17.5 146. ] off-axis  35.00 mm tilt   0.0 deg (360 ring verts)
  right_hip_yaw    trunk_base/xl330             horn face centre [  6.  -17.5 146. ] off-axis   0.00 mm tilt   0.0 deg (360 ring verts)
  right_hip_yaw    bearing_roll/xl330           horn face centre [ -8.5 -17.5 102.5] off-axis  14.50 mm tilt  90.0 deg (360 ring verts)
  right_hip_roll   bearing_roll/xl330           horn face centre [ -8.5 -17.5 102.5] off-axis   0.00 mm tilt   0.0 deg (360 ring verts)
  right_hip_pitch  upper_leg_right/xl330        horn face centre [-31.78 -69.5   80.5 ] off-axis  42.00 mm tilt   0.0 deg (360 ring verts)
  right_hip_pitch  upper_leg_right/xl330        horn face centre [  4.  -69.5 102.5] off-axis   0.00 mm tilt   0.0 deg (360 ring verts)
  right_knee       upper_leg_right/xl330        horn face centre [-31.78 -69.5   80.5 ] off-axis   0.00 mm tilt   0.0 deg (360 ring verts)
  right_knee       upper_leg_right/xl330        horn face centre [  4.  -69.5 102.5] off-axis  42.00 mm tilt   0.0 deg (360 ring verts)
  right_knee       leg_2/xl330                  horn face centre [-31.78 -35.5   38.5 ] off-axis  42.00 mm tilt   0.0 deg (360 ring verts)
  right_ankle      leg_2/xl330                  horn face centre [-31.78 -35.5   38.5 ] off-axis   0.00 mm tilt   0.0 deg (360 ring verts)
substituted vendor solid (13314 triangles) for 15 xl330 rows
servo horn axes vs hinge axes, VENDOR solid:
  left_hip_yaw     trunk_base/xl330             horn face centre [  5.91  17.5  145.99] off-axis   0.09 mm tilt   0.0 deg (191 ring verts)
  left_hip_yaw     trunk_base/xl330             horn face centre [  5.91 -17.5  145.99] off-axis  35.00 mm tilt   0.0 deg (191 ring verts)
  left_hip_yaw     yaw2roll/xl330               horn face centre [ -8.49  17.5  102.41] off-axis  14.49 mm tilt  90.0 deg (191 ring verts)
  left_hip_roll    yaw2roll/xl330               horn face centre [ -8.49  17.5  102.41] off-axis   0.09 mm tilt   0.0 deg (191 ring verts)
  left_hip_pitch   upper_leg_left/xl330         horn face centre [-31.77  69.49  80.59] off-axis  41.95 mm tilt   0.0 deg (191 ring verts)
  left_hip_pitch   upper_leg_left/xl330         horn face centre [  3.91  69.49 102.5 ] off-axis   0.09 mm tilt   0.0 deg (191 ring verts)
  left_knee        upper_leg_left/xl330         horn face centre [-31.77  69.49  80.59] off-axis   0.09 mm tilt   0.0 deg (191 ring verts)
  left_knee        upper_leg_left/xl330         horn face centre [  3.91  69.49 102.5 ] off-axis  41.93 mm tilt   0.0 deg (191 ring verts)
  left_knee        leg/xl330                    horn face centre [-31.78  35.51  38.59] off-axis  41.91 mm tilt   0.0 deg (191 ring verts)
  left_ankle       leg/xl330                    horn face centre [-31.78  35.51  38.59] off-axis   0.09 mm tilt   0.0 deg (191 ring verts)
  neck_pitch       trunk_base/xl330             horn face centre [  5.91  17.5  145.99] off-axis  21.09 mm tilt  90.0 deg (191 ring verts)
  neck_pitch       trunk_base/xl330             horn face centre [  5.91 -17.5  145.99] off-axis  21.09 mm tilt  90.0 deg (191 ring verts)
  neck_pitch       neck/xl330                   horn face centre [ 26.   -14.49 152.51] off-axis   0.09 mm tilt   0.0 deg (191 ring verts)
  neck_pitch       neck/xl330                   horn face centre [ 26.   -14.49 202.33] off-axis  49.91 mm tilt   0.0 deg (191 ring verts)
  head_pitch       neck/xl330                   horn face centre [ 26.   -14.49 152.51] off-axis  49.91 mm tilt   0.0 deg (191 ring verts)
  head_pitch       neck/xl330                   horn face centre [ 26.   -14.49 202.33] off-axis   0.09 mm tilt   0.0 deg (191 ring verts)
  head_yaw         yaw_roll_motion/xl330        horn face centre [ 2.600e+01 -9.000e-02  2.501e+02] off-axis   0.09 mm tilt   0.0 deg (191 ring verts)
  head_roll        yaw_roll_motion/xl330        horn face centre [ 2.600e+01 -9.000e-02  2.501e+02] off-axis  14.49 mm tilt  90.0 deg (191 ring verts)
  head_roll        jaw_soft/xl330               horn face centre [ 26.19  11.01 238.62] off-axis  11.41 mm tilt  90.0 deg (191 ring verts)
  head_roll        jaw_soft/xl330               horn face centre [-2.0890e+01 -9.0000e-02  2.3562e+02] off-axis   0.09 mm tilt   0.0 deg (191 ring verts)
  right_hip_yaw    trunk_base/xl330             horn face centre [  5.91  17.5  145.99] off-axis  35.00 mm tilt   0.0 deg (191 ring verts)
  right_hip_yaw    trunk_base/xl330             horn face centre [  5.91 -17.5  145.99] off-axis   0.09 mm tilt   0.0 deg (191 ring verts)
  right_hip_yaw    bearing_roll/xl330           horn face centre [ -8.49 -17.5  102.41] off-axis  14.49 mm tilt  90.0 deg (191 ring verts)
  right_hip_roll   bearing_roll/xl330           horn face centre [ -8.49 -17.5  102.41] off-axis   0.09 mm tilt   0.0 deg (191 ring verts)
  right_hip_pitch  upper_leg_right/xl330        horn face centre [-31.78 -69.49  80.59] off-axis  41.96 mm tilt   0.0 deg (191 ring verts)
  right_hip_pitch  upper_leg_right/xl330        horn face centre [  3.91 -69.49 102.5 ] off-axis   0.09 mm tilt   0.0 deg (191 ring verts)
  right_knee       upper_leg_right/xl330        horn face centre [-31.78 -69.49  80.59] off-axis   0.09 mm tilt   0.0 deg (191 ring verts)
  right_knee       upper_leg_right/xl330        horn face centre [  3.91 -69.49 102.5 ] off-axis  41.92 mm tilt   0.0 deg (191 ring verts)
  right_knee       leg_2/xl330                  horn face centre [-31.77 -35.51  38.59] off-axis  41.91 mm tilt   0.0 deg (191 ring verts)
  right_ankle      leg_2/xl330                  horn face centre [-31.77 -35.51  38.59] off-axis   0.09 mm tilt   0.0 deg (191 ring verts)
worst vendor horn-face centre off its joint axis: 49.913 mm
  upper_leg_left/upper_leg_left                x upper_leg_left/xl330                         pollen 4.453 -> vendor 1.434 mm  SURVIVES
  upper_leg_right/xl330                        x upper_leg_right/upper_leg_right              pollen 4.453 -> vendor 1.434 mm  SURVIVES
  upper_leg_right/upper_leg_right              x upper_leg_right/xl330                        pollen 4.453 -> vendor 1.434 mm  SURVIVES
  yaw2roll/yaw2roll                            x yaw2roll/xl330                               pollen 4.335 -> vendor 1.360 mm  SURVIVES
  leg/leg                                      x leg/xl330                                    pollen 4.335 -> vendor 1.246 mm  SURVIVES
  bearing_roll/yaw2roll                        x bearing_roll/xl330                           pollen 4.335 -> vendor 1.360 mm  SURVIVES
  leg_2/xl330                                  x leg_2/leg                                    pollen 4.335 -> vendor 1.246 mm  SURVIVES
  jaw_soft/motor_support                       x jaw_soft/speaker                             pollen 1.700 -> vendor 1.700 mm  SURVIVES
  jaw_soft/top_head_shell                      x jaw_soft/xl330                               pollen 1.074 -> vendor 1.044 mm  SURVIVES
  trunk_base/xl330                             x trunk_base/left_shell                        pollen 1.025 -> vendor 0.725 mm  SURVIVES
  trunk_base/power_support                     x trunk_base/np_f970                           pollen 0.948 -> vendor 0.948 mm  SURVIVES
  jaw_soft/lens                                x jaw_soft/noenoeil                            pollen 0.898 -> vendor 0.898 mm  SURVIVES
  jaw_soft/xl330                               x jaw_soft/bottom_head_shell                   pollen 0.895 -> vendor 0.601 mm  SURVIVES
  yaw_roll_motion/seeed_bearing__configuration__22x16x4 x jaw_soft/speaker                             pollen 0.777 -> vendor 0.777 mm  SURVIVES
  trunk_base/right_shell                       x trunk_base/xl330                             pollen 0.655 -> vendor 0.643 mm  SURVIVES
  jaw_soft/m12_lens_holder                     x jaw_soft/pcb__raspberry_pi_zero_2_w          pollen 0.440 -> vendor 0.440 mm  SURVIVES
  jaw_soft/xl330                               x jaw_soft/top_head_shell                      pollen 0.424 -> vendor clear mm  CLEAR
  trunk_base/np_f970                           x trunk_base/left_shell                        pollen 0.329 -> vendor 0.329 mm  SURVIVES
DONE: 17 of 18 above-0.3 rest pairs survive with the vendor solid; 0 new. 403.6 s
