  screw member part:screw-m2-iso4762 len=10.0 -> 1028 triangles
  screw member part:screw-m2-iso4762 len=8.0 -> 1028 triangles
  screw member part:screw-m2-iso4762 len=6.0 -> 1028 triangles
  screw member part:screw-m2-iso4762 len=12.0 -> 1028 triangles
  screw member part:screw-m2-iso4762 len=5.0 -> 1028 triangles
  screw member part:screw-m2.5-iso4762 len=8.0 -> 1028 triangles
  screw member part:screw-m2-iso4762 len=4.0 -> 1028 triangles
assembled bbox mm: X -51.777..92.290  Y -70.500..70.500  Z 13.473..277.449
closed meshes: 125 of 134 placed bodies
  yaw_roll_motion/yaw_roll_motion x yaw_roll_motion/xl330 interferes=True tri=1387 vol=404.03992 pen={'a_in_b_mm': 0.91717, 'b_in_a_mm': 0.0, 'a_verts_inside': 46, 'b_verts_inside': 226}
  yaw_roll_motion/yaw_roll_motion x yaw_roll_motion/seeed_bearing__configuration__22x16x4 interferes=True tri=141 vol=0.0 pen={'a_in_b_mm': 0.02, 'b_in_a_mm': 0.0, 'a_verts_inside': 13, 'b_verts_inside': 88}
  yaw_roll_motion/yaw_roll_motion x yaw_roll_motion/seeed_bearing__configuration__22x16x4 interferes=True tri=548 vol=0.0 pen={'a_in_b_mm': 0.0, 'b_in_a_mm': 0.0199, 'a_verts_inside': 17, 'b_verts_inside': 74}
  yaw_roll_motion/yaw_roll_motion x jaw_soft/xl330 interferes=True tri=160 vol=8.967781 pen={'a_in_b_mm': 0.0, 'b_in_a_mm': 0.7588, 'a_verts_inside': 0, 'b_verts_inside': 40}
  yaw_roll_motion/yaw_roll_motion x jaw_soft/motor_support interferes=False tri=0 vol=0.0 pen={'a_in_b_mm': 0.0, 'b_in_a_mm': 0.0}
  yaw_roll_motion/yaw_roll_motion x jaw_soft/top_head_shell interferes=False tri=0 vol=0.0 pen={'a_in_b_mm': 0.0, 'b_in_a_mm': 0.0}
  yaw_roll_motion/yaw_roll_motion x jaw_soft/xl330 interferes=True tri=1261 vol=0.00017 pen={'a_in_b_mm': 0.0, 'b_in_a_mm': 0.0, 'a_verts_inside': 41, 'b_verts_inside': 267}
  yaw_roll_motion/yaw_roll_motion x jaw_soft/jaw interferes=False tri=0 vol=0.0 pen={'a_in_b_mm': 0.0, 'b_in_a_mm': 0.0}
  yaw_roll_motion/yaw_roll_motion x jaw_soft/bottom_head_shell interferes=False tri=0 vol=0.0 pen={'a_in_b_mm': 0.0, 'b_in_a_mm': 0.0}
  yaw_roll_motion/yaw_roll_motion x fastener#38[screw-m2-iso4762] interferes=True tri=267 vol=30.911161 pen={'a_in_b_mm': 0.60293, 'b_in_a_mm': 2.5, 'a_verts_inside': 2, 'b_verts_inside': 390}
  yaw_roll_motion/yaw_roll_motion x fastener#39[screw-m2-iso4762] interferes=True tri=264 vol=30.911161 pen={'a_in_b_mm': 0.46493, 'b_in_a_mm': 2.5, 'a_verts_inside': 2, 'b_verts_inside': 390}
  yaw_roll_motion/yaw_roll_motion x fastener#40[screw-m2-iso4762] interferes=True tri=546 vol=26.085722 pen={'a_in_b_mm': 0.75539, 'b_in_a_mm': 1.5, 'a_verts_inside': 7, 'b_verts_inside': 258}
  yaw_roll_motion/yaw_roll_motion x fastener#41[screw-m2-iso4762] interferes=True tri=266 vol=15.052773 pen={'a_in_b_mm': 0.77891, 'b_in_a_mm': 1.08606, 'a_verts_inside': 15, 'b_verts_inside': 170}
DONE 13 pairs
