SUMMARY OF C0NVERGENCE INFORMATION
  STEP   INC  ATT   ITER     CONT.   RESID.        CORR.      RESID.      CORR.
                              EL.    FORCE         DISP       FLUX        TEMP.
                              (#)     (%)           (%)        (%)         (%)
     1     1     1     1        0  0.1695E+04  0.1000E+03  0.0000E+00  0.0000E+00
     1     1     1     2        0  0.3206E+01  0.9493E+00  0.0000E+00  0.0000E+00
     1     1     1     3        0  0.1050E+01  0.8237E+00  0.0000E+00  0.0000E+00
     1     1     1     4        0  0.0000E+00  0.2329E-02  0.0000E+00  0.0000E+00
     1     2     1     1        0  0.8162E+01  0.1875E+01  0.0000E+00  0.0000E+00
     1     2     1     2        0  0.3088E+01  0.1766E+01  0.0000E+00  0.0000E+00
     1     2     1     3        0  0.0000E+00  0.1814E-01  0.0000E+00  0.0000E+00
     1     3     1     1        0  0.1804E+02  0.2283E+01  0.0000E+00  0.0000E+00
     1     3     1     2        0  0.7580E+01  0.2292E+01  0.0000E+00  0.0000E+00
     1     3     1     3        0  0.7926E-02  0.7207E-01  0.0000E+00  0.0000E+00
     1     4     1     1        0  0.4002E+02  0.3082E+01  0.0000E+00  0.0000E+00
     1     4     1     2        0  0.1702E+02  0.3161E+01  0.0000E+00  0.0000E+00
     1     4     1     3        0  0.1526E+00  0.2849E+00  0.0000E+00  0.0000E+00
     1     5     1     1        0  0.3360E+02  0.3362E+01  0.0000E+00  0.0000E+00
     1     5     1     2        0  0.1661E+02  0.3709E+01  0.0000E+00  0.0000E+00
     1     5     1     3        0  0.1660E+00  0.3501E+00  0.0000E+00  0.0000E+00
     1     6     1     1        0  0.2211E+02  0.3184E+01  0.0000E+00  0.0000E+00
     1     6     1     2        0  0.1324E+02  0.3849E+01  0.0000E+00  0.0000E+00
     1     6     1     3        0  0.8256E-01  0.2864E+00  0.0000E+00  0.0000E+00
     1     7     1     1        0  0.1494E+02  0.3010E+01  0.0000E+00  0.0000E+00
     1     7     1     2        0  0.1056E+02  0.3930E+01  0.0000E+00  0.0000E+00
     1     7     1     3        0  0.4067E-01  0.2296E+00  0.0000E+00  0.0000E+00
     1     8     1     1        0  0.1036E+02  0.2840E+01  0.0000E+00  0.0000E+00
     1     8     1     2        0  0.8484E+01  0.3979E+01  0.0000E+00  0.0000E+00
     1     8     1     3        0  0.2007E-01  0.1822E+00  0.0000E+00  0.0000E+00
     1     9     1     1        0  0.7390E+01  0.2674E+01  0.0000E+00  0.0000E+00
     1     9     1     2        0  0.6829E+01  0.3993E+01  0.0000E+00  0.0000E+00
     1     9     1     3        0  0.9871E-02  0.1431E+00  0.0000E+00  0.0000E+00
     1    10     1     1        0  0.5336E+01  0.2515E+01  0.0000E+00  0.0000E+00
     1    10     1     2        0  0.5499E+01  0.3978E+01  0.0000E+00  0.0000E+00
     1    10     1     3        0  0.4846E-02  0.1116E+00  0.0000E+00  0.0000E+00
     1    11     1     1        0  0.3909E+01  0.2360E+01  0.0000E+00  0.0000E+00
     1    11     1     2        0  0.4428E+01  0.3938E+01  0.0000E+00  0.0000E+00
     1    11     1     3        0  0.2377E-02  0.8653E-01  0.0000E+00  0.0000E+00
     1    12     1     1        0  0.7453E-01  0.1937E+01  0.0000E+00  0.0000E+00
     1    12     1     2        0  0.6001E-01  0.1909E+01  0.0000E+00  0.0000E+00
     1    12     1     3        0  0.0000E+00  0.9904E-03  0.0000E+00  0.0000E+00
