ankle_l_v1                                  39.489 x    46.498 x    25.400 mm
ankle_left                                  39.489 x    36.500 x    25.500 mm
ankle_r_v1                                  39.489 x    46.497 x    25.400 mm
ankle_right                                 39.489 x    36.500 x    25.500 mm
banana_pcb_locker                           54.050 x     3.800 x     6.652 mm  [REBUILT d=0.0348mm PASS]
bearing_roll                                23.000 x     3.000 x    40.000 mm  [REBUILT d=0.0000mm PASS]
bottom_head_shell                           91.763 x   116.748 x    20.136 mm
elec_rpi_robot_hat_pcb                      65.025 x    30.025 x     0.840 mm
face_part                                   87.651 x    12.500 x    44.627 mm
foot_left                                   40.086 x    54.000 x    16.909 mm
foot_right                                  40.086 x    54.000 x    16.909 mm
hip_l                                       32.450 x    34.500 x    19.000 mm
jaw                                         91.416 x    68.710 x    29.448 mm
jaw_soft                                    87.674 x    32.234 x     8.438 mm
left_shell                                  33.715 x    80.890 x    41.691 mm
left_upper_leg                              28.000 x    47.659 x    60.997 mm
leg                                          7.950 x    20.000 x    58.000 mm  [REBUILT d=0.0000mm PASS]
lens                                        16.940 x    18.920 x    16.940 mm
m12_lens_holder                             24.000 x    14.800 x    16.000 mm
motor_support                               73.500 x    54.200 x    18.800 mm
neck                                         2.000 x    20.000 x    11.000 mm
neck_pitch                                  35.000 x    18.000 x    27.693 mm
noenoeil                                    30.000 x     9.500 x    30.000 mm
np_f970                                     38.608 x    20.576 x    70.809 mm
pcb__raspberry_pi_zero_2_w                  65.000 x     1.600 x    30.000 mm
power_support                               54.500 x    17.000 x    83.490 mm  [REBUILT d=0.3596mm PASS]
right_shell                                 31.765 x    80.898 x    41.693 mm
right_upper_leg                             28.000 x    47.659 x    60.997 mm
rim                                          7.600 x    20.200 x    20.200 mm
roller_blade                                40.541 x    72.999 x    30.379 mm
seeed_bearing__configuration__22x16x4       22.000 x    22.000 x     4.000 mm
seeed_bearing__configuration_default        15.000 x    15.000 x     3.000 mm
soft_mouth_top                              87.822 x    32.565 x     3.276 mm
sole_left                                   41.099 x    54.000 x    12.907 mm
sole_right                                  41.099 x    54.000 x    12.908 mm
speaker                                     35.000 x    25.000 x     7.000 mm
tire                                         7.600 x    30.000 x    30.000 mm
top_head_shell                              91.760 x   122.690 x    46.336 mm
trunk_base                                  57.000 x    36.000 x     3.000 mm  [REBUILT d=0.0000mm PASS]
trunk_shell_left                            30.900 x    82.429 x    35.696 mm
trunk_shell_right                           33.500 x    82.429 x    34.696 mm
upper_leg_left                              28.000 x    47.659 x    60.997 mm  [REBUILT d=0.0055mm PASS]
upper_leg_right                             28.000 x    47.659 x    60.997 mm  [REBUILT d=0.0055mm PASS]
upper_leg_rigidity_plate                     1.000 x    44.996 x    58.058 mm  [REBUILT d=0.7193mm PASS]
xl330                                       29.000 x    20.000 x    34.000 mm
yaw2roll                                    23.000 x    25.800 x    20.500 mm  [REBUILT d=0.0000mm PASS]
yaw_roll_motion                             34.000 x    35.900 x    22.500 mm

rebuilds: 9, dim PASS 9/9
wrote out/verify/mech_dims.json (47 parts)
