[live capture NOT installed: RuntimeError: cecad.livehook needs FreeCAD's geometry kernel, which this interpreter does not have (No module named 'FreeCAD').
    Run designs through bin/cad — FreeCAD's interpreter ignores PYTHONPATH and `FreeCAD -c` hangs on stdin.
    cecad.electrical and cecad.vision are kernel-free and work here.]
PASS             appended to ce-parts/microduck-sole-left/iterations/v0.0.2/evidence/ledger.jsonl
                 {"date": "2026-09-02", "kind": "sim", "summary": "refcheck vs sole_left.stl: p95 0.05/0.05 mm, bbox delta [-0.03, 0.0, -0.002], features matched 0/0", "artifact": "evidence/refcheck/2026-09-01T19-44-18Z/report.json", "sha256": "4005c4f5246f0cc49cc6a2dc9011e65860addb5fbf5ab2f0d303fe3fc550fd0f", "by": "ce-cad/bin/cad-refcheck", "outcome": "PASS"}
                 trust now T1 simulated — 1 ledger entry; T1 from the ledger
# refcheck part:microduck-sole-left vs sole_left.stl

**PASS** — p95 surface distance 0.05 mm <= 1.00 both ways; bbox within 0.03 mm

| | ref->ours | ours->ref |
|---|---|---|
| mean mm | 0.015 | 0.016 |
| p50 mm | 0.004 | 0.004 |
| p95 mm | 0.052 | 0.051 |
| max mm | 0.365 | 0.451 |
| within 1.0 mm | 100.0% | 100.0% |

bbox ours [41.069, 54.0, 12.905]  ref [41.099, 54.0, 12.907]  delta [-0.03, 0.0, -0.002]
volume ratio ours/ref 1.0011 (closed-mesh figure, see compare.json)

## features

reference: 0 holes, 0 bosses · ours: 0 holes, 0 bosses · matched 0 · unmatched reference 0 · extra ours 0

## renders

- overlay_front.png
- overlay_left.png
- overlay_top.png
- overlay_iso.png
- ours_iso.png
- ref_iso.png

report: /Users/leifrydenfalk/dev/ce-workshop/ce-designs/microduck/ce-parts/microduck-sole-left/iterations/v0.0.2/evidence/refcheck/2026-09-01T19-44-18Z/report.md
