/Users/leifrydenfalk/dev/ce-workshop/ce-cad/bin/cad-refcheck:177: DeprecationWarning: datetime.datetime.utcnow() is deprecated and scheduled for removal in a future version. Use timezone-aware objects to represent datetimes in UTC: datetime.datetime.now(datetime.UTC).
  stamp = datetime.datetime.utcnow().strftime("%Y-%m-%dT%H-%M-%SZ")
[live capture NOT installed: RuntimeError: cecad.livehook needs FreeCAD's geometry kernel, which this interpreter does not have (No module named 'FreeCAD').
    Run designs through bin/cad — FreeCAD's interpreter ignores PYTHONPATH and `FreeCAD -c` hangs on stdin.
    cecad.electrical and cecad.vision are kernel-free and work here.]
# refcheck part:microduck-m12-lens-holder vs m12_lens_holder.stl

**PASS** — p95 surface distance 0.01 mm <= 1.00 both ways; bbox within 0.00 mm

| | ref->ours | ours->ref |
|---|---|---|
| mean mm | 0.012 | 0.009 |
| p50 mm | 0.000 | 0.000 |
| p95 mm | 0.007 | 0.007 |
| max mm | 0.949 | 0.497 |
| within 1.0 mm | 100.0% | 100.0% |

bbox ours [24.0, 14.8, 16.0]  ref [24.0, 14.8, 16.0]  delta [-0.0, 0.0, -0.0]
volume ratio ours/ref 0.9759 (closed-mesh figure, see compare.json)

## features

reference: 4 holes, 0 bosses · ours: 4 holes, 0 bosses · matched 4 · unmatched reference 0 · extra ours 0

## renders

- overlay_front.png
- overlay_left.png
- overlay_top.png
- overlay_iso.png
- ours_iso.png
- ref_iso.png

report: out/refcheck/microduck-m12-lens-holder/r2/report.md
