[live capture NOT installed: RuntimeError: cecad.livehook needs FreeCAD's geometry kernel, which this interpreter does not have (No module named 'FreeCAD').
    Run designs through bin/cad — FreeCAD's interpreter ignores PYTHONPATH and `FreeCAD -c` hangs on stdin.
    cecad.electrical and cecad.vision are kernel-free and work here.]
PASS             appended to ce-parts/microduck-ankle-left/iterations/v0.0.1/evidence/ledger.jsonl
                 {"date": "2026-09-02", "kind": "sim", "summary": "refcheck vs ankle_left.stl: p95 0.01/0.01 mm, bbox delta [0.001, -0.0, 0.0], features matched 13/13", "artifact": "evidence/refcheck/2026-09-01T19-03-54Z/report.json", "sha256": "b11cd317d05ed5fddacc3bff5c2618354e888a426801def7a0359b5f25d47b4d", "by": "ce-cad/bin/cad-refcheck", "outcome": "PASS"}
                 trust now T1 simulated — 1 ledger entry; T1 from the ledger
# refcheck part:microduck-ankle-left vs ankle_left.stl

**PASS** — p95 surface distance 0.01 mm <= 1.00 both ways; bbox within 0.00 mm

| | ref->ours | ours->ref |
|---|---|---|
| mean mm | 0.004 | 0.004 |
| p50 mm | 0.000 | 0.000 |
| p95 mm | 0.012 | 0.012 |
| max mm | 0.081 | 0.081 |
| within 1.0 mm | 100.0% | 100.0% |

bbox ours [39.49, 36.5, 25.5]  ref [39.489, 36.5, 25.5]  delta [0.001, -0.0, 0.0]
volume ratio ours/ref 1.0024 (closed-mesh figure, see compare.json)

## features

reference: 13 holes, 0 bosses · ours: 13 holes, 0 bosses · matched 13 · unmatched reference 0 · extra ours 0

## renders

- overlay_front.png
- overlay_left.png
- overlay_top.png
- overlay_iso.png
- ours_iso.png
- ref_iso.png

report: /Users/leifrydenfalk/dev/ce-workshop/ce-designs/microduck/ce-parts/microduck-ankle-left/iterations/v0.0.1/evidence/refcheck/2026-09-01T19-03-54Z/report.md
