[live capture NOT installed: RuntimeError: cecad.livehook needs FreeCAD's geometry kernel, which this interpreter does not have (No module named 'FreeCAD').
    Run designs through bin/cad — FreeCAD's interpreter ignores PYTHONPATH and `FreeCAD -c` hangs on stdin.
    cecad.electrical and cecad.vision are kernel-free and work here.]
PASS             appended to ce-parts/microduck-sole-right/iterations/v0.0.2/evidence/ledger.jsonl
                 {"date": "2026-09-02", "kind": "sim", "summary": "refcheck vs sole_right.stl: p95 0.05/0.05 mm, bbox delta [-0.03, 0.0, -0.003], features matched 0/0", "artifact": "evidence/refcheck/2026-09-01T19-50-56Z/report.json", "sha256": "ff886125f58cb21a5b466733d792d441132a0f2e5f2ff4d7574c917dfca36885", "by": "ce-cad/bin/cad-refcheck", "outcome": "PASS"}
                 trust now T1 simulated — 1 ledger entry; T1 from the ledger
# refcheck part:microduck-sole-right vs sole_right.stl

**PASS** — p95 surface distance 0.05 mm <= 1.00 both ways; bbox within 0.03 mm

| | ref->ours | ours->ref |
|---|---|---|
| mean mm | 0.015 | 0.017 |
| p50 mm | 0.005 | 0.005 |
| p95 mm | 0.052 | 0.055 |
| max mm | 0.340 | 0.468 |
| within 1.0 mm | 100.0% | 100.0% |

bbox ours [41.069, 54.0, 12.905]  ref [41.099, 54.0, 12.908]  delta [-0.03, 0.0, -0.003]
volume ratio ours/ref 1.0011 (closed-mesh figure, see compare.json)

## features

reference: 0 holes, 0 bosses · ours: 0 holes, 0 bosses · matched 0 · unmatched reference 0 · extra ours 0

## renders

- overlay_front.png
- overlay_left.png
- overlay_top.png
- overlay_iso.png
- ours_iso.png
- ref_iso.png

report: /Users/leifrydenfalk/dev/ce-workshop/ce-designs/microduck/ce-parts/microduck-sole-right/iterations/v0.0.2/evidence/refcheck/2026-09-01T19-50-56Z/report.md
