[live capture NOT installed: RuntimeError: cecad.livehook needs FreeCAD's geometry kernel, which this interpreter does not have (No module named 'FreeCAD').
    Run designs through bin/cad — FreeCAD's interpreter ignores PYTHONPATH and `FreeCAD -c` hangs on stdin.
    cecad.electrical and cecad.vision are kernel-free and work here.]
# refcheck part:microduck-sole-right vs sole_right.stl

**PASS** — p95 surface distance 0.05 mm <= 1.00 both ways; bbox within 0.03 mm

| | ref->ours | ours->ref |
|---|---|---|
| mean mm | 0.015 | 0.017 |
| p50 mm | 0.005 | 0.005 |
| p95 mm | 0.052 | 0.055 |
| max mm | 0.340 | 0.468 |
| within 1.0 mm | 100.0% | 100.0% |

bbox ours [41.069, 54.0, 12.905]  ref [41.099, 54.0, 12.908]  delta [-0.03, 0.0, -0.003]
volume ratio ours/ref 1.0011 (closed-mesh figure, see compare.json)

## features

reference: 0 holes, 0 bosses · ours: 0 holes, 0 bosses · matched 0 · unmatched reference 0 · extra ours 0

## renders

- overlay_front.png
- overlay_left.png
- overlay_top.png
- overlay_iso.png
- ours_iso.png
- ref_iso.png

report: out/refcheck/microduck-sole-right/r1/report.md
