== cream-profile-left
{
 "scale": {
  "feature": "XL330-M288-T case, 20.000 mm across the horn/label face",
  "source": "ROBOTIS e-manual, XL330-M288-T, Specifications table: 'Dimensions (W x H x D) 20.0 x 34.0 x 26.0 [mm]', https://emanual.robotis.com/docs/en/dxl/x/xl330-m288/ (fetched 2026-09-02; the same table at https://docs.robotis.com/docs/dxl/model_reference/x_series/xl_series/xl330-m288/, which links XL330.pdf/.dwg/.stp). Face seen: the 20.000 x 34.0 horn/label face \u2014 the servo mesh in Pollen's MJCF is 20.000 (mesh x) x 34.06 (mesh z) x 29.04 (mesh y = 26.0 case + 3.04 horn) and in the neck body mesh x = world -x, mesh z = world -z (tools/head_probe.py).",
  "servos": [
   {
    "what": "upper neck servo (head_pitch), horn/label face",
    "geom": "neck_upper",
    "rows": [
     760,
     920
    ],
    "seed_x": 1222,
    "tilt_deg": 0.0,
    "n_lines": 129,
    "n_accepted": 30,
    "width_px_mode": 131,
    "width_px": 131.3,
    "width_px_unc": 1.4866068747318506,
    "width_px_min": 2.0,
    "width_px_max": 149.0,
    "lines": [
     [
      1222.0,
      846.0,
      64.0,
      66.0
     ],
     [
      1222.0,
      848.0,
      64.0,
      66.0
     ],
     [
      1222.0,
      850.0,
      64.0,
      66.0
     ],
     [
      1222.0,
      852.0,
      65.0,
      66.0
     ],
     [
      1222.0,
      854.0,
      65.0,
      66.0
     ],
     [
      1222.0,
      889.0,
      65.0,
      66.0
     ],
     [
      1222.0,
      891.0,
      65.0,
      66.0
     ],
     [
      1222.0,
      893.0,
      65.0,
      66.0
     ],
     [
      1222.0,
      902.0,
      65.0,
      65.0
     ],
     [
      1222.0,
      904.0,
      65.0,
      65.0
     ],
     [
      1222.0,
      906.0,
      65.0,
      65.0
     ],
     [
      1222.0,
      908.0,
      65.0,
      65.0
     ],
     [
      1222.0,
      910.0,
      65.0,
      65.0
     ],
     [
      1222.0,
      912.0,
      65.0,
      65.0
     ],
     [
      1222.0,
      914.0,
      65.0,
      65.0
     ]
    ],
    "mm_per_px": 0.15232292460015232,
    "mm_per_px_unc": 0.0017246329542258015,
    "render": {
     "n_lines": 38,
     "n_accepted": 38,
     "width_px_mode": 69,
     "width_px": 69.0,
     "width_px_unc": 1.4142135623730951,
     "width_px_min": 69.0,
     "width_px_max": 69.0,
     "centre_px": [
      284.1504424778761,
      474.3197640117994
     ]
    },
    "render_width_px_analytic": 68.37434917452907,
    "render_width_analytic_how": "(20.000*|sin az| + 26.000*|cos az|) mm * 640 px / 190.0 mm * D_head/D_servo (1.0147)",
    "render_mask_vs_analytic_pct": 0.9150373393301603,
    "size_ratio": {
     "product_over_mesh": 1.037446812032534,
     "unc": 0.011995710209850758,
     "servo_depth_mm": 1084.0626825851862,
     "head_depth_mm": 1100.0000653893605,
     "how": "k * W_render_analytic / W_photo; unc = photo width + fit spread of k (the analytic width is exact)"
    }
   },
   {
    "what": "lower neck servo (neck_pitch), horn/label face",
    "geom": "neck_lower",
    "rows": [
     925,
     1070
    ],
    "seed_x": 1218,
    "tilt_deg": 0.0,
    "n_lines": 63,
    "n_accepted": 46,
    "width_px_mode": 131,
    "width_px": 131.45652173913044,
    "width_px_unc": 1.4993697478713375,
    "width_px_min": 5.0,
    "width_px_max": 151.0,
    "lines": [
     [
      1218.0,
      991.0,
      64.0,
      67.0
     ],
     [
      1218.0,
      997.0,
      64.0,
      66.0
     ],
     [
      1218.0,
      1000.0,
      64.0,
      66.0
     ],
     [
      1218.0,
      1003.0,
      64.0,
      66.0
     ],
     [
      1218.0,
      1006.0,
      65.0,
      66.0
     ],
     [
      1218.0,
      1032.0,
      65.0,
      65.0
     ],
     [
      1218.0,
      1035.0,
      65.0,
      65.0
     ],
     [
      1218.0,
      1038.0,
      65.0,
      65.0
     ],
     [
      1218.0,
      1041.0,
      65.0,
      65.0
     ],
     [
      1218.0,
      1044.0,
      66.0,
      65.0
     ],
     [
      1218.0,
      104
fit: {"objective": 0.05980319186876855, "iou": 0.9557515469233413, "eye_term": 0.001555473879210985, "seconds": 848.2, "n_eval": 3195, "cam_el_deg": 0.007800519688842893, "cam_az_deg": 269.99, "cam_distance_mm": 1100.0, "cam_distance_source": "camera distance to the head: not measurable from this frame to better than a factor 2 (the near ankle servo, 44.1 mm nearer than the neck servos, reads 136.2-145.5 px against the neck's 131.4 px depending on the scan tilt, i.e. D 700-1650 mm); 1100 mm is the centre of that range and the sensitivity runs at 700 and 1600 mm bracket it (out/head/head_fit_*_D700.json / _D1600.json)", "head_pitch_deg": -3.539252167134216, "head_yaw_deg": 61.95140650653866, "head_roll_deg": -25.0, "jaw_open_deg": 24.86903051962014, "k_photo_px_per_render_px": 1.9922202999281406, "k_fit_spread": 0.004673871525805252, "polishes": [[0.0653, 0.9954], [0.06424, 1.0008], [0.0598, 0.9961], [0.06139, 0.9954], [0.08043, 0.9992], [0.06471, 0.994]], "tx": 563.7245387317075, "ty": -45.66730633100792, "crop_box": [616, 212, 1517, 972], "photo_head_extent_px": [822, 681], "photo_head_area_px": 364402, "render_head_extent_px": [414, 344], "render_head_area_px": 91784, "photo_head_pca": {"centre": [417.81093407829815, 346.4600386386463], "major_px": 779.8888133482734, "minor_px": 631.6103251277923, "major_axis_dir": [-0.9992567267122483, 0.03854859427168466]}, "render_head_pca": {"centre": [235.46882898980215, 303.5601847816613], "major_px": 393.4235822253055, "minor_px": 316.5534632998335, "major_axis_dir": [-0.9971760195061035, 0.07509984102488737]}, "render_eye": {"centre": [173.6908344733242, 260.196853625171], "major_px": 104.75399013684216, "minor_px": 102.69529169637744, "major_axis_dir": [-0.09221628901075093, 0.9957389999598718]}}
== sky-three-quarter-front-left
{
 "scale": {
  "feature": "XL330-M288-T case, 20.000 mm across the horn/label face",
  "source": "ROBOTIS e-manual, XL330-M288-T, Specifications table: 'Dimensions (W x H x D) 20.0 x 34.0 x 26.0 [mm]', https://emanual.robotis.com/docs/en/dxl/x/xl330-m288/ (fetched 2026-09-02; the same table at https://docs.robotis.com/docs/dxl/model_reference/x_series/xl_series/xl330-m288/, which links XL330.pdf/.dwg/.stp). Face seen: the 20.000 x 34.0 horn/label face \u2014 the servo mesh in Pollen's MJCF is 20.000 (mesh x) x 34.06 (mesh z) x 29.04 (mesh y = 26.0 case + 3.04 horn) and in the neck body mesh x = world -x, mesh z = world -z (tools/head_probe.py).",
  "servos": [
   {
    "what": "upper neck servo (head_pitch), label face + side face",
    "geom": "neck_upper",
    "rows": [
     880,
     975
    ],
    "seed_x": 1200,
    "tilt_deg": 0.0,
    "n_lines": 83,
    "n_accepted": 32,
    "width_px_mode": 151,
    "width_px": 151.21875,
    "width_px_unc": 1.6720940277089682,
    "width_px_min": 7.0,
    "width_px_max": 170.0,
    "lines": [
     [
      1200.0,
      908.0,
      143.0,
      7.0
     ],
     [
      1200.0,
      910.0,
      143.0,
      8.0
     ],
     [
      1200.0,
      912.0,
      143.0,
      8.0
     ],
     [
      1200.0,
      914.0,
      143.0,
      8.0
     ],
     [
      1200.0,
      916.0,
      143.0,
      8.0
     ],
     [
      1200.0,
      918.0,
      142.0,
      8.0
     ],
     [
      1200.0,
      920.0,
      140.0,
      8.0
     ],
     [
      1200.0,
      922.0,
      142.0,
      8.0
     ],
     [
      1200.0,
      924.0,
      142.0,
      8.0
     ],
     [
      1200.0,
      926.0,
      142.0,
      9.0
     ],
     [
      1200.0,
      928.0,
      142.0,
      9.0
     ],
     [
      1200.0,
      930.0,
      142.0,
      9.0
     ],
     [
      1200.0,
      932.0,
      141.0,
      9.0
     ],
     [
      1200.0,
      934.0,
      141.0,
      9.0
     ],
     [
      1200.0,
      936.0,
      141.0,
      9.0
     ],
     [
      1200.0,
      938.0,
      141.0,
      9.0
     ]
    ],
    "mm_per_px": 0.1322587311427981,
    "mm_per_px_unc": 0.0014624445345318541,
    "render": {
     "n_lines": 69,
     "n_accepted": 16,
     "width_px_mode": 94,
     "width_px": 94.0625,
     "width_px_unc": 1.5995604865087159,
     "width_px_min": 78.0,
     "width_px_max": 100.0,
     "centre_px": [
      275.25717838571103,
      458.93432059687996
     ]
    },
    "render_width_px_analytic": 109.61161742040579,
    "render_width_analytic_how": "(20.000*|sin az| + 26.000*|cos az|) mm * 640 px / 190.0 mm * D_head/D_servo (1.0177)",
    "render_mask_vs_analytic_pct": -14.18564727566104,
    "size_ratio": {
     "product_over_mesh": 1.410924080837403,
     "unc": 0.017708023718611084,
     "servo_depth_mm": 1080.8694496784794,
     "head_depth_mm": 1100.0000026713694,
     "how": "k * W_render_analytic / W_photo; unc = photo width + fit spread of k (the analytic width is exact)"
    }
   },
   {
    "what": "lower neck servo (neck_pitch), label face + side face",
    "geom": "neck_lower",
    "rows": [
     1015,
     1115
    ],
    "seed_x": 1160,
    "tilt_deg": 0.0,
    "n_lines": 57,
    "n_accepted": 11,
    "width_px_mode": 166,
    "width_px": 165.45454545454547,
    "width_px_unc": 1.7248787237282068,
    "width_px_min": 1.0,
    "width_px_max": 170.0,
    "lines": [
     [
      1160.0,
      1052.0,
      113.0,
      52.0
     ],
     [
      1160.0,
      1053.0,
      113.0,
      52.0
     ],
     [
      1160.0,
      1054.0,
      113.0,
      52.0
     ],
     [
      1160.0,
      1055.0,
      113.0,
      52.0
     ],
     [
      1160.0,
      1056.0,
      113.0,
      52.0
     ],
     [
      1160.0,
      1057.0,
      113.0,
      52.0
     ],
     [
      1160.0,
      1058.0,
      113.0,
      53.0
     ],
     [
      1160.0,
      1090.0,
      106.0,
      57.0
     ],
     [
      1160.0,
      1091.0,
      106.0,
      57.0
    
fit: {"objective": 0.06945400014981795, "iou": 0.9381395294692851, "eye_term": 0.0007593529619103094, "seconds": 551.7, "n_eval": 3267, "cam_el_deg": -11.22084429446608, "cam_az_deg": 204.6722802160114, "cam_distance_mm": 1100.0, "cam_distance_source": "camera distance to the head: not measurable from this frame either; same store shoot, same value assumed to better than a factor 2 (the near ankle servo, 44.1 mm nearer than the neck servos, reads 136.2-145.5 px against the neck's 131.4 px depending on the scan tilt, i.e. D 700-1650 mm); 1100 mm is the centre of that range and the sensitivity runs at 700 and 1600 mm bracket it (out/head/head_fit_*_D700.json / _D1600.json)", "head_pitch_deg": -19.835986291014123, "head_yaw_deg": 2.1791949104391035, "head_roll_deg": -4.461291975798966, "jaw_open_deg": 20.732274602881244, "k_photo_px_per_render_px": 1.9464923597542985, "k_fit_spread": 0.011556943973767046, "polishes": [[0.08544, 0.9708], [0.08848, 0.9726], [0.07774, 0.9789], [0.06945, 0.9732], [0.0869, 0.9705], [0.07336, 0.9648]], "tx": 521.5991553904983, "ty": 40.89010070541673, "crop_box": [626, 236, 1445, 1039], "photo_head_extent_px": [740, 724], "photo_head_area_px": 334242, "render_head_extent_px": [381, 287], "render_head_area_px": 87563, "photo_head_pca": {"centre": [393.91053787375614, 344.38896069315047], "major_px": 735.9455614975925, "minor_px": 605.558168166586, "major_axis_dir": [-0.9532192481618618, -0.30227977923396565]}, "render_head_pca": {"centre": [255.1584801799847, 277.0038143964917], "major_px": 377.3821736479238, "minor_px": 298.6587476158022, "major_axis_dir": [-0.9621381912916804, -0.27256210458897917]}, "render_eye": {"centre": [225.04279157667386, 219.8570464362851], "major_px": 105.80722798930124, "minor_px": 105.39323009935788, "major_axis_dir": [-0.20951746922700618, 0.9778049038988866]}}
== graphite-profile-right
{
 "scale": {
  "feature": "XL330-M288-T case, 20.000 mm across the horn/label face",
  "source": "ROBOTIS e-manual, XL330-M288-T, Specifications table: 'Dimensions (W x H x D) 20.0 x 34.0 x 26.0 [mm]', https://emanual.robotis.com/docs/en/dxl/x/xl330-m288/ (fetched 2026-09-02; the same table at https://docs.robotis.com/docs/dxl/model_reference/x_series/xl_series/xl330-m288/, which links XL330.pdf/.dwg/.stp). Face seen: the 20.000 x 34.0 horn/label face \u2014 the servo mesh in Pollen's MJCF is 20.000 (mesh x) x 34.06 (mesh z) x 29.04 (mesh y = 26.0 case + 3.04 horn) and in the neck body mesh x = world -x, mesh z = world -z (tools/head_probe.py).",
  "servos": [
   {
    "what": "near (right) ankle servo, label face; tilted with the shin",
    "geom": "ankle_right",
    "rows": [
     1865,
     1945
    ],
    "seed_x": 950,
    "tilt_deg": 35.0,
    "n_lines": 65,
    "n_accepted": 42,
    "width_px_mode": 137,
    "width_px": 136.8095238095238,
    "width_px_unc": 1.6653055666710201,
    "width_px_min": 3.0,
    "width_px_max": 143.0,
    "lines": [
     [
      928.7776718550112,
      1874.6913743613072,
      49.0,
      89.0
     ],
     [
      930.4984011640645,
      1877.1488304941743,
      48.0,
      87.0
     ],
     [
      932.2191304731176,
      1879.6062866270413,
      49.0,
      85.0
     ],
     [
      933.9398597821707,
      1882.0637427599083,
      49.0,
      86.0
     ],
     [
      935.6605890912239,
      1884.5211988927751,
      50.0,
      85.0
     ],
     [
      937.381318400277,
      1886.9786550256422,
      51.0,
      85.0
     ],
     [
      939.1020477093301,
      1889.4361111585092,
      52.0,
      84.0
     ],
     [
      940.8227770183832,
      1891.893567291376,
      51.0,
      86.0
     ],
     [
      942.5435063274364,
      1894.351023424243,
      52.0,
      85.0
     ],
     [
      945.4113885091916,
      1898.4467836456881,
      53.0,
      84.0
     ],
     [
      966.0601402178293,
      1927.9362572400917,
      59.0,
      77.0
     ],
     [
      967.7808695268824,
      1930.3937133729587,
      60.0,
      76.0
     ],
     [
      969.5015988359355,
      1932.8511695058257,
      59.0,
      76.0
     ],
     [
      971.2223281449888,
      1935.3086256386928,
      60.0,
      76.0
     ]
    ],
    "mm_per_px": 0.1461886529759833,
    "mm_per_px_unc": 0.0017794724431903597,
    "render": {
     "verdict": "CANNOT DETERMINE",
     "why": "servo not visible in the render (0 px)"
    },
    "render_width_px_analytic": 71.36648796268584,
    "render_width_analytic_how": "(20.000*|sin az| + 26.000*|cos az|) mm * 640 px / 190.0 mm * D_head/D_servo (1.0591)",
    "size_ratio": {
     "product_over_mesh": 0.9488719588613856,
     "unc": 0.011710227574421032,
     "servo_depth_mm": 1038.6117472939898,
     "head_depth_mm": 1099.9999522315056,
     "how": "k * W_render_analytic / W_photo; unc = photo width + fit spread of k (the analytic width is exact)"
    }
   }
  ],
  "mm_per_px": 0.1461886529759833,
  "mm_per_px_unc": 0.0017794724431903597
 },
 "eye": {
  "centre": [
   1415.1349108246513,
   439.30240155394665
  ],
  "major_px": 189.4863018571412,
  "minor_px": 145.20653863799805,
  "major_axis_dir": [
   0.15788334443184102,
   0.9874577710216353
  ],
  "n_px": 22652,
  "view_angle_deg": 39.975715938047195,
  "unc_px": 2.0,
  "box": [
   1270,
   320,
   1480,
   535
  ],
  "hue": [
   255,
   300
  ],
  "diameter_mm": 27.700747225896034,
  "diameter_unc_mm": 0.4462943572340259,
  "mesh_diameter_mm": 30.0,
  "dev_mm": -2.299252774103966,
  "render_major_px": 103.84228822704824,
  "render_minor_px": 88.45228685120162,
  "diameter_via_render_mm": 28.556358067705503,
  "centre_offset_photo_minus_render_mm": [
   -0.2395088829973508,
   0.5958450493363046
  ]
 },
 "size": {
  "product_over_mesh": 0.9488719588613856,
  "unc": 0.011710227574421032,
  "n_servos": 1,
  "head_length_dev_mm": -6.272899367296595,
  "head_length_dev_unc_mm": 1.4367278211057164
fit: {"objective": 0.04658205221288018, "iou": 0.9571308451773896, "eye_term": 0.0003712897390269735, "seconds": 445.0, "n_eval": 3182, "cam_el_deg": 1.2599388190277523, "cam_az_deg": 89.99, "cam_distance_mm": 1100.0, "cam_distance_source": "camera distance to the head: not measurable from this frame either; same store shoot, same value assumed to better than a factor 2 (the near ankle servo, 44.1 mm nearer than the neck servos, reads 136.2-145.5 px against the neck's 131.4 px depending on the scan tilt, i.e. D 700-1650 mm); 1100 mm is the centre of that range and the sensitivity runs at 700 and 1600 mm bracket it (out/head/head_fit_*_D700.json / _D1600.json)", "head_pitch_deg": -23.712416760747114, "head_yaw_deg": -46.35353560320206, "head_roll_deg": 13.769202772251862, "jaw_open_deg": 0.0, "k_photo_px_per_render_px": 1.8189870982009118, "k_fit_spread": 0.0036998314418102795, "polishes": [[0.04786, 0.9068], [0.04658, 0.9095], [0.04718, 0.911], [0.04841, 0.9102], [0.04928, 0.9058], [0.04665, 0.9086]], "tx": 548.9154175670777, "ty": 93.35026590574938, "crop_box": [849, 222, 1695, 873], "photo_head_extent_px": [767, 572], "photo_head_area_px": 292502, "render_head_extent_px": [424, 313], "render_head_area_px": 86023, "photo_head_pca": {"centre": [426.36933080799446, 330.3985716336982], "major_px": 782.6525919143065, "minor_px": 439.98080413900084, "major_axis_dir": [-0.9064745528021382, 0.42226044702548643]}, "render_head_pca": {"centre": [399.65154667937645, 250.0764214221778], "major_px": 429.56446098676196, "minor_px": 237.02889919818432, "major_axis_dir": [-0.9098868049441857, 0.4148566043688608]}, "render_eye": {"centre": [477.110502283105, 187.94870624048707], "major_px": 103.84228822704824, "minor_px": 88.45228685120162, "major_axis_dir": [0.4298268858876919, 0.902911317997559]}}
wrote /Users/leifrydenfalk/dev/ce-workshop/ce-designs/microduck/out/head/head_fit.json
ALLDONE
