encodeRegularity on Shape? False
Part module regularity syms: []
no OCC python: cannot import name 'BRepLib' from 'OCC' (/Applications/FreeCAD.app/Contents/Resources/lib/python3.11/site-packages/OCC/__init__.py)
Shape methods with 'nify' or 'emoveS': ['removeShape', 'removeSplitter']
hashCode-vs-isSame adjacency mismatches in 40 samples: 0
=== dihedral histogram BY FACE-TYPE PAIR ===
Plan|Plan      n=1184  {"0-0.01": 386, "1-2": 20, "2-3": 60, "3-5": 16, "30-45": 3, "45-60": 13, "60-90": 6, "90-120": 674, "120-180.1": 6}
BSpl|BSpl      n= 911  {"0-0.01": 9, "0.01-0.1": 50, "0.1-0.5": 64, "0.5-1": 30, "1-2": 64, "2-3": 25, "3-5": 110, "5-7": 120, "7-10": 290, "10-15": 104, "15-20": 44, "20-30": 1}
BSpl|Plan      n= 667  {"0.01-0.1": 2, "0.1-0.5": 3, "2-3": 1, "30-45": 3, "45-60": 81, "60-90": 190, "90-120": 281, "120-180.1": 106}
Cyli|Plan      n=  29  {"30-45": 2, "60-90": 4, "90-120": 23}
Cyli|Cyli      n=   1  {"0-0.01": 1}
below   0.5 deg:  515 edges ( 18.4%)   1488.14 mm ( 19.1% of edge length)
below   1.0 deg:  545 edges ( 19.5%)   1530.00 mm ( 19.7% of edge length)
below   2.0 deg:  629 edges ( 22.5%)   2232.08 mm ( 28.7% of edge length)
below   5.0 deg:  841 edges ( 30.1%)   2723.58 mm ( 35.0% of edge length)
below   8.0 deg: 1035 edges ( 37.0%)   2976.36 mm ( 38.3% of edge length)
below  10.0 deg: 1251 edges ( 44.7%)   3315.51 mm ( 42.6% of edge length)
below  12.0 deg: 1315 edges ( 47.0%)   3432.18 mm ( 44.1% of edge length)
below  15.0 deg: 1355 edges ( 48.5%)   3578.85 mm ( 46.0% of edge length)
below  20.0 deg: 1399 edges ( 50.0%)   3726.56 mm ( 47.9% of edge length)
below  30.0 deg: 1400 edges ( 50.1%)   3727.99 mm ( 47.9% of edge length)
wrote probe3 json
