{
  "verdict": "PASS",
  "exit": 0,
  "ref": "part:microduck-shin",
  "kind": "part",
  "slug": "microduck-shin",
  "version": "v0.0.1",
  "folder": "/Users/leifrydenfalk/dev/ce-workshop/ce-designs/microduck/ce-parts/microduck-shin/iterations/v0.0.1",
  "measured": {
    "type": "Part",
    "name": "microduck-shin",
    "material": "PLA",
    "volume_mm3": 4691.282916386512,
    "bbox_mm": [
      8.29,
      20.0,
      58.0
    ],
    "mass_g": 5.8171908163192745,
    "cautions": [],
    "shape_type": "Compound",
    "solids": 1,
    "shells": 1,
    "faces": 156,
    "valid": true,
    "connectors": [
      "ankle",
      "knee"
    ]
  },
  "seconds": 1.188,
  "params": {},
  "params_validated": true,
  "artifacts": [
    {
      "kind": "stl",
      "path": "/Users/leifrydenfalk/dev/ce-workshop/ce-designs/microduck/out/refcheck/microduck-shin/ours.stl",
      "bytes": 2368096
    }
  ],
  "out_dir": null,
  "ledger": null
}
PASS  part:microduck-shin
  built  : Part 'microduck-shin'  (v0.0.1, current symlink)
  folder : /Users/leifrydenfalk/dev/ce-workshop/ce-designs/microduck/ce-parts/microduck-shin/iterations/v0.0.1
  volume : 4691.283 mm3   MEASURED off the finished solid
  bbox   : 8.290 x 20.000 x 58.000 mm   MEASURED
  shape  : Compound — 1 solid(s), 1 shell(s), 156 face(s), valid=True
  material: PLA  (DECLARED, not measured)
  connectors: ankle, knee
  built in 1.19 s
  stl    : /Users/leifrydenfalk/dev/ce-workshop/ce-designs/microduck/out/refcheck/microduck-shin/ours.stl  (2368096 bytes)
