fastener rows in placements.json: 64
distinct screw members built: 7 ["(('length_mm', 10.0),)", "(('length_mm', 12.0),)", "(('length_mm', 4.0),)", "(('length_mm', 5.0),)", "(('length_mm', 6.0),)", "(('length_mm', 8.0),)", "(('length_mm', 8.0),)"]
instances placed: 64 in 6.4 s
screw-screw pairs checked: 2016 interfering: 0
fastener cloud bbox mm: X -39.937..77.850  Y -68.300..68.300  Z 25.381..263.515
RAISED:
Traceback (most recent call last):
  File "/Users/leifrydenfalk/dev/ce-workshop/ce-cad/cecad/render.py", line 1981, in verify_render
    f = _v(path, min_colors=min_colors, what="render",
        ^^^^^^^^^^^^^^^^^^^^^^^^^^^^^^^^^^^^^^^^^^^^^^
  File "/Users/leifrydenfalk/dev/ce-workshop/ce-cad/cecad/imgcheck.py", line 344, in verify_png
    raise BlankImage(
cecad.imgcheck.BlankImage: /Users/leifrydenfalk/dev/ce-workshop/ce-designs/microduck/out/fasteners/fastener-skeleton-iso.png has no continuous mark longer than 6.0% of the frame (< 10%) — ink broken into small pieces is lettering on an empty canvas, not a render

During handling of the above exception, another exception occurred:

Traceback (most recent call last):
  File "tools/build_fastener_skeleton.py", line 91, in <module>
    render(a,"%s-%s.png"%(out,v),view=v); p("rendered %s-%s.png"%(out,v))
    ^^^^^^^^^^^^^^^^^^^^^^^^^^^^^^^^^^^^
  File "/Users/leifrydenfalk/dev/ce-workshop/ce-cad/cecad/livehook.py", line 195, in render
    r = _render(obj, path, *a, **kw)
        ^^^^^^^^^^^^^^^^^^^^^^^^^^^^
  File "/Users/leifrydenfalk/dev/ce-workshop/ce-cad/cecad/render.py", line 1516, in render
    facts = verify_render(path)          # raises BlankRender, naming it
            ^^^^^^^^^^^^^^^^^^^
  File "/Users/leifrydenfalk/dev/ce-workshop/ce-cad/cecad/render.py", line 1984, in verify_render
    raise BlankRender(str(e))
cecad.render.BlankRender: /Users/leifrydenfalk/dev/ce-workshop/ce-designs/microduck/out/fasteners/fastener-skeleton-iso.png has no continuous mark longer than 6.0% of the frame (< 10%) — ink broken into small pieces is lettering on an empty canvas, not a render

