sheet                              KIND  VERD  lines edges ratio  occ%  LER%  dens  over font  iso  rend   feat   dim%
----------------------------------------------------------------------------------------------------------------------
edgeclass                          DRAW  FAIL   1633    CD    CD    CD    CD    CD    CD 22.0    0     0      0     CD
microduck-ankle-left               DRAW  FAIL   2229   615   3.6  54.4  28.8   3.4   112  1.7    2     1     81   49.4
microduck-ankle-right              DRAW  FAIL   2351   615   3.8  56.7  28.8   3.4   113  1.7    2     1     81   49.4
microduck-banana-pcb-locker        DRAW  FAIL    666   234   2.8  22.9  29.8   2.1     5  1.7    2     1     23   56.5
microduck-bearing-roll             DRAW  FAIL    567   129   4.4  43.2  22.6   2.1     6  1.7    2     1     28   64.3
microduck-eye-ring                 PRINT FAIL     21  1476   0.0  54.1  15.2   0.0     0  2.4    2     4     12     CD
microduck-foot-left                DRAW  FAIL   9543  2796   3.4  33.2  32.6  11.0   314  1.7    2     1     15   73.3
microduck-foot-right               DRAW  FAIL   9721  2796   3.5  33.5  32.6  11.7   330  1.7    2     1     15   73.3
microduck-hip-bracket              DRAW  FAIL   2774   657   4.2  35.6  29.1   5.2    87  1.7    2     1    108   74.1
microduck-jaw                      PRINT FAIL     21 14877   0.0  54.0  15.2   0.0     0  2.4    2     4     44     CD
microduck-jaw-soft                 PRINT FAIL     21 10089   0.0  54.1  15.2   0.0     0  2.4    2     4      4     CD
microduck-motor-support            DRAW  FAIL   5337  1683   3.2  29.6  28.4  10.4    93  1.7    2     1     34   85.3
microduck-neck-pitch-bracket       DRAW  FAIL   1146   281   4.1  33.9  26.3   2.3    14  1.7    2     1    102   52.0
microduck-neck-plate               DRAW  FAIL    550   168   3.3  40.9  19.0   1.5     1  1.7    2     1     21  100.0
microduck-power-support            DRAW  FAIL   3939  1400   2.8  21.6  30.4   8.6    53  1.7    2     1    215   31.6
microduck-robot-hat-pcb            DRAW  FAIL    901   291   3.1  25.2  27.8   0.8     0  1.7    2     1    253   35.6
microduck-shin                     DRAW  FAIL   1141   550   2.1  28.1  26.5   1.7     1  1.7    2     1    111   45.0
microduck-soft-mouth-top           PRINT FAIL     21 11805   0.0  54.3  15.2   0.0     0  2.4    2     4      4     CD
microduck-sole-left                PRINT FAIL     21  2585   0.0  57.6  12.9   0.0     0  2.4    2     4      9   33.3
microduck-sole-right               PRINT FAIL     21  2585   0.0  57.6  12.9   0.0     0  2.4    2     4      9   33.3
microduck-speaker                  DRAW  FAIL     84    12   7.0  36.8  22.8   0.4     0  1.7    2     1      4  100.0
microduck-top-head-shell           PRINT FAIL     21 24180   0.0  54.3  15.2   0.0     0  2.4    2     4     32     CD
microduck-trunk-base               DRAW  FAIL    693   246   2.8  28.0  19.5   1.0     0  1.7    2     1     37   62.2
microduck-upper-leg-left           DRAW  FAIL   5781  1312   4.4  22.4  26.7   8.6   186  1.7    2     1     62   35.5
microduck-upper-leg-right          DRAW  FAIL   5697  1312   4.3  23.3  26.7  11.0   198  1.7    2     1     62   35.5
microduck-upper-leg-rigidity-plate DRAW  FAIL    745   464   1.6  32.0  26.4   0.9     0  1.7    2     1     46   56.5
microduck-yaw-roll-motion          DRAW  FAIL   1815   415   4.4  42.8  32.4   2.8    97  1.7    2     1     89   70.8
microduck-yaw2roll                 DRAW  FAIL   1303   365   3.6  28.4  30.3   2.4    23  1.7    2     1    119   37.0
edgeclass                          DRAW  FAIL   1633    CD    CD    CD    CD    CD    CD 22.0    0     0      0     CD
microduck-ankle-left               DRAW  FAIL   2229   615   3.6  54.4  28.8   3.4   112  1.7    2     1     81   49.4
microduck-ankle-right              DRAW  FAIL   2351   615   3.8  56.7  28.8   3.4   113  1.7    2     1     81   49.4
microduck-banana-pcb-locker        DRAW  FAIL    666   234   2.8  22.9  29.8   2.1     5  1.7    2     1     23   56.5
microduck-bearing-roll             DRAW  FAIL    567   129   4.4  43.2  22.6   2.1     6  1.7    2     1     28   64.3
microduck-eye-ring                 PRINT FAIL     21  1476   0.0  54.1  15.2   0.0     0  2.4    2     4     12     CD
microduck-foot-left                DRAW  FAIL   9543  2796   3.4  33.2  32.6  11.0   314  1.7    2     1     15   73.3
microduck-foot-right               DRAW  FAIL   9721  2796   3.5  33.5  32.6  11.7   330  1.7    2     1     15   73.3
microduck-hip-bracket              DRAW  FAIL   2774   657   4.2  35.6  29.1   5.2    87  1.7    2     1    108   74.1
microduck-jaw                      PRINT FAIL     21 14877   0.0  54.0  15.2   0.0     0  2.4    2     4     44     CD
microduck-jaw-soft                 PRINT FAIL     21 10089   0.0  54.1  15.2   0.0     0  2.4    2     4      4     CD
microduck-motor-support            DRAW  FAIL   5337  1683   3.2  29.6  28.4  10.4    93  1.7    2     1     34   85.3
microduck-neck-pitch-bracket       DRAW  FAIL   1146   281   4.1  33.9  26.3   2.3    14  1.7    2     1    102   52.0
microduck-neck-plate               DRAW  FAIL    550   168   3.3  40.9  19.0   1.5     1  1.7    2     1     21  100.0
microduck-power-support            DRAW  FAIL   3939  1400   2.8  21.6  30.4   8.6    53  1.7    2     1    215   31.6
microduck-robot-hat-pcb            DRAW  FAIL    901   291   3.1  25.2  27.8   0.8     0  1.7    2     1    253   35.6
microduck-shin                     DRAW  FAIL   1141   550   2.1  28.1  26.5   1.7     1  1.7    2     1    111   45.0
microduck-soft-mouth-top           PRINT FAIL     21 11805   0.0  54.3  15.2   0.0     0  2.4    2     4      4     CD
microduck-sole-left                PRINT FAIL     21  2585   0.0  57.6  12.9   0.0     0  2.4    2     4      9   33.3
microduck-sole-right               PRINT FAIL     21  2585   0.0  57.6  12.9   0.0     0  2.4    2     4      9   33.3
microduck-speaker                  DRAW  FAIL     84    12   7.0  36.8  22.8   0.4     0  1.7    2     1      4  100.0
microduck-top-head-shell           PRINT FAIL     21 24180   0.0  54.3  15.2   0.0     0  2.4    2     4     32     CD
microduck-trunk-base               DRAW  FAIL    693   246   2.8  28.0  19.5   1.0     0  1.7    2     1     37   62.2
microduck-upper-leg-left           DRAW  FAIL   5781  1312   4.4  22.4  26.7   8.6   186  1.7    2     1     62   35.5
microduck-upper-leg-right          DRAW  FAIL   5697  1312   4.3  23.3  26.7  11.0   198  1.7    2     1     62   35.5
microduck-upper-leg-rigidity-plate DRAW  FAIL    745   464   1.6  32.0  26.4   0.9     0  1.7    2     1     46   56.5
microduck-yaw-roll-motion          DRAW  FAIL   1815   415   4.4  42.8  32.4   2.8    97  1.7    2     1     89   70.8
microduck-yaw2roll                 DRAW  FAIL   1303   365   3.6  28.4  30.3   2.4    23  1.7    2     1    119   37.0

lines  <line> elements · edges  topological edges on the solid · ratio  lines/edges (limit 10)
occ%   content occupancy of the frame (limit >= 85) · LER%   largest empty rectangle (limit < 5)
dens   worst mm of line per mm2 in a 5 mm patch (limit 1.43) · over  patches over it (limit 0)
font   smallest text, mm (limit >= 3.5) · iso  isometric views (limit >= 4) · rend  shaded colour renders (limit >= 6)
feat   features enumerated off the solid · dim%  of them carrying a printed dimension (limit 100)
KIND   DRAW = a dimensioned drawing · PRINT = the sheet declares itself NOT a dimensioned drawing (A2 r3)

the FEATURE CENSUS ITSELF is refused on 10 sheet(s) — a percentage over a census that never
happened is the one way the A4 gate could be passed by an empty sheet. 6 of them are still FAIL,
because cecad.meshfeatures fitted real holes to the triangles and the sheet dimensions none of them;
the other 4 are CANNOT DETERMINE:
  microduck-eye-ring                 FAIL 8 undimensioned mesh feature(s): meshhole1.dia, meshhole1.len, meshhole1.posx, meshhole1.posz · part:microduck-eye-ring is backed by a TESSELLATION, not a parametric solid: 984 of 984 faces are 3-edge plana
  microduck-jaw                      FAIL 35 undimensioned mesh feature(s): meshhole1.len, meshhole1.posy, meshhole1.posz, meshhole2.len · part:microduck-jaw is backed by a TESSELLATION, not a parametric solid: 9918 of 9918 faces are 3-edge planar f
  microduck-jaw-soft                 CD   part:microduck-jaw-soft is backed by a TESSELLATION, not a parametric solid: 6726 of 6726 faces are 3-edge pla
  microduck-soft-mouth-top           CD   part:microduck-soft-mouth-top is backed by a TESSELLATION, not a parametric solid: 7870 of 7870 faces are 3-ed
  microduck-top-head-shell           FAIL 25 undimensioned mesh feature(s): meshhole1.len, meshhole1.posx, meshhole1.posy, meshhole2.len · part:microduck-top-head-shell is backed by a TESSELLATION, not a parametric solid: 16120 of 16120 faces are 3-
  microduck-eye-ring                 FAIL 8 undimensioned mesh feature(s): meshhole1.dia, meshhole1.len, meshhole1.posx, meshhole1.posz · part:microduck-eye-ring is backed by a TESSELLATION, not a parametric solid: 984 of 984 faces are 3-edge plana
  microduck-jaw                      FAIL 35 undimensioned mesh feature(s): meshhole1.len, meshhole1.posy, meshhole1.posz, meshhole2.len · part:microduck-jaw is backed by a TESSELLATION, not a parametric solid: 9918 of 9918 faces are 3-edge planar f
  microduck-jaw-soft                 CD   part:microduck-jaw-soft is backed by a TESSELLATION, not a parametric solid: 6726 of 6726 faces are 3-edge pla
  microduck-soft-mouth-top           CD   part:microduck-soft-mouth-top is backed by a TESSELLATION, not a parametric solid: 7870 of 7870 faces are 3-ed
  microduck-top-head-shell           FAIL 25 undimensioned mesh feature(s): meshhole1.len, meshhole1.posx, meshhole1.posy, meshhole2.len · part:microduck-top-head-shell is backed by a TESSELLATION, not a parametric solid: 16120 of 16120 faces are 3-

SKIPPED, not a part folder (1) — each with the reason it is not one. A silent skip and a
silent inclusion are the same defect from opposite sides.
  _prof                              directory name starts with '_' — drawer scratch, not a part folder

5 PART FOLDER(S) WITH NO SHEET SVG AT ALL — FAIL. A part whose drawing never built is the
worst sheet there is, and it is the only kind a table of graded sheets cannot show.
  microduck-bottom-head-shell        FAIL  no sheet SVG in out/drawings/microduck-bottom-head-shell
                                           the drawer's own record says: part:microduck-bottom-head-shell does not build: NotImplementedError: microduck-bottom-head-shell: no geometry yet
                                           files present: result.json
  microduck-face-part                FAIL  no sheet SVG in out/drawings/microduck-face-part
                                           the drawer's own record says: part:microduck-face-part does not build: NotImplementedError: microduck-face-part: no geometry yet
                                           files present: result.json
  microduck-m12-lens                 FAIL  no sheet SVG in out/drawings/microduck-m12-lens
                                           the drawer's own record says: part:microduck-m12-lens does not build: NotImplementedError: microduck-m12-lens: no geometry yet
                                           files present: result.json
  microduck-m12-lens-holder          FAIL  no sheet SVG in out/drawings/microduck-m12-lens-holder
                                           the drawer's own record says: part:microduck-m12-lens-holder does not build: NotImplementedError: microduck-m12-lens-holder: no geometry yet
                                           files present: result.json
  microduck-trunk-shell-left         FAIL  no sheet SVG in out/drawings/microduck-trunk-shell-left
                                           files present: (the folder is empty)

56 sheets — PASS 0 · FAIL 56 · CANNOT DETERMINE 0
  line_ratio     PASS 54  FAIL  0  CANNOT DETERMINE  2
  coverage       PASS  0  FAIL 54  CANNOT DETERMINE  2
  empty_rect     PASS  0  FAIL 54  CANNOT DETERMINE  2
  font           PASS  2  FAIL 54  CANNOT DETERMINE  0
  iso            PASS  0  FAIL 54  CANNOT DETERMINE  2
  renders        PASS  0  FAIL 56  CANNOT DETERMINE  0
  curve_density  PASS 22  FAIL 32  CANNOT DETERMINE  2
  dim_coverage   PASS  4  FAIL 46  CANNOT DETERMINE  6
wrote /Users/leifrydenfalk/dev/ce-workshop/ce-designs/microduck/out/factory/measure/sheetcheck.raw.json

!!! /Users/leifrydenfalk/dev/ce-workshop/ce-cad/cecad/sheetcheck.py EXITED 1 !!!
