SUMMARY OF C0NVERGENCE INFORMATION
  STEP   INC  ATT   ITER     CONT.   RESID.        CORR.      RESID.      CORR.
                              EL.    FORCE         DISP       FLUX        TEMP.
                              (#)     (%)           (%)        (%)         (%)
     1     1     1     1        0  0.4576E+04  0.1000E+03  0.0000E+00  0.0000E+00
     1     1     1     2        0  0.2235E+04  0.7587E+01  0.0000E+00  0.0000E+00
     1     1     1     3        0  0.9551E+01  0.8246E+00  0.0000E+00  0.0000E+00
     1     1     1     4        0  0.7137E+01  0.4732E+00  0.0000E+00  0.0000E+00
     1     1     1     5        0  0.0000E+00  0.6443E-02  0.0000E+00  0.0000E+00
     1     2     1     1        0  0.4527E+04  0.1362E+02  0.0000E+00  0.0000E+00
     1     2     1     2        0  0.5591E+02  0.2742E+01  0.0000E+00  0.0000E+00
     1     2     1     3        0  0.2242E+03  0.4901E+01  0.0000E+00  0.0000E+00
     1     2     1     4        0  0.1389E+01  0.4040E+00  0.0000E+00  0.0000E+00
     1     2     1     5        0  0.1732E+01  0.3266E+00  0.0000E+00  0.0000E+00
     1     2     1     6        0  0.0000E+00  0.2371E-02  0.0000E+00  0.0000E+00
     1     3     1     1        0  0.2285E+04  0.1191E+02  0.0000E+00  0.0000E+00
     1     3     1     2        0  0.4707E+02  0.2691E+01  0.0000E+00  0.0000E+00
     1     3     1     3        0  0.1933E+03  0.5543E+01  0.0000E+00  0.0000E+00
     1     3     1     4        0  0.6399E+00  0.4121E+00  0.0000E+00  0.0000E+00
     1     3     1     5        0  0.1201E+01  0.3394E+00  0.0000E+00  0.0000E+00
     1     3     1     6        0  0.0000E+00  0.1873E-02  0.0000E+00  0.0000E+00
     1     4     1     1        0  0.1038E+04  0.1029E+02  0.0000E+00  0.0000E+00
     1     4     1     2        0  0.2437E+02  0.2584E+01  0.0000E+00  0.0000E+00
     1     4     1     3        0  0.1205E+03  0.5339E+01  0.0000E+00  0.0000E+00
     1     4     1     4        0  0.2175E+00  0.2898E+00  0.0000E+00  0.0000E+00
     1     5     1     1        0  0.5195E+03  0.8926E+01  0.0000E+00  0.0000E+00
     1     5     1     2        0  0.1820E+02  0.3162E+01  0.0000E+00  0.0000E+00
     1     5     1     3        0  0.9774E+02  0.5611E+01  0.0000E+00  0.0000E+00
     1     5     1     4        0  0.1644E+00  0.2750E+00  0.0000E+00  0.0000E+00
     1     6     1     1        0  0.9714E+03  0.1068E+02  0.0000E+00  0.0000E+00
     1     6     1     2        0  0.2674E+02  0.3021E+01  0.0000E+00  0.0000E+00
     1     6     1     3        0  0.2471E+03  0.7744E+01  0.0000E+00  0.0000E+00
     1     6     1     4        0  0.3118E+00  0.3181E+00  0.0000E+00  0.0000E+00
     1     7     1     1        0  0.1549E+04  0.1490E+02  0.0000E+00  0.0000E+00
     1     7     1     2        0  0.3910E+02  0.3447E+01  0.0000E+00  0.0000E+00
     1     7     1     3        0  0.5878E+03  0.1351E+02  0.0000E+00  0.0000E+00
     1     7     1     4        0  0.8439E+00  0.4876E+00  0.0000E+00  0.0000E+00
     1     7     1     5        0  0.1432E+02  0.1548E+01  0.0000E+00  0.0000E+00
     1     7     1     6        0  0.1444E-02  0.1040E-01  0.0000E+00  0.0000E+00
     1     8     1     1        0  0.6676E+03  0.1553E+02  0.0000E+00  0.0000E+00
     1     8     1     2        0  0.4562E+02  0.5183E+01  0.0000E+00  0.0000E+00
     1     8     1     3        0  0.3172E+03  0.1402E+02  0.0000E+00  0.0000E+00
     1     8     1     4        0  0.6688E+00  0.6006E+00  0.0000E+00  0.0000E+00
     1     8     1     5        0  0.5666E+01  0.1473E+01  0.0000E+00  0.0000E+00
     1     8     1     6        0  0.0000E+00  0.8269E-02  0.0000E+00  0.0000E+00
     1     9     1     1        0  0.2233E+03  0.1184E+02  0.0000E+00  0.0000E+00
     1     9     1     2        0  0.5133E+02  0.8278E+01  0.0000E+00  0.0000E+00
     1     9     1     3        0  0.1097E+03  0.9250E+01  0.0000E+00  0.0000E+00
     1     9     1     4        0  0.1665E+01  0.1221E+01  0.0000E+00  0.0000E+00
     1     9     1     5        0  0.2877E+01  0.1167E+01  0.0000E+00  0.0000E+00
     1     9     1     6        0  0.1053E-02  0.2210E-01  0.0000E+00  0.0000E+00
     1    10     1     1        0  0.8463E+02  0.9321E+01  0.0000E+00  0.0000E+00
     1    10     1     2        0  0.4571E+02  0.1116E+02  0.0000E+00  0.0000E+00
     1    10     1     3        0  0.2066E+02  0.4875E+01  0.0000E+00  0.0000E+00
     1    10     1     4        0  0.2687E+01  0.1617E+01  0.0000E+00  0.0000E+00
     1    10     1     5        0  0.1972E+00  0.3483E+00  0.0000E+00  0.0000E+00
     1    11     1     1        0  0.3895E+02  0.7593E+01  0.0000E+00  0.0000E+00
     1    11     1     2        0  0.3349E+02  0.1279E+02  0.0000E+00  0.0000E+00
     1    11     1     3        0  0.3196E+01  0.2378E+01  0.0000E+00  0.0000E+00
     1    11     1     4        0  0.8276E+00  0.9945E+00  0.0000E+00  0.0000E+00
     1    11     1     5        0  0.1644E-02  0.3787E-01  0.0000E+00  0.0000E+00
     1    12     1     1        0  0.1926E+02  0.6367E+01  0.0000E+00  0.0000E+00
     1    12     1     2        0  0.2447E+02  0.1294E+02  0.0000E+00  0.0000E+00
     1    12     1     3        0  0.5001E+00  0.1154E+01  0.0000E+00  0.0000E+00
     1    12     1     4        0  0.9089E-01  0.3863E+00  0.0000E+00  0.0000E+00
     1    13     1     1        0  0.4693E+01  0.5001E+01  0.0000E+00  0.0000E+00
     1    13     1     2        0  0.7985E+01  0.1076E+02  0.0000E+00  0.0000E+00
     1    13     1     3        0  0.1005E-01  0.2533E+00  0.0000E+00  0.0000E+00
