HAT world placement from MJCF body 'jaw_soft' geom #9 (pos [0.02694, 0.0289936, -0.0519], quat [0.707107, 0.0, 0.0, -0.707107]) composed with the body's zero-pose world frame
  parent body jaw_soft pos_mm [60.0, 28.9936, 262.5546] quat_wxyz [0.5, 0.5, -0.5, -0.5]
rebuild-from-library check: bbox [-3.5, -26.5, -4.02, 61.5, 4.4, 8.66] vs hat_pcba's [-3.5, -26.5, -4.02, 61.5, 4.4, 8.66] -> worst 0.000000 mm
populated board rebuilt from the local library: 113 bodies (1 board + 112 components)
flip   0 deg: populated HAT world bbox [51.34, -32.506, 236.055, 64.02, 32.494, 266.955] size [12.68, 65.0, 30.9]
flip   0 deg: bodies whose bbox comes within 5.0 mm: 8
  part:microduck-face-part                 face_part                    bbox gap   4.880  interference     0.0000 mm3  PASS  []
  part:xl330-m288-t                        xl330                        bbox gap   0.740  interference     0.0000 mm3  PASS  []
  part:microduck-motor-support             motor_support                bbox gap   0.000  interference     0.5785 mm3  FAIL  [('C19', 0.5785)]
  part:microduck-top-head-shell            top_head_shell               bbox gap   0.000  interference     4.2536 mm3  FAIL  [('board', 4.2536)]
  part:microduck-jaw                       jaw                          bbox gap   0.000  interference     0.0000 mm3  PASS  []
  part:microduck-bottom-head-shell         bottom_head_shell            bbox gap   0.000  interference     0.0000 mm3  PASS  []
  part:microduck-m12-lens-holder           m12_lens_holder              bbox gap   0.000  interference     0.0000 mm3  PASS  []
  part:radxa-zero-3w                       pcb__raspberry_pi_zero_2_w   bbox gap   3.290  interference     0.0000 mm3  PASS  []
flip 180 deg: populated HAT world bbox [51.34, -32.506, 235.155, 64.02, 32.494, 266.055] size [12.68, 65.0, 30.9]
flip 180 deg: bodies whose bbox comes within 5.0 mm: 8
  part:microduck-face-part                 face_part                    bbox gap   4.880  interference     0.0000 mm3  PASS  []
  part:xl330-m288-t                        xl330                        bbox gap   0.740  interference     0.0000 mm3  PASS  []
  part:microduck-motor-support             motor_support                bbox gap   0.000  interference     0.0000 mm3  PASS  []
  part:microduck-top-head-shell            top_head_shell               bbox gap   0.000  interference     0.1452 mm3  FAIL  [('board', 0.1452)]
  part:microduck-jaw                       jaw                          bbox gap   0.000  interference     0.0000 mm3  PASS  []
  part:microduck-bottom-head-shell         bottom_head_shell            bbox gap   0.000  interference     0.0000 mm3  PASS  []
  part:microduck-m12-lens-holder           m12_lens_holder              bbox gap   0.000  interference     0.0000 mm3  PASS  []
  part:radxa-zero-3w                       pcb__raspberry_pi_zero_2_w   bbox gap   3.290  interference     0.0000 mm3  PASS  []
render: interference solid motor_support x C19 0.5785 mm3 drawn in red
render: interference solid top_head_shell x board 4.2536 mm3 drawn in red
rendered /Users/leifrydenfalk/dev/ce-workshop/ce-designs/microduck/out/internals/hat-in-head-iso.png 230603 bytes
rendered /Users/leifrydenfalk/dev/ce-workshop/ce-designs/microduck/out/internals/hat-in-head-front.png 107240 bytes
seconds 418.6
DONE
