[live capture NOT installed: RuntimeError: cecad.livehook needs FreeCAD's geometry kernel, which this interpreter does not have (No module named 'FreeCAD').
    Run designs through bin/cad — FreeCAD's interpreter ignores PYTHONPATH and `FreeCAD -c` hangs on stdin.
    cecad.electrical and cecad.vision are kernel-free and work here.]
# refcheck part:microduck-foot-right vs foot_right.stl

**PASS** — p95 surface distance 0.37 mm <= 1.00 both ways; bbox within 0.00 mm

| | ref->ours | ours->ref |
|---|---|---|
| mean mm | 0.059 | 0.045 |
| p50 mm | 0.000 | 0.000 |
| p95 mm | 0.369 | 0.259 |
| max mm | 2.459 | 1.907 |
| within 1.0 mm | 98.5% | 99.1% |

bbox ours [40.085, 54.0, 16.905]  ref [40.086, 54.0, 16.909]  delta [-0.001, 0.0, -0.004]
volume ratio ours/ref 0.9594 (closed-mesh figure, see compare.json)

## features

reference: 2 holes, 0 bosses · ours: 2 holes, 0 bosses · matched 2 · unmatched reference 0 · extra ours 0

## renders

- overlay_front.png
- overlay_left.png
- overlay_top.png
- overlay_iso.png
- ours_iso.png
- ref_iso.png

report: out/refcheck/microduck-foot-right/r1/report.md
