22:41:37 PASS microduck-shin  | p95 mm | 1.000 | 1.000 |
22:46:01 PASS bearing-roll  | p95 mm | 0.002 | 0.002 |
22:46:45 PASS microduck-trunk-base  | p95 mm | 0.001 | 0.001 |
22:47:48 PASS microduck-banana-pcb-locker  | p95 mm | 0.013 | 0.013 |
22:49:59 PASS yaw2roll  | p95 mm | 0.786 | 0.266 |
22:52:07 PASS microduck-power-support  | p95 mm | 0.211 | 0.241 |
22:54:25 PASS microduck-upper-leg-left  | p95 mm | 0.200 | 0.200 |
23:04:56 PASS microduck-upper-leg-rigidity-plate  | p95 mm | 0.256 | 0.279 |
23:10:22 PASS microduck-upper-leg-right  | p95 mm | 0.200 | 0.200 |
00:15:44 PASS microduck-yaw2roll  | p95 mm | 0.050 | 0.050 |
00:16:05 PASS microduck-bearing-roll  | p95 mm | 0.002 | 0.002 |
01:51:38 PASS microduck-banana-pcb-locker  | p95 mm | 0.013 | 0.013 |
01:51:38 PASS microduck-bearing-roll  | p95 mm | 0.002 | 0.002 |
01:51:38 PASS microduck-power-support  | p95 mm | 0.211 | 0.241 |
01:51:38 PASS microduck-shin  | p95 mm | 1.000 | 1.000 |
01:51:38 PASS microduck-trunk-base  | p95 mm | 0.001 | 0.001 |
01:51:39 PASS microduck-upper-leg-left  | p95 mm | 0.200 | 0.200 |
01:51:39 PASS microduck-upper-leg-right  | p95 mm | 0.200 | 0.200 |
01:51:39 PASS microduck-yaw2roll  | p95 mm | 0.050 | 0.050 |
01:51:39 PASS bearing-roll  | p95 mm | 0.002 | 0.002 |
01:51:39 PASS microduck-upper-leg-rigidity-plate  | p95 mm | 0.256 | 0.279 |
01:51:39 PASS yaw2roll  | p95 mm | 0.786 | 0.266 |
02:57:58 PASS microduck-hip-bracket  | p95 mm | 0.162 | 0.242 |
03:02:21 PASS microduck-ankle-left  | p95 mm | 0.012 | 0.011 |
03:03:02 PASS microduck-ankle-right  | p95 mm | 0.012 | 0.012 |
