SUMMARY OF C0NVERGENCE INFORMATION
  STEP   INC  ATT   ITER     CONT.   RESID.        CORR.      RESID.      CORR.
                              EL.    FORCE         DISP       FLUX        TEMP.
                              (#)     (%)           (%)        (%)         (%)
     1     1     1     1        0  0.2071E+04  0.1000E+03  0.0000E+00  0.0000E+00
     1     1     1     2        0  0.4432E+02  0.2460E+01  0.0000E+00  0.0000E+00
     1     1     1     3        0  0.2424E+02  0.3478E+01  0.0000E+00  0.0000E+00
     1     1     1     4        0  0.1100E+00  0.1774E+00  0.0000E+00  0.0000E+00
     1     2     1     1        0  0.1306E+03  0.5073E+01  0.0000E+00  0.0000E+00
     1     2     1     2        0  0.3892E+02  0.5605E+01  0.0000E+00  0.0000E+00
     1     2     1     3        0  0.3510E+01  0.1245E+01  0.0000E+00  0.0000E+00
     1     2     1     4        0  0.4598E-01  0.1498E+00  0.0000E+00  0.0000E+00
     1     3     1     1        0  0.3797E+03  0.6632E+01  0.0000E+00  0.0000E+00
     1     3     1     2        0  0.3247E+02  0.4083E+01  0.0000E+00  0.0000E+00
     1     3     1     3        0  0.3907E+02  0.3576E+01  0.0000E+00  0.0000E+00
     1     3     1     4        0  0.2945E+00  0.3376E+00  0.0000E+00  0.0000E+00
     1     4     1     1        0  0.1039E+04  0.9407E+01  0.0000E+00  0.0000E+00
     1     4     1     2        0  0.3242E+02  0.2654E+01  0.0000E+00  0.0000E+00
     1     4     1     3        0  0.1320E+03  0.7072E+01  0.0000E+00  0.0000E+00
     1     4     1     4        0  0.1946E+00  0.2795E+00  0.0000E+00  0.0000E+00
     1     5     1     1        0  0.1131E+04  0.1084E+02  0.0000E+00  0.0000E+00
     1     5     1     2        0  0.2383E+02  0.2306E+01  0.0000E+00  0.0000E+00
     1     5     1     3        0  0.8389E+02  0.7379E+01  0.0000E+00  0.0000E+00
     1     5     1     4        0  0.1195E+00  0.2316E+00  0.0000E+00  0.0000E+00
     1     6     1     1        0  0.9208E+03  0.1073E+02  0.0000E+00  0.0000E+00
     1     6     1     2        0  0.1190E+02  0.1930E+01  0.0000E+00  0.0000E+00
     1     6     1     3        0  0.2560E+02  0.4957E+01  0.0000E+00  0.0000E+00
     1     6     1     4        0  0.3241E-01  0.1375E+00  0.0000E+00  0.0000E+00
     1     7     1     1        0  0.7013E+03  0.1026E+02  0.0000E+00  0.0000E+00
     1     7     1     2        0  0.5362E+01  0.1605E+01  0.0000E+00  0.0000E+00
     1     7     1     3        0  0.6757E+01  0.2291E+01  0.0000E+00  0.0000E+00
     1     7     1     4        0  0.2871E-02  0.3615E-01  0.0000E+00  0.0000E+00
     1     8     1     1        0  0.5812E+03  0.1051E+02  0.0000E+00  0.0000E+00
     1     8     1     2        0  0.4305E+01  0.1517E+01  0.0000E+00  0.0000E+00
     1     8     1     3        0  0.1752E+02  0.3071E+01  0.0000E+00  0.0000E+00
     1     8     1     4        0  0.1213E-01  0.7150E-01  0.0000E+00  0.0000E+00
     1     9     1     1        0  0.4209E+03  0.1104E+02  0.0000E+00  0.0000E+00
     1     9     1     2        0  0.4054E+01  0.1880E+01  0.0000E+00  0.0000E+00
     1     9     1     3        0  0.2846E+02  0.4668E+01  0.0000E+00  0.0000E+00
     1     9     1     4        0  0.2171E-01  0.1127E+00  0.0000E+00  0.0000E+00
     1    10     1     1        0  0.2767E+03  0.1128E+02  0.0000E+00  0.0000E+00
     1    10     1     2        0  0.4763E+01  0.2577E+01  0.0000E+00  0.0000E+00
     1    10     1     3        0  0.2778E+02  0.5587E+01  0.0000E+00  0.0000E+00
     1    10     1     4        0  0.3771E-01  0.1924E+00  0.0000E+00  0.0000E+00
     1    11     1     1        0  0.1713E+03  0.1059E+02  0.0000E+00  0.0000E+00
     1    11     1     2        0  0.6683E+01  0.3830E+01  0.0000E+00  0.0000E+00
     1    11     1     3        0  0.2240E+02  0.5687E+01  0.0000E+00  0.0000E+00
     1    11     1     4        0  0.6267E-01  0.3145E+00  0.0000E+00  0.0000E+00
     1    12     1     1        0  0.2615E+01  0.6074E+01  0.0000E+00  0.0000E+00
     1    12     1     2        0  0.9775E+00  0.5767E+01  0.0000E+00  0.0000E+00
     1    12     1     3        0  0.2865E-02  0.2871E+00  0.0000E+00  0.0000E+00
