{
 "combined": {
  "n_photos": 2,
  "photos_used": [
   "cream-profile-left",
   "graphite-profile-right"
  ],
  "photos_excluded": [
   {
    "id": "sky-three-quarter-front-left",
    "why": "lower neck servo (neck_pitch), label face + side face: the render's mask read of the servo is -12.6 % off its projected width, so what the render shows at this azimuth is not the clean case face the photo scan assumes; the two servos read in this photo give size ratios 0.8721 and 0.7931 \u2014 5.8 sigma apart (their dark runs are not the same face)"
   }
  ],
  "product_over_mesh": 0.9971647961170339,
  "product_over_mesh_unc": 0.03861526076240862,
  "head_length_dev_mm": -0.3478511644011019,
  "head_length_dev_unc_mm": 4.737706342939913,
  "head_length_spread_mm": 4.737706342939913,
  "dev_major_mm": 0.05563786320043648,
  "dev_major_unc_mm": 4.783193620778683,
  "dev_minor_mm": 0.6200441199634366,
  "dev_minor_unc_mm": 2.4693837060861807,
  "eye_dev_mm": 0.48749589450543196,
  "eye_dev_unc_mm": 0.45202040721894166,
  "eye_dev_how": "scale-free ring/head-length ratio, profiles (see photos[].eye.dev_scale_free_how)",
  "eye_dev_via_servo_mm": 1.6516492361089752,
  "eye_dev_via_servo_unc_mm": 4.6119851608037425,
  "eye_dev_via_render_mm": 1.86574635089134,
  "eye_dev_via_render_unc_mm": 3.6468651208997933,
  "eye_front_view_dev_mm": 2.6985747422829403,
  "eye_front_view_unc_mm": 0.7572991809956585,
  "eye_front_view_dev_range_mm": [
   2.350706127750313,
   2.6985746016208507
  ],
  "eye_front_view_how": "true front view: ring OD / beak width, photo vs mesh, propagated u (out/head/front_view.json), perspective bracketed over D",
  "D_sensitivity_note": "per photo: the half-range of r over that photo's runs at other camera distances is in its own uncertainty (photos[].size.D_note); the combined row inherits it",
  "verdicts": {
   "length": "CANNOT DETERMINE",
   "major": "CANNOT DETERMINE",
   "minor": "CANNOT DETERMINE",
   "eye_profile": "PASS",
   "eye_front": "FAIL"
  },
  "band_over_shell": {
   "photo": 0.9665513264129181,
   "photo_unc": 0.009026848628850455,
   "mesh": 1.0,
   "mesh_range": [
    0.9985528219971056,
    1.0
   ],
   "mesh_jaw_only": 0.9949006551669363,
   "dev_mm_vs_jaw_only": -2.6014194544549714,
   "verdict_vs_jaw_only": "FAIL",
   "adversarial_check": "the mesh's accent band is bottom_head_shell + jaw; if on the PRODUCT only the jaw and its trim carry the accent colour and the bottom shell is body-coloured, the mesh-side comparator is the jaw alone \u2014 reported here so the finding does not depend on which reading is right",
   "dev_mm": -3.0693506343713985,
   "dev_unc_mm": 0.8309876974854264,
   "verdict": "FAIL",
   "what": "the accent trim band's width divided by the head's outer silhouette width, measured the same way on both sides. A pure shape ratio: no scale, no ring, and the same on any camera. On the mesh the band IS the head's widest feature; on the product it is inset.",
   "why_it_matters": "out/head/front_view.json used the photograph's BAND (419 px) as the head width against the mesh's whole bottom-shell silhouette (692 px). Those are the same feature on the mesh and different features on the product, which is where its +9.1 %% came from."
  },
  "outline": {
   "anchor_unc_u": 0.004895681978133554,
   "width_unc_rel": 0.010267361739044734,
   "rms_mm": 1.185309647923011,
   "max_abs_mm": 2.3258799520083997,
   "n_fail": 0,
   "n_points": 60,
   "worst_fail": {
    "u": 0.3148147796182519,
    "dev_mm": -2.3258799520083997,
    "unc_mm": 0.9584864525219224
   },
   "widest_u_photo": 0.1733509306168222,
   "widest_u_mesh": 0.1965199819303906,
   "widest_u_shift": -0.023169051313568417,
   "compared_over": [
    -0.11196543730712319,
    0.3148147796182519
   ],
   "excluded": "every row above the one where either outline first reaches 0.85 of its widest width \u2014 the dome apex, where the outline is a tangent and a width difference measures the vertical registration rather than the shape (the propagated anchor term there is 1.4 mm and still not the whole story) \u2014 and the last 0.045 of u, where the photograph's head runs into the neck cut and the mesh's carries the soft pads: different features, named and dropped rather than trimmed until the curves agree",
   "what": "the head's front-view outline: width at each row divided by the widest row, against that row's height above/below the eye-ring centre in the same units. No scale, no camera, nothing fitted.",
   "verdict": "CANNOT DETERMINE",
   "photo_bottom_on_cut": true
  },
  "tof_window": {
   "measured_on_mesh": true,
   "mjcf_site_dy_mm": 22.5,
   "mesh_aperture_w_mm": 10.658196204812604,
   "mesh_aperture_h_mm": 6.0532132263274745,
   "mesh_dx_mm": 22.38674692709701,
   "mesh_dx_unc_mm": 0.40169213987069746,
   "mesh_dy_mm": 2.2190384442435405,
   "mesh_edge_unc_mm": 0.1257379451190664,
   "photo_dx_over_width": 0.24918737276899977,
   "photo_dx_over_width_unc": 0.00621381770785446,
   "photo_w_over_width": 0.10841983852364476,
   "photo_h_over_width": 0.05997693194925029,
   "mesh_w_over_width": 0.11392494583421735,
   "mesh_h_over_width": 0.06462350484636008,
   "mesh_dy_over_width": 0.02354681853200803,
   "photo_dy_over_width": 0.001551579231199038,
   "implied_head_width_mm": 89.83901021280819,
   "implied_head_width_unc_mm": 2.7599480276986665,
   "how": "the ToF window is an APERTURE in face_part (10.658 x 6.053 mm, MEASURED as the hole in the face_part segmentation mask that does not contain the eye ring \u2014 the compute board renders through it), whose centre sits 22.387 mm to the head's right of the eye-ring centre. The photograph gives the same offset as a fraction of the head width, so it implies a width without using the ring's diameter.",
   "note": "front_view.json recorded 'the mesh has no ToF window geom' and marked the window CANNOT DETERMINE on the mesh side. There is no ToF GEOM; there IS a ToF aperture, and it is measurable. The MJCF's tof SITE sits at 22.5000 mm, 0.113 mm outboard of the aperture centre."
  },
  "head_width": {
   "value_mm": 89.38551824563265,
   "unc_mm": 1.8154923615021734,
   "dev_mm": -2.377481754367352,
   "verdict": "CANNOT DETERMINE",
   "lines": [
    "profile photographs, head silhouette (2)",
    "front view, ToF window aperture offset from the eye axis"
   ],
   "chi2": 0.0475909878263774,
   "dof": 1
  },
  "ring_od": {
   "value_mm": 31.239049797900798,
   "unc_mm": 1.065240052779645,
   "dev_mm": 1.2390497979007975,
   "verdict": "CANNOT DETERMINE"
  }
 },
 "front_pair": {
  "verdict": "CANNOT DETERMINE",
  "dev_mm": 2.1006046709974715,
  "unc_mm": 0.8338939114155691,
  "dev_range_mm": [
   1.6388407624435768,
   2.7377736357803446
  ],
  "ratio_photo": 0.3546627144852142,
  "ratio_mesh": 0.33177108418762724,
  "excess_pct": 6.8998268350116465,
  "excess_unc_pct": 2.739079688328888,
  "implied_ring_od_mm_if_width_is_mesh": 32.06994805050349,
  "implied_head_width_mm_if_ring_is_mesh": 84.58740875410147,
  "head_width_mm": 89.38551824563265,
  "head_width_unc_mm": 1.8154923615021734,
  "head_width_verdict": "CANNOT DETERMINE",
  "ring_od_mm": 31.239049797900798,
  "ring_od_unc_mm": 1.065240052779645,
  "ring_od_verdict": "CANNOT DETERMINE",
  "attribution": "both, and neither alone: 2.7 % of the front view's 6.9 % ring/width excess is the head being 2.38 mm narrower than the mesh, and the remaining 4.2 % would be the ring being 1.24 mm larger. Each of the two is CANNOT DETERMINE at the 1.5 mm rule on its own; the PAIR is CANNOT DETERMINE at 2.5 sigma.",
  "attribution_why": "The width is measured by two lines that never use the ring's diameter \u2014 the profile silhouettes (cream-profile-left s_w 0.9641, graphite-profile-right s_w 0.9772) and the ToF aperture offset \u2014 and they agree (89.040 +- 2.410, 89.839 +- 2.760 mm). The ring cannot be measured by the profiles at all: their s_r sweeps put it at opposite ends of the swept range (cream-profile-left 1.1200, graphite-profile-right 0.9600), each minimum ON the end of the sweep, which is a refusal, not a measurement. So the front view's excess is NOT attributable to the ring by elimination, and it is not attributable to the width alone either: the measured width deficit accounts for 2.7 of the 6.9 %.",
  "source": "out/head/front_fit.json + out/head/head_width_verdict.json",
  "superseded_front_view": {
   "verdict": "FAIL",
   "dev_mm": 2.6985747422829403,
   "unc_mm": 0.7572991809956585,
   "ratio_photo": 0.35205707462343566,
   "ratio_mesh": 0.3226489826660788,
   "excess_pct": 9.114577617556723,
   "why_superseded": "out/head/head.json published front_pair = FAIL (+9.1 %) for ring OD / head width. That comparison put the photograph's ACCENT TRIM BAND (419 px) against the mesh's whole bottom-shell silhouette (692 px). On the mesh those are the same feature to 0.35 mm; on the product they are not \u2014 the band is 3.069 +- 0.831 mm inset from the head's widest row. Re-measured on the head's OUTER silhouette on both sides, with one estimator and a gated pose, the excess is 6.9 +- 2.7 % and the pair's verdict is CANNOT DETERMINE. The +9.1 % figure is superseded."
  }
 },
 "verdict": {
  "head": "FAIL",
  "head_why": [
   "the accent trim band at the head's split line is -3.07 mm narrower than the head's own widest row on the product (0.9666 \u00b1 0.0090 of it) and exactly as wide on the mesh (1.0000); the same finding survives the adversarial reading in which only the jaw carries the accent colour (-2.60 mm vs the jaw alone, FAIL) \u2014 a shape difference that needs no scale, no camera and no ring, MEASURED at 3.7 sigma and confirmed at 8x on both edges (the cream shell's outer edge sits at x 130 / 557 in the flat-lay while the band's sits at 138 / 551)",
   "head WIDTH, from the two lines that never use the ring's diameter (the profile silhouettes refitted at a swept lateral scale, and the ToF aperture's offset from the eye axis): 89.386 \u00b1 1.815 mm against the mesh's 91.763 (CANNOT DETERMINE). Eye ring OD 31.239 \u00b1 1.065 mm against 30.000 (CANNOT DETERMINE). The front view's ring/width pair is +6.9 \u00b1 2.7 % (CANNOT DETERMINE)",
   "head length from the servo-scaled profiles: -0.35 \u00b1 4.74 mm (CANNOT DETERMINE), per-axis major +0.06 \u00b1 4.78 / minor +0.62 \u00b1 2.47"
  ],
  "eye_bezel": "CANNOT DETERMINE",
  "eye_bezel_parts": {
   "exists_in_mesh": "PASS",
   "diameter_vs_length_profiles": "PASS",
   "ring_width_pair": "CANNOT DETERMINE",
   "attribution_to_ring": "CANNOT DETERMINE",
   "ring_od_measured_mm": 31.239049797900798,
   "ring_od_measured_unc_mm": 1.065240052779645
  },
  "basis": "head: 2 photographs admitted (cream-profile-left, graphite-profile-right), each scaled by the XL330-M288-T case in the same frame (20.000 mm), posed and fitted with a perspective camera, size ratio product/mesh = k * W_render / W_photo; combined length deviation -0.348 \u00b1 4.738 mm; per-axis +0.056 \u00b1 4.783 / +0.620 \u00b1 2.469. Front view: ring OD / beak width, photo 0.3521 vs mesh 0.3226 (FAIL). Eye bezel: profile ring diameter at the head's length scale +0.49 \u00b1 0.45 mm vs the noenoeil mesh 30.000 mm.",
  "what_would_settle": [
   "A calliper on one product head: top_head_shell length (mesh 122.690 mm), WIDTH across the beak and across the shell rim (mesh 91.763 / 91.760) and height (46.336) to 0.1 mm, and the eye ring's outer diameter (mesh 30.000) \u2014 a 0.1 mm reading beats every photograph here by an order of magnitude, settles the 1.5 mm rule outright and attributes the front-view ring/width excess to the ring or to the width.",
   "Or one photograph taken for the purpose: a true front view with a ruler in the plane of the face (fixes the ring/width pair in mm), and one pure profile, beak closed, head level, the XL330 label face in the focal plane of the head, 4000+ px on the long side (the length to 0.6 mm).",
   "The camera distance of the store photographs (EXIF focal length + sensor, stripped from the published files, or a ruler in the frame) would remove the D term from every servo-scaled ratio (photos[].size.D_note).",
   "A cleaner pure-profile frame from Pollen's video (the README frame's neck servo is merged with its horn bracket and cables at 4x, out/head/profile_frame_servo_zoom.png)."
  ],
  "remodel": "What FAILS is one feature, and it is the only one the photographs resolve at the rule: the accent trim band at the split line is 3.069 +- 0.831 mm narrower than the head's widest row on the product and flush with it on the mesh. Modelling that means the top shell's lower rim overhangs the band by about 1.53 mm per side \u2014 an EXTERNAL feature, so it is modelled, not guessed. What does NOT justify a re-model: the head's overall WIDTH (89.386 +- 1.815 mm against 91.763, CANNOT DETERMINE) and the eye ring's OD (31.239 +- 1.065 mm against 30.000, CANNOT DETERMINE). Both point the same way as the front view's ratio and neither clears the 1.5 mm rule, so scaling the shells to either number would be a plausible default written into tooling \u2014 refused. What a lateral scale would break, MEASURED: part:microduck-jaw's hinge interfaces sit at x +42.068 (mouth_horn, the servo horn face) and x -39.700 (bearing_journal) in the mesh frame; the XL330 that drives them does not scale, so a 3 % lateral scale of the shells moves the horn face 1.26 mm off the servo. Where a width change comes out of the section is CANNOT DETERMINE from photographs (a thinner side wall, a narrower core and a different shell profile all give the same silhouette), so the shells stay Pollen's geometry until a calliper says otherwise."
 }
}
cream-profile-left PASS | every scale test ran and passed: render mask vs analytic width (upper neck servo (head_pitch), horn/label face) -1.07 % (mask 65.0 px, analytic 65.7 px, 39 % of the projected box visible, frame ±250 mm at 1600 px); render mask vs analytic width (lower neck servo (neck_pitch), horn/label face) -0.95 
    PASS render mask vs analytic width (upper neck servo (head_pitch), horn/label face) | -1.07 % (mask 65.0 px, analytic 65.7 px, 39 % of the projected box visible, frame ±250 mm at 1600 px)
    PASS render mask vs analytic width (lower neck servo (neck_pitch), horn/label face) | -0.95 % (mask 65.0 px, analytic 65.6 px, 42 % of the projected box visible, frame ±250 mm at 1600 px)
    PASS two servos agree | 1.0440 vs 1.0412, 0.2 sigma apart
    PASS no fitted parameter on its search bound | all 9 free parameters inside their boxes
    NOTE fitted head roll vs the MJCF joint range | roll -30.57 deg exceeds the head_roll joint's ±25 deg (sim/microduck_ours.xml:215): the photographed pose includes a camera roll or a hand-posed unit; a geometr
sky-three-quarter-front-left CANNOT DETERMINE | lower neck servo (neck_pitch), label face + side face: the render's mask read of the servo is -12.6 % off its projected width, so what the render shows at this azimuth is not the clean case face the photo scan assumes; the two servos read in this photo give size ratios 0.8721 and 0.7931 — 5.8 sigma 
    PASS render mask vs analytic width (upper neck servo (head_pitch), label face + side face) | +0.11 % (mask 91.0 px, analytic 90.9 px, 46 % of the projected box visible, frame ±250 mm at 1600 px)
    NOTE face the model's servo presents (upper neck servo (head_pitch), label face + side face) | the model's servo geom presents a 27.95 mm silhouette across its axis at this camera — a 20 x 26 case turned 20.9 deg about its long axis (leg pose + hip yaw in
    FAIL render mask vs analytic width (lower neck servo (neck_pitch), label face + side face) | -12.60 % (mask 79.1 px, analytic 90.6 px, 55 % of the projected box visible, frame ±250 mm at 1600 px)
    NOTE face the model's servo presents (lower neck servo (neck_pitch), label face + side face) | the model's servo geom presents a 27.99 mm silhouette across its axis at this camera — a 20 x 26 case turned 21.0 deg about its long axis (leg pose + hip yaw in
    FAIL two servos agree | 0.8721 vs 0.7931, 5.8 sigma apart
    PASS no fitted parameter on its search bound | all 9 free parameters inside their boxes
graphite-profile-right PASS | every scale test ran and passed: render mask vs analytic width (near (right) ankle servo, label face; tilted with the shin) -3.60 % (mask 73.3 px, analytic 76.1 px, 37 % of the projected box visible, frame ±250 mm at 1600 px); no fitted parameter on its search bound all 9 free parameters inside thei
    PASS render mask vs analytic width (near (right) ankle servo, label face; tilted with the shin) | -3.60 % (mask 73.3 px, analytic 76.1 px, 37 % of the projected box visible, frame ±250 mm at 1600 px)
    NOTE face the model's servo presents (near (right) ankle servo, label face; tilted with the shin) | the model's servo geom presents a 22.27 mm silhouette across its axis at this camera — a 20 x 26 case turned 5.2 deg about its long axis (leg pose + hip yaw in 
    CANNOT DETERMINE two servos agree | one servo readable in this photograph — nothing to compare; the cross-check above is the only test of its scale
    PASS no fitted parameter on its search bound | all 9 free parameters inside their boxes
wrote out/head/head.json
