jaw 0 frustum near/far 0.0035423992667347193 17.711997985839844 bottom/top -0.00146730977576226 0.00146730977576226 center 0.0 width 0.0
calib px/mm (5.740499353203148, 4.970207432811677)
jaw 25 frustum near/far 0.0035423992667347193 17.711997985839844 bottom/top -0.00146730977576226 0.00146730977576226 center 0.0 width 0.0
calib px/mm (5.489534036385594, 4.970207432811677)
rows (850, 910)
  y 850 (1158, 1288) 131
  y 852 (1157, 1288) 132
  y 854 (1157, 1288) 132
  y 856 (1140, 1288) 149
  y 858 (1140, 1288) 149
  y 860 (1141, 1288) 148
  y 862 (1142, 1288) 147
  y 864 (1143, 1288) 146
  y 866 (1143, 1288) 146
  y 868 (1144, 1288) 145
  y 870 (1145, 1288) 144
  y 872 (1146, 1288) 143
  y 874 (1147, 1288) 142
  y 876 (1148, 1288) 141
  y 878 (1191, 1288) 98
  y 880 None None
  y 882 None None
  y 884 (1215, 1216) 2
  y 886 (1214, 1217) 4
  y 888 (1156, 1219) 64
  y 890 (1157, 1288) 132
  y 892 (1157, 1288) 132
  y 894 None None
  y 896 (1212, 1216) 5
  y 898 (1213, 1216) 4
  y 900 (1157, 1230) 74
  y 902 (1157, 1287) 131
  y 904 (1157, 1287) 131
  y 906 (1157, 1287) 131
  y 908 (1157, 1287) 131
  y 910 (1157, 1287) 131
rows (990, 1030)
  y 990 None None
  y 992 (1154, 1285) 132
  y 994 (1154, 1271) 118
  y 996 (1154, 1284) 131
  y 998 (1154, 1284) 131
  y 1000 (1154, 1284) 131
  y 1002 (1154, 1284) 131
  y 1004 (1154, 1284) 131
  y 1006 (1153, 1284) 132
  y 1008 None None
  y 1010 (1213, 1219) 7
  y 1012 (1214, 1215) 2
  y 1014 (1153, 1246) 94
  y 1016 (1153, 1301) 149
  y 1018 (1200, 1284) 85
  y 1020 None None
  y 1022 None None
  y 1024 (1213, 1215) 3
  y 1026 (1212, 1216) 5
  y 1028 (1153, 1223) 71
  y 1030 (1153, 1283) 131
