== cream-profile-left
{
 "scale": {
  "feature": "XL330-M288-T case, 20.000 mm across the horn/label face",
  "source": "ROBOTIS e-manual, XL330-M288-T, Specifications table: 'Dimensions (W x H x D) 20.0 x 34.0 x 26.0 [mm]', https://emanual.robotis.com/docs/en/dxl/x/xl330-m288/ (fetched 2026-09-02; the same table at https://docs.robotis.com/docs/dxl/model_reference/x_series/xl_series/xl330-m288/, which links XL330.pdf/.dwg/.stp). Face seen: the 20.000 x 34.0 horn/label face \u2014 the servo mesh in Pollen's MJCF is 20.000 (mesh x) x 34.06 (mesh z) x 29.04 (mesh y = 26.0 case + 3.04 horn) and in the neck body mesh x = world -x, mesh z = world -z (tools/head_probe.py).",
  "servos": [
   {
    "what": "upper neck servo (head_pitch), horn/label face",
    "geom": "neck_upper",
    "rows": [
     760,
     920
    ],
    "seed_x": 1222,
    "tilt_deg": 0.0,
    "face_mm": 20.0,
    "face_evidence": "the 20 x 34 label face: 'DYNAMIXEL XL330-M288-T' printed across it (visible in the pair picture), the neck pitch axes are lateral so the horn faces a profile camera; the model's neck servo geom shows the same 20 mm face (render_silhouette_mm)",
    "n_lines": 129,
    "n_accepted": 30,
    "width_px_mode": 131,
    "width_px": 131.3,
    "width_px_unc": 1.4866068747318506,
    "width_px_min": 2.0,
    "width_px_max": 149.0,
    "lines": [
     [
      1222.0,
      846.0,
      64.0,
      66.0
     ],
     [
      1222.0,
      848.0,
      64.0,
      66.0
     ],
     [
      1222.0,
      850.0,
      64.0,
      66.0
     ],
     [
      1222.0,
      852.0,
      65.0,
      66.0
     ],
     [
      1222.0,
      854.0,
      65.0,
      66.0
     ],
     [
      1222.0,
      889.0,
      65.0,
      66.0
     ],
     [
      1222.0,
      891.0,
      65.0,
      66.0
     ],
     [
      1222.0,
      893.0,
      65.0,
      66.0
     ],
     [
      1222.0,
      902.0,
      65.0,
      65.0
     ],
     [
      1222.0,
      904.0,
      65.0,
      65.0
     ],
     [
      1222.0,
      906.0,
      65.0,
      65.0
     ],
     [
      1222.0,
      908.0,
      65.0,
      65.0
     ],
     [
      1222.0,
      910.0,
      65.0,
      65.0
     ],
     [
      1222.0,
      912.0,
      65.0,
      65.0
     ],
     [
      1222.0,
      914.0,
      65.0,
      65.0
     ]
    ],
    "mm_per_px": 0.15232292460015232,
    "mm_per_px_unc": 0.0017246329542258015,
    "crosscheck": {
     "frame_half_mm": 250.0,
     "frame_px": 1600,
     "n_mask_px": 2949,
     "tilt_render_deg": 0.021434005365318615,
     "mask": {
      "n_lines": 35,
      "n_accepted": 35,
      "width_px_mode": 65,
      "width_px": 64.9999955217186,
      "width_px_unc": 1.4142135623730951,
      "width_px_min": 64.9999955217186,
      "width_px_max": 64.9999955217186,
      "centre_px": [
       762.3106137673788,
       948.5812139708376
      ]
     },
     "analytic_px": 65.70380537126994,
     "servo_depth_mm": 1085.2623233596853,
     "mask_fill_of_projected_bbox": 0.3883576066037538,
     "mask_vs_analytic_pct": -1.0711858248914852,
     "how": "mask: mode of run widths across the servo geom's own axis (0.0 deg from image-down) in a 1600 px frame spanning +-250 mm at the head; analytic: extent of the geom's projected mesh vertices along the same direction",
     "picture": "out/head/cream-profile-left_render_servo_wide.png"
    },
    "render_mask_vs_analytic_pct": -1.0711858248914852,
    "render_tilt_deg": 0.021434005365318615,
    "tilt_photo_minus_render_deg": -0.021434005365318615,
    "render": {
     "n_lines": 37,
     "n_accepted": 37,
     "width_px_mode": 69,
     "width_px": 68.99999524182603,
     "width_px_unc": 1.4142135623730951,
     "width_px_min": 68.99999524182601,
     "width_px_max": 68.99999524182601,
     "centre_px": [
      280.49743434953217,
      476.3009357078177
     ]
    },
    "render_width_px_analytic": 68.2832715853381,
    "render_width_analytic_how": "20.000 mm * f / z: f = 3705.3 px (fovy 9.872 deg, 640 px frame, +-95 mm
fit: {"objective": 0.06099449656703736, "iou": 0.9544009963709764, "eye_term": 0.0015395492938013776, "seconds": 463.5, "n_eval": 3257, "cam_el_deg": -2.1218490044348144, "cam_az_deg": 269.99, "cam_distance_mm": 1100.0, "cam_distance_source": "camera distance to the head: not measurable from this frame to better than a factor 2 (the near ankle servo, 44.1 mm nearer than the neck servos, reads 136.2-145.5 px against the neck's 131.4 px depending on the scan tilt, i.e. D 700-1650 mm); its centre is 1175 mm; 1100 mm is used, inside that range, and the sensitivity runs at 600 and 2000 mm bracket the whole range (out/head/head_fit_cream-profile-left_D600.json / _D2000.json)", "head_pitch_deg": -6.812084937202351, "head_yaw_deg": 63.81275405016774, "head_roll_deg": -30.57473780875575, "jaw_open_deg": 23.510656868869617, "k_photo_px_per_render_px": 2.00754346094321, "k_fit_spread": 0.005838021776680773, "polishes": [[0.06156, 1.0043], [0.06195, 1.0086], [0.06406, 1.0085], [0.06099, 1.0038], [0.06625, 1.0075], [0.06321, 1.0006]], "tx": 554.6165380801325, "ty": -54.977592918946016, "bounds": {"cam_el": [-20.0, 4.0], "cam_az": [269.99, 270.01], "head_pitch": [-40.0, 40.0], "head_yaw": [0.0, 90.0], "head_roll": [-45.0, 45.0], "jaw": [0.0, 40.0], "k": [0.6872672821264145, 1.374534564252829], "tx": [-131.2739349533688, 108.72606504663119], "ty": [-261.454749159128, -21.454749159128]}, "at_bound": [], "head_roll_joint_range_deg": 25.0, "head_roll_within_joint_range": false, "crop_box": [616, 212, 1517, 972], "photo_head_extent_px": [822, 681], "photo_head_area_px": 364402, "render_head_extent_px": [409, 344], "render_head_area_px": 90306, "photo_head_pca": {"centre": [417.81093407829815, 346.4600386386463], "major_px": 779.8888133482734, "minor_px": 631.6103251277923, "major_axis_dir": [-0.9992567267122483, 0.03854859427168466]}, "render_head_pca": {"centre": [238.04917724182224, 304.9582087568932], "major_px": 386.92310437251626, "minor_px": 312.7566234041859, "major_axis_dir": [-0.992877651405229, 0.11913844610383577]}, "render_eye": {"centre": [180.0707002039429, 263.52658055744394], "major_px": 104.93152184964103, "minor_px": 103.91441752930469, "major_axis_dir": [-0.008570523975706165, 0.999963272384932]}}
== sky-three-quarter-front-left
{
 "scale": {
  "feature": "XL330-M288-T case, 20.000 mm across the horn/label face",
  "source": "ROBOTIS e-manual, XL330-M288-T, Specifications table: 'Dimensions (W x H x D) 20.0 x 34.0 x 26.0 [mm]', https://emanual.robotis.com/docs/en/dxl/x/xl330-m288/ (fetched 2026-09-02; the same table at https://docs.robotis.com/docs/dxl/model_reference/x_series/xl_series/xl330-m288/, which links XL330.pdf/.dwg/.stp). Face seen: the 20.000 x 34.0 horn/label face \u2014 the servo mesh in Pollen's MJCF is 20.000 (mesh x) x 34.06 (mesh z) x 29.04 (mesh y = 26.0 case + 3.04 horn) and in the neck body mesh x = world -x, mesh z = world -z (tools/head_probe.py).",
  "servos": [
   {
    "what": "upper neck servo (head_pitch), label face + side face",
    "geom": "neck_upper",
    "rows": [
     880,
     975
    ],
    "seed_x": 1200,
    "tilt_deg": 0.0,
    "face_mm": 20.0,
    "face_evidence": "CANNOT DETERMINE: no face evidence recorded for this scan",
    "n_lines": 83,
    "n_accepted": 32,
    "width_px_mode": 151,
    "width_px": 151.21875,
    "width_px_unc": 1.6720940277089682,
    "width_px_min": 7.0,
    "width_px_max": 170.0,
    "lines": [
     [
      1200.0,
      908.0,
      143.0,
      7.0
     ],
     [
      1200.0,
      910.0,
      143.0,
      8.0
     ],
     [
      1200.0,
      912.0,
      143.0,
      8.0
     ],
     [
      1200.0,
      914.0,
      143.0,
      8.0
     ],
     [
      1200.0,
      916.0,
      143.0,
      8.0
     ],
     [
      1200.0,
      918.0,
      142.0,
      8.0
     ],
     [
      1200.0,
      920.0,
      140.0,
      8.0
     ],
     [
      1200.0,
      922.0,
      142.0,
      8.0
     ],
     [
      1200.0,
      924.0,
      142.0,
      8.0
     ],
     [
      1200.0,
      926.0,
      142.0,
      9.0
     ],
     [
      1200.0,
      928.0,
      142.0,
      9.0
     ],
     [
      1200.0,
      930.0,
      142.0,
      9.0
     ],
     [
      1200.0,
      932.0,
      141.0,
      9.0
     ],
     [
      1200.0,
      934.0,
      141.0,
      9.0
     ],
     [
      1200.0,
      936.0,
      141.0,
      9.0
     ],
     [
      1200.0,
      938.0,
      141.0,
      9.0
     ]
    ],
    "mm_per_px": 0.1322587311427981,
    "mm_per_px_unc": 0.0014624445345318541,
    "crosscheck": {
     "frame_half_mm": 250.0,
     "frame_px": 1600,
     "n_mask_px": 5175,
     "tilt_render_deg": 0.17649449582234114,
     "mask": {
      "n_lines": 57,
      "n_accepted": 22,
      "width_px_mode": 91,
      "width_px": 90.9995729986604,
      "width_px_unc": 1.4142135623730951,
      "width_px_min": 27.999871899598123,
      "width_px_max": 90.99957299866041,
      "centre_px": [
       736.328502415459,
       931.799806763285
      ]
     },
     "analytic_px": 90.89878959654379,
     "servo_depth_mm": 1082.4532265101445,
     "mask_fill_of_projected_bbox": 0.459569304338535,
     "mask_vs_analytic_pct": 0.11087430598792913,
     "how": "mask: mode of run widths across the servo geom's own axis (0.2 deg from image-down) in a 1600 px frame spanning +-250 mm at the head; analytic: extent of the geom's projected mesh vertices along the same direction",
     "picture": "out/head/sky-three-quarter-front-left_render_servo_wide.png"
    },
    "render_mask_vs_analytic_pct": 0.11087430598792913,
    "render_tilt_deg": 0.17649449582234114,
    "tilt_photo_minus_render_deg": -0.17649449582234114,
    "render": {
     "n_lines": 60,
     "n_accepted": 23,
     "width_px_mode": 95,
     "width_px": 94.99955402082311,
     "width_px_unc": 1.4142135623730951,
     "width_px_min": 28.999867155138794,
     "width_px_max": 94.9995540208231,
     "centre_px": [
      252.95913714486144,
      458.6671343388285
     ]
    },
    "render_width_px_analytic": 68.46047492160153,
    "render_width_analytic_how": "20.000 mm * f / z: f = 3705.3 px (fovy 9.872 deg, 640 px frame, +-95 mm at the head, D 1100 mm), z = 1082.5 mm (the servo geom's mean vertex depth in the fitted camera)",
   
fit: {"objective": 0.044053090424079004, "iou": 0.9585150515902564, "eye_term": 0.00025681420143354114, "seconds": 459.6, "n_eval": 3244, "cam_el_deg": -6.808349694129477, "cam_az_deg": 243.7538039163894, "cam_distance_mm": 1100.0, "cam_distance_source": "camera distance to the head: not measurable from this frame either; same store shoot, same value assumed to better than a factor 2 (the near ankle servo, 44.1 mm nearer than the neck servos, reads 136.2-145.5 px against the neck's 131.4 px depending on the scan tilt, i.e. D 700-1650 mm); its centre is 1175 mm; 1100 mm is used, inside that range, and the sensitivity runs at 600 and 2000 mm bracket the whole range (out/head/head_fit_cream-profile-left_D600.json / _D2000.json)", "head_pitch_deg": -21.11993556785268, "head_yaw_deg": 38.60022703455107, "head_roll_deg": -19.595628700198425, "jaw_open_deg": 21.519032187651487, "k_photo_px_per_render_px": 1.926413682019474, "k_fit_spread": 0.007935113244564739, "polishes": [[0.04405, 0.9632], [0.04463, 0.9645], [0.04542, 0.9645], [0.05302, 0.9734], [0.04505, 0.9632], [0.04618, 0.9609]], "tx": 532.5341613714946, "ty": 47.215404748218674, "bounds": {"cam_el": [-22.0, 2.0], "cam_az": [200.0, 250.0], "head_pitch": [-40.0, 40.0], "head_yaw": [0.0, 90.0], "head_roll": [-45.0, 45.0], "jaw": [0.0, 40.0], "k": [0.7162243972733807, 1.4324487945467614], "tx": [-231.57070528502217, 8.429294714977829], "ty": [-308.1408064262632, -68.14080642626323]}, "at_bound": [], "head_roll_joint_range_deg": 25.0, "head_roll_within_joint_range": true, "crop_box": [626, 236, 1445, 1039], "photo_head_extent_px": [740, 724], "photo_head_area_px": 334242, "render_head_extent_px": [387, 294], "render_head_area_px": 88525, "photo_head_pca": {"centre": [393.91053787375614, 344.38896069315047], "major_px": 735.9455614975925, "minor_px": 605.558168166586, "major_axis_dir": [-0.9532192481618618, -0.30227977923396565]}, "render_head_pca": {"centre": [251.640033888732, 274.55944648404403], "major_px": 382.0211313628027, "minor_px": 306.15286154292437, "major_axis_dir": [-0.9699684528790288, -0.24323075549663417]}, "render_eye": {"centre": [216.59442263435764, 217.0349262217409], "major_px": 105.09456811659265, "minor_px": 104.80496962767126, "major_axis_dir": [-0.5535142779517486, 0.8328396869167286]}}
== graphite-profile-right
{
 "scale": {
  "feature": "XL330-M288-T case, 20.000 mm across the horn/label face",
  "source": "ROBOTIS e-manual, XL330-M288-T, Specifications table: 'Dimensions (W x H x D) 20.0 x 34.0 x 26.0 [mm]', https://emanual.robotis.com/docs/en/dxl/x/xl330-m288/ (fetched 2026-09-02; the same table at https://docs.robotis.com/docs/dxl/model_reference/x_series/xl_series/xl330-m288/, which links XL330.pdf/.dwg/.stp). Face seen: the 20.000 x 34.0 horn/label face \u2014 the servo mesh in Pollen's MJCF is 20.000 (mesh x) x 34.06 (mesh z) x 29.04 (mesh y = 26.0 case + 3.04 horn) and in the neck body mesh x = world -x, mesh z = world -z (tools/head_probe.py).",
  "servos": [
   {
    "what": "near (right) ankle servo, label face; tilted with the shin",
    "geom": "ankle_right",
    "rows": [
     1865,
     1945
    ],
    "seed_x": 950,
    "tilt_deg": 35.0,
    "face_mm": 20.0,
    "face_evidence": "the 20 x 34 label face: 'DYNAMIXEL XL330-M288-T' is printed across the scanned face (read at 4x zoom, rows 1700-2100 x 780-1180 of the photograph); the ankle joint's bearing at (1030, 1850) is seen face-on, so the joint axis \u2014 the servo's horn axis \u2014 points at the camera and the horn/label faces are what a profile sees; and the run (136.8 px) is 20.8 mm at the cream shoot's neck-servo scale (0.1523 mm/px), not the 26 mm side face (171 px)",
    "n_lines": 65,
    "n_accepted": 42,
    "width_px_mode": 137,
    "width_px": 136.8095238095238,
    "width_px_unc": 1.6653055666710201,
    "width_px_min": 3.0,
    "width_px_max": 143.0,
    "lines": [
     [
      928.7776718550112,
      1874.6913743613072,
      49.0,
      89.0
     ],
     [
      930.4984011640645,
      1877.1488304941743,
      48.0,
      87.0
     ],
     [
      932.2191304731176,
      1879.6062866270413,
      49.0,
      85.0
     ],
     [
      933.9398597821707,
      1882.0637427599083,
      49.0,
      86.0
     ],
     [
      935.6605890912239,
      1884.5211988927751,
      50.0,
      85.0
     ],
     [
      937.381318400277,
      1886.9786550256422,
      51.0,
      85.0
     ],
     [
      939.1020477093301,
      1889.4361111585092,
      52.0,
      84.0
     ],
     [
      940.8227770183832,
      1891.893567291376,
      51.0,
      86.0
     ],
     [
      942.5435063274364,
      1894.351023424243,
      52.0,
      85.0
     ],
     [
      945.4113885091916,
      1898.4467836456881,
      53.0,
      84.0
     ],
     [
      966.0601402178293,
      1927.9362572400917,
      59.0,
      77.0
     ],
     [
      967.7808695268824,
      1930.3937133729587,
      60.0,
      76.0
     ],
     [
      969.5015988359355,
      1932.8511695058257,
      59.0,
      76.0
     ],
     [
      971.2223281449888,
      1935.3086256386928,
      60.0,
      76.0
     ]
    ],
    "mm_per_px": 0.1461886529759833,
    "mm_per_px_unc": 0.0017794724431903597,
    "crosscheck": {
     "frame_half_mm": 250.0,
     "frame_px": 1600,
     "n_mask_px": 6130,
     "tilt_render_deg": 29.27716389546376,
     "mask": {
      "n_lines": 58,
      "n_accepted": 35,
      "width_px_mode": 80,
      "width_px": 80.46287021947553,
      "width_px_unc": 1.685155373675846,
      "width_px_min": 73.06886727531146,
      "width_px_max": 81.61989123524934,
      "centre_px": [
       807.8796084828712,
       1418.0349102773246
      ]
     },
     "analytic_px": 81.39536783823516,
     "servo_depth_mm": 1101.039147249405,
     "mask_fill_of_projected_bbox": 0.38960791347870466,
     "mask_vs_analytic_pct": -1.1456396641794986,
     "how": "mask: mode of run widths across the servo geom's own axis (29.3 deg from image-down) in a 1600 px frame spanning +-250 mm at the head; analytic: extent of the geom's projected mesh vertices along the same direction",
     "picture": "out/head/graphite-profile-right_render_servo_wide.png"
    },
    "render_mask_vs_analytic_pct": -1.1456396641794986,
    "render_tilt_deg": 29.27716389546376,
    "tilt_photo_minus_render_deg":
fit: {"objective": 0.06125733290529317, "iou": 0.9424013456868836, "eye_term": 0.0003658678592176776, "seconds": 502.8, "n_eval": 3245, "cam_el_deg": -16.177033309744388, "cam_az_deg": 89.99, "cam_distance_mm": 1100.0, "cam_distance_source": "camera distance to the head: not measurable from this frame either; same store shoot, same value assumed to better than a factor 2 (the near ankle servo, 44.1 mm nearer than the neck servos, reads 136.2-145.5 px against the neck's 131.4 px depending on the scan tilt, i.e. D 700-1650 mm); its centre is 1175 mm; 1100 mm is used, inside that range, and the sensitivity runs at 600 and 2000 mm bracket the whole range (out/head/head_fit_cream-profile-left_D600.json / _D2000.json)", "head_pitch_deg": -37.34892875939677, "head_yaw_deg": -37.38651596004822, "head_roll_deg": 34.486109080445914, "jaw_open_deg": 0.0, "k_photo_px_per_render_px": 1.8173127858611513, "k_fit_spread": 0.0066775309563545165, "polishes": [[0.06279, 0.9042], [0.06126, 0.9087], [0.06267, 0.9063], [0.06311, 0.9147], [0.06398, 0.9076], [0.06183, 0.9105]], "tx": 549.4302577400103, "ty": 93.84566811028458, "bounds": {"cam_el": [-20.0, 4.0], "cam_az": [89.99, 90.01], "head_pitch": [-40.0, 40.0], "head_yaw": [-90.0, 0.0], "head_roll": [-45.0, 45.0], "jaw": [0.0, 0.01], "k": [0.6563415130415652, 1.3126830260831304], "tx": [-293.46868710596925, -53.46868710596928], "ty": [-239.13048702578422, 0.8695129742157803]}, "at_bound": [], "head_roll_joint_range_deg": 25.0, "head_roll_within_joint_range": false, "crop_box": [849, 222, 1695, 873], "photo_head_extent_px": [767, 572], "photo_head_area_px": 292502, "render_head_extent_px": [425, 313], "render_head_area_px": 84824, "photo_head_pca": {"centre": [426.36933080799446, 330.3985716336982], "major_px": 782.6525919143065, "minor_px": 439.98080413900084, "major_axis_dir": [-0.9064745528021382, 0.42226044702548643]}, "render_head_pca": {"centre": [400.418454682637, 248.2012166368009], "major_px": 429.40476567107896, "minor_px": 237.98663741361835, "major_axis_dir": [-0.9151057019858847, 0.4032140302530668]}, "render_eye": {"centre": [477.3599878382487, 187.8727576771055], "major_px": 103.86724120298011, "minor_px": 88.4582343459549, "major_axis_dir": [0.4315822253728027, 0.9020736016214306]}}
wrote /Users/leifrydenfalk/dev/ce-workshop/ce-designs/microduck/out/head/head_fit.json
CHAINDONE
