== graphite-profile-right
{
 "scale": {
  "feature": "XL330-M288-T case, 20.000 mm across the horn/label face",
  "source": "ROBOTIS e-manual, XL330-M288-T, Specifications table: 'Dimensions (W x H x D) 20.0 x 34.0 x 26.0 [mm]', https://emanual.robotis.com/docs/en/dxl/x/xl330-m288/ (fetched 2026-09-02; the same table at https://docs.robotis.com/docs/dxl/model_reference/x_series/xl_series/xl330-m288/, which links XL330.pdf/.dwg/.stp). Face seen: the 20.000 x 34.0 horn/label face \u2014 the servo mesh in Pollen's MJCF is 20.000 (mesh x) x 34.06 (mesh z) x 29.04 (mesh y = 26.0 case + 3.04 horn) and in the neck body mesh x = world -x, mesh z = world -z (tools/head_probe.py).",
  "servos": [
   {
    "what": "near (right) ankle servo, label face; tilted with the shin",
    "geom": "ankle_right",
    "rows": [
     1865,
     1945
    ],
    "seed_x": 950,
    "tilt_deg": 35.0,
    "face_mm": 20.0,
    "face_evidence": "the 20 x 34 label face: 'DYNAMIXEL XL330-M288-T' is printed across the scanned face (read at 4x zoom, rows 1700-2100 x 780-1180 of the photograph); the ankle joint's bearing at (1030, 1850) is seen face-on, so the joint axis \u2014 the servo's horn axis \u2014 points at the camera and the horn/label faces are what a profile sees; and the run (136.8 px) is 20.8 mm at the cream shoot's neck-servo scale (0.1523 mm/px), not the 26 mm side face (171 px)",
    "n_lines": 65,
    "n_accepted": 42,
    "width_px_mode": 137,
    "width_px": 136.8095238095238,
    "width_px_unc": 1.6653055666710201,
    "width_px_min": 3.0,
    "width_px_max": 143.0,
    "n_hit_boundary": 0,
    "lines": [
     [
      928.7776718550112,
      1874.6913743613072,
      49.0,
      89.0
     ],
     [
      930.4984011640645,
      1877.1488304941743,
      48.0,
      87.0
     ],
     [
      932.2191304731176,
      1879.6062866270413,
      49.0,
      85.0
     ],
     [
      933.9398597821707,
      1882.0637427599083,
      49.0,
      86.0
     ],
     [
      935.6605890912239,
      1884.5211988927751,
      50.0,
      85.0
     ],
     [
      937.381318400277,
      1886.9786550256422,
      51.0,
      85.0
     ],
     [
      939.1020477093301,
      1889.4361111585092,
      52.0,
      84.0
     ],
     [
      940.8227770183832,
      1891.893567291376,
      51.0,
      86.0
     ],
     [
      942.5435063274364,
      1894.351023424243,
      52.0,
      85.0
     ],
     [
      945.4113885091916,
      1898.4467836456881,
      53.0,
      84.0
     ],
     [
      966.0601402178293,
      1927.9362572400917,
      59.0,
      77.0
     ],
     [
      967.7808695268824,
      1930.3937133729587,
      60.0,
      76.0
     ],
     [
      969.5015988359355,
      1932.8511695058257,
      59.0,
      76.0
     ],
     [
      971.2223281449888,
      1935.3086256386928,
      60.0,
      76.0
     ]
    ],
    "mm_per_px": 0.1461886529759833,
    "mm_per_px_unc": 0.0017794724431903597,
    "crosscheck": {
     "frame_half_mm": 250.0,
     "frame_px": 1600,
     "n_mask_px": 5518,
     "tilt_render_deg": 26.148384750312278,
     "mask": {
      "n_lines": 59,
      "n_accepted": 32,
      "width_px_mode": 69,
      "width_px": 69.37013748752716,
      "width_px_unc": 1.4867346651303945,
      "width_px_min": 68.97792125783661,
      "width_px_max": 72.55228322035002,
      "centre_px": [
       768.8876404494382,
       1425.457230880754
      ]
     },
     "analytic_px": 71.61983796190646,
     "servo_depth_mm": 1936.8325512371036,
     "mask_fill_of_projected_bbox": 0.35799566320639153,
     "mask_vs_analytic_pct": -3.141169455836912,
     "how": "mask: mode of run widths across the servo geom's own axis (26.1 deg from image-down) in a 1600 px frame spanning +-250 mm at the head; analytic: extent of the geom's projected mesh vertices along the same direction",
     "picture": "out/head/graphite-profile-right_D2000_render_servo_wide.png"
    },
    "render_mask_vs_analytic_pct": -3.141169455836912,
    "render_tilt_deg": 26.148384750312278,
  
fit: {"objective": 0.1220096643660753, "iou": 0.8990322925577416, "eye_term": 0.002104195692381694, "seconds": 39.4, "n_eval": 991, "cam_el_deg": 1.647635914587274, "cam_az_deg": 90.01, "cam_distance_mm": 2000.0, "cam_distance_source": "override --D 2000 mm (sensitivity run)", "head_pitch_deg": -19.79139130299328, "head_yaw_deg": -50.40941104174239, "head_roll_deg": -2.229953873241083, "jaw_open_deg": 0.0, "k_photo_px_per_render_px": 1.9145421094690354, "k_fit_spread": 0.00206756962574946, "polishes": [[0.12278, 0.9589], [0.12201, 0.9573], [0.12274, 0.9598]], "tx": 525.0971236029404, "ty": 64.29008568607912, "bounds": {"cam_el": [-20.0, 4.0], "cam_az": [89.99, 90.01], "head_pitch": [-40.0, 40.0], "head_yaw": [-90.0, 0.0], "head_roll": [-45.0, 45.0], "jaw": [0.0, 0.01], "k": [0.6631925699644926, 1.3263851399289852], "tx": [-295.7826444632527, -55.78264446325275], "ty": [-241.92062418186694, -1.9206241818669412]}, "at_bound": [], "head_roll_joint_range_deg": 25.0, "head_roll_within_joint_range": true, "crop_box": [849, 222, 1695, 873], "photo_head_extent_px": [767, 572], "photo_head_area_px": 292502, "render_head_extent_px": [411, 311], "render_head_area_px": 75261, "photo_head_pca": {"centre": [426.36933080799446, 330.3985716336982], "major_px": 782.6525919143065, "minor_px": 439.98080413900084, "major_axis_dir": [-0.9064745528021382, 0.42226044702548643]}, "render_head_pca": {"centre": [389.8963473777919, 255.90830576261277], "major_px": 417.18001185660563, "minor_px": 200.01046823093148, "major_axis_dir": [-0.9000738148541014, 0.43573745284745113]}, "render_eye": {"centre": [458.4102407802499, 206.5173727522097], "major_px": 101.75304134437994, "minor_px": 91.59170478318731, "major_axis_dir": [0.37239132392441193, 0.9280758060987387]}}
wrote /Users/leifrydenfalk/dev/ce-workshop/ce-designs/microduck/out/head/head_fit_graphite-profile-right_D2000.json
