== cream-profile-left
{
 "scale": {
  "feature": "XL330-M288-T case, 20.000 mm across the horn/label face",
  "source": "ROBOTIS e-manual, XL330-M288-T, Specifications table: 'Dimensions (W x H x D) 20.0 x 34.0 x 26.0 [mm]', https://emanual.robotis.com/docs/en/dxl/x/xl330-m288/ (fetched 2026-09-02; the same table at https://docs.robotis.com/docs/dxl/model_reference/x_series/xl_series/xl330-m288/, which links XL330.pdf/.dwg/.stp). Face seen: the 20.000 x 34.0 horn/label face \u2014 the servo mesh in Pollen's MJCF is 20.000 (mesh x) x 34.06 (mesh z) x 29.04 (mesh y = 26.0 case + 3.04 horn) and in the neck body mesh x = world -x, mesh z = world -z (tools/head_probe.py).",
  "servos": [
   {
    "what": "upper neck servo (head_pitch), horn/label face",
    "geom": "neck_upper",
    "rows": [
     760,
     920
    ],
    "seed_x": 1222,
    "tilt_deg": 0.0,
    "n_lines": 129,
    "n_accepted": 30,
    "width_px_mode": 131,
    "width_px": 131.3,
    "width_px_unc": 1.4866068747318506,
    "width_px_min": 2.0,
    "width_px_max": 149.0,
    "lines": [
     [
      1222.0,
      846.0,
      64.0,
      66.0
     ],
     [
      1222.0,
      848.0,
      64.0,
      66.0
     ],
     [
      1222.0,
      850.0,
      64.0,
      66.0
     ],
     [
      1222.0,
      852.0,
      65.0,
      66.0
     ],
     [
      1222.0,
      854.0,
      65.0,
      66.0
     ],
     [
      1222.0,
      889.0,
      65.0,
      66.0
     ],
     [
      1222.0,
      891.0,
      65.0,
      66.0
     ],
     [
      1222.0,
      893.0,
      65.0,
      66.0
     ],
     [
      1222.0,
      902.0,
      65.0,
      65.0
     ],
     [
      1222.0,
      904.0,
      65.0,
      65.0
     ],
     [
      1222.0,
      906.0,
      65.0,
      65.0
     ],
     [
      1222.0,
      908.0,
      65.0,
      65.0
     ],
     [
      1222.0,
      910.0,
      65.0,
      65.0
     ],
     [
      1222.0,
      912.0,
      65.0,
      65.0
     ],
     [
      1222.0,
      914.0,
      65.0,
      65.0
     ]
    ],
    "mm_per_px": 0.15232292460015232,
    "mm_per_px_unc": 0.0017246329542258015,
    "render": {
     "n_lines": 59,
     "n_accepted": 49,
     "width_px_mode": 142,
     "width_px": 141.91836734693877,
     "width_px_unc": 1.4685371687760016,
     "width_px_min": 133.0,
     "width_px_max": 143.0,
     "centre_px": [
      477.987586985142,
      760.8001692683845
     ]
    },
    "size_ratio": {
     "product_over_mesh": 1.2471226429724986,
     "unc": 0.02031502950503322,
     "servo_depth_mm": 281.09393671862796,
     "head_depth_mm": 299.3226073303443
    }
   },
   {
    "what": "lower neck servo (neck_pitch), horn/label face",
    "geom": "neck_lower",
    "rows": [
     925,
     1070
    ],
    "seed_x": 1218,
    "tilt_deg": 0.0,
    "n_lines": 63,
    "n_accepted": 46,
    "width_px_mode": 131,
    "width_px": 131.45652173913044,
    "width_px_unc": 1.4993697478713375,
    "width_px_min": 5.0,
    "width_px_max": 151.0,
    "lines": [
     [
      1218.0,
      991.0,
      64.0,
      67.0
     ],
     [
      1218.0,
      997.0,
      64.0,
      66.0
     ],
     [
      1218.0,
      1000.0,
      64.0,
      66.0
     ],
     [
      1218.0,
      1003.0,
      64.0,
      66.0
     ],
     [
      1218.0,
      1006.0,
      65.0,
      66.0
     ],
     [
      1218.0,
      1032.0,
      65.0,
      65.0
     ],
     [
      1218.0,
      1035.0,
      65.0,
      65.0
     ],
     [
      1218.0,
      1038.0,
      65.0,
      65.0
     ],
     [
      1218.0,
      1041.0,
      65.0,
      65.0
     ],
     [
      1218.0,
      1044.0,
      66.0,
      65.0
     ],
     [
      1218.0,
      1047.0,
      66.0,
      65.0
     ],
     [
      1218.0,
      1050.0,
      66.0,
      65.0
     ],
     [
      1218.0,
      1053.0,
      66.0,
      65.0
     ],
     [
      1218.0,
      1056.0,
      66.0,
      65.0
     ],
     [
      1218.0,
      1059.0,
      66.0,
      65.0
     ],
     [
      1218.0,
     
fit: {"objective": 0.13687426661697416, "iou": 0.8673923220973783, "eye_term": 0.001422196238117479, "seconds": 1302.6, "n_eval": 1540, "cam_el_deg": 5.262655967152859, "cam_az_deg": 259.91275657500427, "cam_distance_mm": 299.3226094424322, "head_pitch_total_deg": 55.801519477477626, "head_yaw_deg": 50.510364764838215, "head_roll_deg": 13.921476811994602, "jaw_open_deg": 5.9681961190784305, "k_photo_px_per_render_px": 1.1538126183624051, "k_fit_spread": 0.006328089152515232, "tx": 635.9179358019461, "ty": -23.539025009214924, "crop_box": [616, 212, 1517, 972], "photo_head_extent_px": [822, 681], "photo_head_area_px": 364402, "render_head_extent_px": [692, 446], "render_head_area_px": 253558, "photo_head_pca": {"centre": [417.81093407829815, 346.4600386386463], "major_px": 779.8888133482734, "minor_px": 631.6103251277923, "major_axis_dir": [-0.9992567267122483, 0.03854859427168466]}, "render_head_pca": {"centre": [347.25488448402336, 485.96200080454963], "major_px": 670.282181094542, "minor_px": 421.6671188796786, "major_axis_dir": [-0.9977566408326057, -0.06694539322787098]}, "render_eye": {"centre": [250.6767005769815, 442.1359702399028], "major_px": 201.42325336594283, "minor_px": 189.8780811648043, "major_axis_dir": [0.1669696140237621, 0.9859620418620364]}}
wrote /Users/leifrydenfalk/dev/ce-workshop/ce-designs/microduck/out/head/head_fit_cream-profile-left.json
