== graphite-profile-right
{
 "scale": {
  "feature": "XL330-M288-T case, 20.000 mm across the horn/label face",
  "source": "ROBOTIS e-manual, XL330-M288-T, Specifications table: 'Dimensions (W x H x D) 20.0 x 34.0 x 26.0 [mm]', https://emanual.robotis.com/docs/en/dxl/x/xl330-m288/ (fetched 2026-09-02; the same table at https://docs.robotis.com/docs/dxl/model_reference/x_series/xl_series/xl330-m288/, which links XL330.pdf/.dwg/.stp). Face seen: the 20.000 x 34.0 horn/label face \u2014 the servo mesh in Pollen's MJCF is 20.000 (mesh x) x 34.06 (mesh z) x 29.04 (mesh y = 26.0 case + 3.04 horn) and in the neck body mesh x = world -x, mesh z = world -z (tools/head_probe.py).",
  "servos": [
   {
    "what": "near (right) ankle servo, label face; tilted with the shin",
    "geom": "ankle_right",
    "rows": [
     1865,
     1945
    ],
    "seed_x": 950,
    "tilt_deg": 35.0,
    "face_mm": 20.0,
    "face_evidence": "the 20 x 34 label face: 'DYNAMIXEL XL330-M288-T' is printed across the scanned face (read at 4x zoom, rows 1700-2100 x 780-1180 of the photograph); the ankle joint's bearing at (1030, 1850) is seen face-on, so the joint axis \u2014 the servo's horn axis \u2014 points at the camera and the horn/label faces are what a profile sees; and the run (136.8 px) is 20.8 mm at the cream shoot's neck-servo scale (0.1523 mm/px), not the 26 mm side face (171 px)",
    "n_lines": 65,
    "n_accepted": 42,
    "width_px_mode": 137,
    "width_px": 136.8095238095238,
    "width_px_unc": 1.6653055666710201,
    "width_px_min": 3.0,
    "width_px_max": 143.0,
    "n_hit_boundary": 0,
    "lines": [
     [
      928.7776718550112,
      1874.6913743613072,
      49.0,
      89.0
     ],
     [
      930.4984011640645,
      1877.1488304941743,
      48.0,
      87.0
     ],
     [
      932.2191304731176,
      1879.6062866270413,
      49.0,
      85.0
     ],
     [
      933.9398597821707,
      1882.0637427599083,
      49.0,
      86.0
     ],
     [
      935.6605890912239,
      1884.5211988927751,
      50.0,
      85.0
     ],
     [
      937.381318400277,
      1886.9786550256422,
      51.0,
      85.0
     ],
     [
      939.1020477093301,
      1889.4361111585092,
      52.0,
      84.0
     ],
     [
      940.8227770183832,
      1891.893567291376,
      51.0,
      86.0
     ],
     [
      942.5435063274364,
      1894.351023424243,
      52.0,
      85.0
     ],
     [
      945.4113885091916,
      1898.4467836456881,
      53.0,
      84.0
     ],
     [
      966.0601402178293,
      1927.9362572400917,
      59.0,
      77.0
     ],
     [
      967.7808695268824,
      1930.3937133729587,
      60.0,
      76.0
     ],
     [
      969.5015988359355,
      1932.8511695058257,
      59.0,
      76.0
     ],
     [
      971.2223281449888,
      1935.3086256386928,
      60.0,
      76.0
     ]
    ],
    "mm_per_px": 0.1461886529759833,
    "mm_per_px_unc": 0.0017794724431903597,
    "crosscheck": {
     "frame_half_mm": 250.0,
     "frame_px": 1600,
     "n_mask_px": 7923,
     "tilt_render_deg": 27.12569727947957,
     "mask": {
      "n_lines": 69,
      "n_accepted": 26,
      "width_px_mode": 81,
      "width_px": 81.19240431070324,
      "width_px_unc": 1.5528794309360798,
      "width_px_min": 80.60458501244754,
      "width_px_max": 87.76841192074998,
      "centre_px": [
       780.8601539820775,
       1476.502334974126
      ]
     },
     "analytic_px": 87.66999953382374,
     "servo_depth_mm": 547.6789378011168,
     "mask_fill_of_projected_bbox": 0.3968042147990476,
     "mask_vs_analytic_pct": -7.388610993001543,
     "how": "mask: mode of run widths across the servo geom's own axis (27.1 deg from image-down) in a 1600 px frame spanning +-250 mm at the head; analytic: extent of the geom's projected mesh vertices along the same direction",
     "picture": "out/head/graphite-profile-right_D600_render_servo_wide.png"
    },
    "render_mask_vs_analytic_pct": -7.388610993001543,
    "render_tilt_deg": 27.12569727947957,
    "ti
fit: {"objective": 0.07169861379279908, "iou": 0.9529713439780058, "eye_term": 0.0024669957770804846, "seconds": 34.6, "n_eval": 941, "cam_el_deg": -1.4418657753086546, "cam_az_deg": 90.01, "cam_distance_mm": 600.0, "cam_distance_source": "override --D 600 mm (sensitivity run)", "head_pitch_deg": -24.832754095327807, "head_yaw_deg": -50.11276511013432, "head_roll_deg": 11.952819061514845, "jaw_open_deg": 0.0, "k_photo_px_per_render_px": 1.8703499053393857, "k_fit_spread": 0.018703499053393857, "polishes": [[0.11627, 0.9677], [0.11599, 0.9694], [0.0717, 0.9352]], "tx": 526.7803575706504, "ty": 92.28490696848252, "bounds": {"cam_el": [-20.0, 4.0], "cam_az": [89.99, 90.01], "head_pitch": [-40.0, 40.0], "head_yaw": [-90.0, 0.0], "head_roll": [-45.0, 45.0], "jaw": [0.0, 0.01], "k": [0.6432643056215738, 1.2865286112431475], "tx": [-288.9018699917524, -48.90186999175236], "ty": [-233.95105277888294, 6.048947221117061]}, "at_bound": [], "head_roll_joint_range_deg": 25.0, "head_roll_within_joint_range": true, "crop_box": [849, 222, 1695, 873], "photo_head_extent_px": [767, 572], "photo_head_area_px": 292502, "render_head_extent_px": [425, 314], "render_head_area_px": 85336, "photo_head_pca": {"centre": [426.36933080799446, 330.3985716336982], "major_px": 782.6525919143065, "minor_px": 439.98080413900084, "major_axis_dir": [-0.9064745528021382, 0.42226044702548643]}, "render_head_pca": {"centre": [399.3684494234555, 247.54778756913848], "major_px": 429.09356840291014, "minor_px": 235.04433481991728, "major_axis_dir": [-0.9095406164240557, 0.4156150467379022]}, "render_eye": {"centre": [468.9798792756539, 193.21395036887995], "major_px": 109.45279636841121, "minor_px": 96.1736928389511, "major_axis_dir": [0.41586625094153845, 0.9094257865971414]}}
wrote /Users/leifrydenfalk/dev/ce-workshop/ce-designs/microduck/out/head/head_fit_graphite-profile-right_D600.json
