== cream-profile-left
{
 "scale": {
  "feature": "XL330-M288-T case, 20.000 mm across the horn/label face",
  "source": "ROBOTIS e-manual, XL330-M288-T, Specifications table: 'Dimensions (W x H x D) 20.0 x 34.0 x 26.0 [mm]', https://emanual.robotis.com/docs/en/dxl/x/xl330-m288/ (fetched 2026-09-02; the same table at https://docs.robotis.com/docs/dxl/model_reference/x_series/xl_series/xl330-m288/, which links XL330.pdf/.dwg/.stp). Face seen: the 20.000 x 34.0 horn/label face \u2014 the servo mesh in Pollen's MJCF is 20.000 (mesh x) x 34.06 (mesh z) x 29.04 (mesh y = 26.0 case + 3.04 horn) and in the neck body mesh x = world -x, mesh z = world -z (tools/head_probe.py).",
  "servos": [
   {
    "what": "upper neck servo (head_pitch), horn/label face",
    "geom": "neck_upper",
    "rows": [
     760,
     920
    ],
    "seed_x": 1222,
    "tilt_deg": 0.0,
    "n_lines": 129,
    "n_accepted": 30,
    "width_px_mode": 131,
    "width_px": 131.3,
    "width_px_unc": 1.4866068747318506,
    "width_px_min": 2.0,
    "width_px_max": 149.0,
    "lines": [
     [
      1222.0,
      846.0,
      64.0,
      66.0
     ],
     [
      1222.0,
      848.0,
      64.0,
      66.0
     ],
     [
      1222.0,
      850.0,
      64.0,
      66.0
     ],
     [
      1222.0,
      852.0,
      65.0,
      66.0
     ],
     [
      1222.0,
      854.0,
      65.0,
      66.0
     ],
     [
      1222.0,
      889.0,
      65.0,
      66.0
     ],
     [
      1222.0,
      891.0,
      65.0,
      66.0
     ],
     [
      1222.0,
      893.0,
      65.0,
      66.0
     ],
     [
      1222.0,
      902.0,
      65.0,
      65.0
     ],
     [
      1222.0,
      904.0,
      65.0,
      65.0
     ],
     [
      1222.0,
      906.0,
      65.0,
      65.0
     ],
     [
      1222.0,
      908.0,
      65.0,
      65.0
     ],
     [
      1222.0,
      910.0,
      65.0,
      65.0
     ],
     [
      1222.0,
      912.0,
      65.0,
      65.0
     ],
     [
      1222.0,
      914.0,
      65.0,
      65.0
     ]
    ],
    "mm_per_px": 0.15232292460015232,
    "mm_per_px_unc": 0.0017246329542258015,
    "render": {
     "n_lines": 32,
     "n_accepted": 32,
     "width_px_mode": 71,
     "width_px": 71.0,
     "width_px_unc": 1.4142135623730951,
     "width_px_min": 71.0,
     "width_px_max": 71.0,
     "centre_px": [
      344.4976758599318,
      483.7855593430431
     ]
    },
    "render_width_px_analytic": 69.36457575426289,
    "render_width_analytic_how": "(20.000*|sin az| + 26.000*|cos az|) mm * 640 px / 190.0 mm * D_head/D_servo (1.0294)",
    "render_mask_vs_analytic_pct": 2.357722552114949,
    "size_ratio": {
     "product_over_mesh": 1.0584506425349574,
     "unc": 0.012127373997958624,
     "servo_depth_mm": 582.865592341555,
     "head_depth_mm": 600.0000188876896,
     "how": "k * W_render_analytic / W_photo; unc = photo width + fit spread of k (the analytic width is exact)"
    }
   },
   {
    "what": "lower neck servo (neck_pitch), horn/label face",
    "geom": "neck_lower",
    "rows": [
     925,
     1070
    ],
    "seed_x": 1218,
    "tilt_deg": 0.0,
    "n_lines": 63,
    "n_accepted": 46,
    "width_px_mode": 131,
    "width_px": 131.45652173913044,
    "width_px_unc": 1.4993697478713375,
    "width_px_min": 5.0,
    "width_px_max": 151.0,
    "lines": [
     [
      1218.0,
      991.0,
      64.0,
      67.0
     ],
     [
      1218.0,
      997.0,
      64.0,
      66.0
     ],
     [
      1218.0,
      1000.0,
      64.0,
      66.0
     ],
     [
      1218.0,
      1003.0,
      64.0,
      66.0
     ],
     [
      1218.0,
      1006.0,
      65.0,
      66.0
     ],
     [
      1218.0,
      1032.0,
      65.0,
      65.0
     ],
     [
      1218.0,
      1035.0,
      65.0,
      65.0
     ],
     [
      1218.0,
      1038.0,
      65.0,
      65.0
     ],
     [
      1218.0,
      1041.0,
      65.0,
      65.0
     ],
     [
      1218.0,
      1044.0,
      66.0,
      65.0
     ],
     [
      1218.0,
      1047.0
fit: {"objective": 0.12743901707499303, "iou": 0.8976808484298271, "eye_term": 0.0025119865504820114, "seconds": 125.0, "n_eval": 933, "cam_el_deg": -0.11792418492898327, "cam_az_deg": 270.01, "cam_distance_mm": 600.0, "cam_distance_source": "override --D 600 mm (sensitivity run)", "head_pitch_deg": 20.697827718932956, "head_yaw_deg": 72.6198823062749, "head_roll_deg": -3.4289361617164853, "jaw_open_deg": 19.416573860811315, "k_photo_px_per_render_px": 2.003538086316329, "k_fit_spread": 0.0035193622861719445, "polishes": [[0.12821, 0.9975], [0.12869, 0.9992], [0.12744, 1.0018]], "tx": 512.7965486296112, "ty": -111.56116420002172, "crop_box": [616, 212, 1517, 972], "photo_head_extent_px": [822, 681], "photo_head_area_px": 364402, "render_head_extent_px": [388, 342], "render_head_area_px": 92742, "photo_head_pca": {"centre": [417.81093407829815, 346.4600386386463], "major_px": 779.8888133482734, "minor_px": 631.6103251277923, "major_axis_dir": [-0.9992567267122483, 0.03854859427168466]}, "render_head_pca": {"centre": [258.86374026870243, 332.91424597269844], "major_px": 371.05578511932487, "minor_px": 299.178423302711, "major_axis_dir": [-0.9755872724486513, 0.2196120985651767]}, "render_eye": {"centre": [213.23949331123475, 296.74405114241745], "major_px": 113.93923535224455, "minor_px": 111.82707210304875, "major_axis_dir": [-0.9699285490769937, 0.24338983069429568]}}
wrote /Users/leifrydenfalk/dev/ce-workshop/ce-designs/microduck/out/head/head_fit_cream-profile-left_D600.json
