== cream-profile-left
{
 "scale": {
  "feature": "XL330-M288-T case, 20.000 mm across the horn/label face",
  "source": "ROBOTIS e-manual, XL330-M288-T, Specifications table: 'Dimensions (W x H x D) 20.0 x 34.0 x 26.0 [mm]', https://emanual.robotis.com/docs/en/dxl/x/xl330-m288/ (fetched 2026-09-02; the same table at https://docs.robotis.com/docs/dxl/model_reference/x_series/xl_series/xl330-m288/, which links XL330.pdf/.dwg/.stp). Face seen: the 20.000 x 34.0 horn/label face \u2014 the servo mesh in Pollen's MJCF is 20.000 (mesh x) x 34.06 (mesh z) x 29.04 (mesh y = 26.0 case + 3.04 horn) and in the neck body mesh x = world -x, mesh z = world -z (tools/head_probe.py).",
  "servos": [
   {
    "what": "upper neck servo (head_pitch), horn/label face",
    "geom": "neck_upper",
    "rows": [
     760,
     920
    ],
    "seed_x": 1222,
    "tilt_deg": 0.0,
    "n_lines": 129,
    "n_accepted": 30,
    "width_px_mode": 131,
    "width_px": 131.3,
    "width_px_unc": 1.4866068747318506,
    "width_px_min": 2.0,
    "width_px_max": 149.0,
    "lines": [
     [
      1222.0,
      846.0,
      64.0,
      66.0
     ],
     [
      1222.0,
      848.0,
      64.0,
      66.0
     ],
     [
      1222.0,
      850.0,
      64.0,
      66.0
     ],
     [
      1222.0,
      852.0,
      65.0,
      66.0
     ],
     [
      1222.0,
      854.0,
      65.0,
      66.0
     ],
     [
      1222.0,
      889.0,
      65.0,
      66.0
     ],
     [
      1222.0,
      891.0,
      65.0,
      66.0
     ],
     [
      1222.0,
      893.0,
      65.0,
      66.0
     ],
     [
      1222.0,
      902.0,
      65.0,
      65.0
     ],
     [
      1222.0,
      904.0,
      65.0,
      65.0
     ],
     [
      1222.0,
      906.0,
      65.0,
      65.0
     ],
     [
      1222.0,
      908.0,
      65.0,
      65.0
     ],
     [
      1222.0,
      910.0,
      65.0,
      65.0
     ],
     [
      1222.0,
      912.0,
      65.0,
      65.0
     ],
     [
      1222.0,
      914.0,
      65.0,
      65.0
     ]
    ],
    "mm_per_px": 0.15232292460015232,
    "mm_per_px_unc": 0.0017246329542258015,
    "render": {
     "n_lines": 31,
     "n_accepted": 31,
     "width_px_mode": 69,
     "width_px": 69.0,
     "width_px_unc": 1.4142135623730951,
     "width_px_min": 69.0,
     "width_px_max": 69.0,
     "centre_px": [
      308.6704619388419,
      480.86890045543265
     ]
    },
    "render_width_px_analytic": 67.93521768543471,
    "render_width_analytic_how": "(20.000*|sin az| + 26.000*|cos az|) mm * 640 px / 190.0 mm * D_head/D_servo (1.0082)",
    "render_mask_vs_analytic_pct": 1.5673495292171324,
    "size_ratio": {
     "product_over_mesh": 1.0566450066904085,
     "unc": 0.012349850317263197,
     "servo_depth_mm": 1983.763524933082,
     "head_depth_mm": 1999.9999410846528,
     "how": "k * W_render_analytic / W_photo; unc = photo width + fit spread of k (the analytic width is exact)"
    }
   },
   {
    "what": "lower neck servo (neck_pitch), horn/label face",
    "geom": "neck_lower",
    "rows": [
     925,
     1070
    ],
    "seed_x": 1218,
    "tilt_deg": 0.0,
    "n_lines": 63,
    "n_accepted": 46,
    "width_px_mode": 131,
    "width_px": 131.45652173913044,
    "width_px_unc": 1.4993697478713375,
    "width_px_min": 5.0,
    "width_px_max": 151.0,
    "lines": [
     [
      1218.0,
      991.0,
      64.0,
      67.0
     ],
     [
      1218.0,
      997.0,
      64.0,
      66.0
     ],
     [
      1218.0,
      1000.0,
      64.0,
      66.0
     ],
     [
      1218.0,
      1003.0,
      64.0,
      66.0
     ],
     [
      1218.0,
      1006.0,
      65.0,
      66.0
     ],
     [
      1218.0,
      1032.0,
      65.0,
      65.0
     ],
     [
      1218.0,
      1035.0,
      65.0,
      65.0
     ],
     [
      1218.0,
      1038.0,
      65.0,
      65.0
     ],
     [
      1218.0,
      1041.0,
      65.0,
      65.0
     ],
     [
      1218.0,
      1044.0,
      66.0,
      65.0
     ],
     [
      1218.0,
      10
fit: {"objective": 0.10115713069578512, "iou": 0.9136898204974874, "eye_term": 0.0014846951193272495, "seconds": 135.1, "n_eval": 999, "cam_el_deg": -0.4011874407076129, "cam_az_deg": 270.01, "cam_distance_mm": 2000.0, "cam_distance_source": "override --D 2000 mm (sensitivity run)", "head_pitch_deg": 6.123160884796551, "head_yaw_deg": 66.29516456370962, "head_roll_deg": -15.657349123198046, "jaw_open_deg": 25.646706529004383, "k_photo_px_per_render_px": 2.0422027647111807, "k_fit_spread": 0.005923089956706231, "polishes": [[0.106, 1.0139], [0.10251, 1.0179], [0.10116, 1.0211]], "tx": 521.8525391801772, "ty": -102.9312507810605, "crop_box": [616, 212, 1517, 972], "photo_head_extent_px": [822, 681], "photo_head_area_px": 364402, "render_head_extent_px": [395, 330], "render_head_area_px": 87516, "photo_head_pca": {"centre": [417.81093407829815, 346.4600386386463], "major_px": 779.8888133482734, "minor_px": 631.6103251277923, "major_axis_dir": [-0.9992567267122483, 0.03854859427168466]}, "render_head_pca": {"centre": [250.0966451848805, 322.42824169294755], "major_px": 374.2762069510984, "minor_px": 296.45857458285303, "major_axis_dir": [-0.9860639948709878, 0.16636645701302993]}, "render_eye": {"centre": [193.94425336772713, 282.36256807108055], "major_px": 104.00616417764556, "minor_px": 103.4516416470792, "major_axis_dir": [-0.5546818168978115, 0.832062546929582]}}
wrote /Users/leifrydenfalk/dev/ce-workshop/ce-designs/microduck/out/head/head_fit_cream-profile-left_D2000.json
