== graphite-profile-right
{
 "scale": {
  "feature": "XL330-M288-T case, 20.000 mm across the horn/label face",
  "source": "ROBOTIS e-manual, XL330-M288-T, Specifications table: 'Dimensions (W x H x D) 20.0 x 34.0 x 26.0 [mm]', https://emanual.robotis.com/docs/en/dxl/x/xl330-m288/ (fetched 2026-09-02; the same table at https://docs.robotis.com/docs/dxl/model_reference/x_series/xl_series/xl330-m288/, which links XL330.pdf/.dwg/.stp). Face seen: the 20.000 x 34.0 horn/label face \u2014 the servo mesh in Pollen's MJCF is 20.000 (mesh x) x 34.06 (mesh z) x 29.04 (mesh y = 26.0 case + 3.04 horn) and in the neck body mesh x = world -x, mesh z = world -z (tools/head_probe.py).",
  "servos": [
   {
    "what": "near (right) ankle servo, label face; tilted with the shin",
    "geom": "ankle_right",
    "rows": [
     1865,
     1945
    ],
    "seed_x": 950,
    "tilt_deg": 35.0,
    "face_mm": 20.0,
    "face_evidence": "the 20 x 34 label face: 'DYNAMIXEL XL330-M288-T' is printed across the scanned face (read at 4x zoom, rows 1700-2100 x 780-1180 of the photograph); the ankle joint's bearing at (1030, 1850) is seen face-on, so the joint axis \u2014 the servo's horn axis \u2014 points at the camera and the horn/label faces are what a profile sees; and the run (136.8 px) is 20.8 mm at the cream shoot's neck-servo scale (0.1523 mm/px), not the 26 mm side face (171 px)",
    "n_lines": 65,
    "n_accepted": 42,
    "width_px_mode": 137,
    "width_px": 136.8095238095238,
    "width_px_unc": 1.6653055666710201,
    "width_px_min": 3.0,
    "width_px_max": 143.0,
    "n_hit_boundary": 0,
    "lines": [
     [
      928.7776718550112,
      1874.6913743613072,
      49.0,
      89.0
     ],
     [
      930.4984011640645,
      1877.1488304941743,
      48.0,
      87.0
     ],
     [
      932.2191304731176,
      1879.6062866270413,
      49.0,
      85.0
     ],
     [
      933.9398597821707,
      1882.0637427599083,
      49.0,
      86.0
     ],
     [
      935.6605890912239,
      1884.5211988927751,
      50.0,
      85.0
     ],
     [
      937.381318400277,
      1886.9786550256422,
      51.0,
      85.0
     ],
     [
      939.1020477093301,
      1889.4361111585092,
      52.0,
      84.0
     ],
     [
      940.8227770183832,
      1891.893567291376,
      51.0,
      86.0
     ],
     [
      942.5435063274364,
      1894.351023424243,
      52.0,
      85.0
     ],
     [
      945.4113885091916,
      1898.4467836456881,
      53.0,
      84.0
     ],
     [
      966.0601402178293,
      1927.9362572400917,
      59.0,
      77.0
     ],
     [
      967.7808695268824,
      1930.3937133729587,
      60.0,
      76.0
     ],
     [
      969.5015988359355,
      1932.8511695058257,
      59.0,
      76.0
     ],
     [
      971.2223281449888,
      1935.3086256386928,
      60.0,
      76.0
     ]
    ],
    "mm_per_px": 0.1461886529759833,
    "mm_per_px_unc": 0.0017794724431903597,
    "crosscheck": {
     "frame_half_mm": 250.0,
     "frame_px": 1600,
     "n_mask_px": 6361,
     "tilt_render_deg": 26.09316763140928,
     "mask": {
      "n_lines": 64,
      "n_accepted": 33,
      "width_px_mode": 73,
      "width_px": 73.31598804533117,
      "width_px_unc": 1.515199249339216,
      "width_px_min": 72.11191644006571,
      "width_px_max": 77.02373280186822,
      "centre_px": [
       771.4232038987581,
       1437.6392076717498
      ]
     },
     "analytic_px": 76.05729437954014,
     "servo_depth_mm": 1030.645426184101,
     "mask_fill_of_projected_bbox": 0.3727505214194845,
     "mask_vs_analytic_pct": -3.6042648592380155,
     "how": "mask: mode of run widths across the servo geom's own axis (26.1 deg from image-down) in a 1600 px frame spanning +-250 mm at the head; analytic: extent of the geom's projected mesh vertices along the same direction",
     "picture": "out/head/graphite-profile-right_render_servo_wide.png"
    },
    "render_mask_vs_analytic_pct": -3.6042648592380155,
    "render_tilt_deg": 26.09316763140928,
    "tilt_
fit: {"objective": 0.045215427305009756, "iou": 0.9610687126377574, "eye_term": 0.0006284139942767151, "seconds": 143.7, "n_eval": 3134, "cam_el_deg": 3.5247715515384717, "cam_az_deg": 90.01, "cam_distance_mm": 1100.0, "cam_distance_source": "camera distance to the head: not measurable from this frame either; same store shoot, same value assumed to better than a factor 2 (the near ankle servo, 44.1 mm nearer than the neck servos, reads 136.2-145.5 px against the neck's 131.4 px depending on the scan tilt, i.e. D 700-1650 mm); its centre is 1175 mm; 1100 mm is used, inside that range, and the sensitivity runs at 600 and 2000 mm bracket the whole range (out/head/head_fit_cream-profile-left_D600.json / _D2000.json)", "head_pitch_deg": -21.07432078536267, "head_yaw_deg": -49.05239774022917, "head_roll_deg": 9.43276614783832, "jaw_open_deg": 0.0, "k_photo_px_per_render_px": 1.8349003402070334, "k_fit_spread": 0.006986245923104739, "polishes": [[0.04613, 0.92], [0.04632, 0.9202], [0.04522, 0.9175], [0.04947, 0.9129], [0.04681, 0.9146], [0.04728, 0.9232]], "tx": 546.0124274666532, "ty": 88.68420391043799, "bounds": {"cam_el": [-20.0, 4.0], "cam_az": [89.99, 90.01], "head_pitch": [-40.0, 40.0], "head_yaw": [-90.0, 0.0], "head_roll": [-45.0, 45.0], "jaw": [0.0, 0.01], "k": [0.6563415130415652, 1.3126830260831304], "tx": [-293.46868710596925, -53.46868710596928], "ty": [-239.13048702578422, 0.8695129742157803]}, "at_bound": [], "head_roll_joint_range_deg": 25.0, "head_roll_within_joint_range": true, "crop_box": [849, 222, 1695, 873], "photo_head_extent_px": [767, 572], "photo_head_area_px": 292502, "render_head_extent_px": [422, 310], "render_head_area_px": 84969, "photo_head_pca": {"centre": [426.36933080799446, 330.3985716336982], "major_px": 782.6525919143065, "minor_px": 439.98080413900084, "major_axis_dir": [-0.9064745528021382, 0.42226044702548643]}, "render_head_pca": {"centre": [397.9205828007862, 250.6733749955866], "major_px": 426.7914173878197, "minor_px": 234.6941489067446, "major_axis_dir": [-0.9102435953679577, 0.41407317842576297]}, "render_eye": {"centre": [471.42583445591976, 190.8105074090705], "major_px": 103.94682031218906, "minor_px": 90.45187989862845, "major_axis_dir": [0.4309971331402304, 0.9023532962342977]}}
wrote /Users/leifrydenfalk/dev/ce-workshop/ce-designs/microduck/out/head/head_fit_graphite-profile-right.json
CHAINDONE
