[cream-profile-left s_w] s=0.9000  obj=0.06868 iou=0.9439 eye=0.00125  width=82.739 ring=30.144  spread=0.00360  (58 s)
[cream-profile-left s_w] s=0.9400  obj=0.05253 iou=0.9599 eye=0.00124  width=86.348 ring=30.144  spread=0.00252  (53 s)
[cream-profile-left s_w] s=0.9700  obj=0.05457 iou=0.9591 eye=0.00137  width=89.054 ring=30.144  spread=0.00529  (50 s)
[cream-profile-left s_w] s=1.0000  obj=0.06031 iou=0.9551 eye=0.00154  width=91.763 ring=30.144  spread=0.00198  (64 s)
[cream-profile-left s_w] s=1.0400  obj=0.07191 iou=0.9462 eye=0.00182  width=95.493 ring=30.144  spread=0.00633  (58 s)
[cream-profile-left s_r] s=0.9600  obj=0.06783 iou=0.9546 eye=0.00224  width=91.763 ring=28.938  spread=0.00435  (56 s)
[cream-profile-left s_r] s=1.0000  obj=0.06031 iou=0.9551 eye=0.00154  width=91.763 ring=30.144  spread=0.00198  (59 s)
[cream-profile-left s_r] s=1.0400  obj=0.05596 iou=0.9550 eye=0.00110  width=91.763 ring=31.350  spread=0.00645  (64 s)
[cream-profile-left s_r] s=1.0800  obj=0.05364 iou=0.9555 eye=0.00091  width=91.763 ring=32.556  spread=0.00599  (52 s)
[cream-profile-left s_r] s=1.1200  obj=0.04956 iou=0.9575 eye=0.00071  width=91.763 ring=33.761  spread=0.00557  (50 s)
[graphite-profile-right s_w] s=0.9000  obj=0.05776 iou=0.9546 eye=0.00124  width=82.739 ring=30.144  spread=0.00082  (49 s)
[graphite-profile-right s_w] s=0.9400  obj=0.04465 iou=0.9657 eye=0.00103  width=86.348 ring=30.144  spread=0.00233  (55 s)
[graphite-profile-right s_w] s=0.9700  obj=0.04391 iou=0.9633 eye=0.00072  width=89.054 ring=30.144  spread=0.00362  (53 s)
[graphite-profile-right s_w] s=1.0000  obj=0.04639 iou=0.9613 eye=0.00077  width=91.763 ring=30.144  spread=0.00373  (51 s)
[graphite-profile-right s_w] s=1.0400  obj=0.05162 iou=0.9542 eye=0.00058  width=95.493 ring=30.144  spread=0.00413  (59 s)
[graphite-profile-right s_r] s=0.9600  obj=0.04387 iou=0.9611 eye=0.00050  width=91.763 ring=28.938  spread=0.00484  (58 s)
[graphite-profile-right s_r] s=1.0000  obj=0.04639 iou=0.9613 eye=0.00077  width=91.763 ring=30.144  spread=0.00373  (58 s)
[graphite-profile-right s_r] s=1.0400  obj=0.05137 iou=0.9607 eye=0.00121  width=91.763 ring=31.350  spread=0.00402  (58 s)
[graphite-profile-right s_r] s=1.0800  obj=0.05683 iou=0.9596 eye=0.00164  width=91.763 ring=32.556  spread=0.00507  (59 s)
[graphite-profile-right s_r] s=1.1200  obj=0.06426 iou=0.9557 eye=0.00200  width=91.763 ring=33.761  spread=0.00508  (61 s)
wrote /Users/leifrydenfalk/dev/ce-workshop/ce-designs/microduck/out/head/width_tight.json
