[cream-profile-left s_w] s=0.8800  obj=0.11121 iou=0.9101 eye=0.00213  width=80.934 ring=30.144  (56 s)
[cream-profile-left s_w] s=0.9200  obj=0.06912 iou=0.9460 eye=0.00151  width=84.543 ring=30.144  (53 s)
[cream-profile-left s_w] s=0.9163  obj=0.05431 iou=0.9586 eye=0.00129  width=84.209 ring=30.144  (59 s)
[cream-profile-left s_w] s=0.9600  obj=0.05245 iou=0.9611 eye=0.00136  width=88.152 ring=30.144  (54 s)
[cream-profile-left s_w] s=1.0000  obj=0.05973 iou=0.9567 eye=0.00165  width=91.763 ring=30.144  (52 s)
[cream-profile-left s_w] s=1.0400  obj=0.07342 iou=0.9502 eye=0.00236  width=95.493 ring=30.144  (52 s)
[cream-profile-left s_r] s=0.9600  obj=0.10193 iou=0.9199 eye=0.00218  width=91.763 ring=28.938  (49 s)
[cream-profile-left s_r] s=1.0000  obj=0.05973 iou=0.9567 eye=0.00165  width=91.763 ring=30.144  (48 s)
[cream-profile-left s_r] s=1.0400  obj=0.06249 iou=0.9475 eye=0.00100  width=91.763 ring=31.350  (52 s)
[cream-profile-left s_r] s=1.0914  obj=0.05823 iou=0.9488 eye=0.00071  width=91.763 ring=32.899  (54 s)
[cream-profile-left s_r] s=1.1200  obj=0.05072 iou=0.9561 eye=0.00069  width=91.763 ring=33.761  (57 s)
[cream-profile-left s_r] s=1.1600  obj=0.12121 iou=0.8891 eye=0.00103  width=91.763 ring=34.967  (57 s)
[graphite-profile-right s_w] s=0.8800  obj=0.11381 iou=0.9049 eye=0.00187  width=80.934 ring=30.144  (46 s)
[graphite-profile-right s_w] s=0.9200  obj=0.05114 iou=0.9614 eye=0.00125  width=84.543 ring=30.144  (51 s)
[graphite-profile-right s_w] s=0.9163  obj=0.05240 iou=0.9565 eye=0.00089  width=84.209 ring=30.144  (50 s)
[graphite-profile-right s_w] s=0.9600  obj=0.10186 iou=0.9112 eye=0.00130  width=88.152 ring=30.144  (49 s)
[graphite-profile-right s_w] s=1.0000  obj=0.05984 iou=0.9435 eye=0.00034  width=91.763 ring=30.144  (52 s)
[graphite-profile-right s_w] s=1.0400  obj=0.06317 iou=0.9394 eye=0.00026  width=95.493 ring=30.144  (51 s)
[graphite-profile-right s_r] s=0.9600  obj=0.05190 iou=0.9512 eye=0.00031  width=91.763 ring=28.938  (46 s)
[graphite-profile-right s_r] s=1.0000  obj=0.05984 iou=0.9435 eye=0.00034  width=91.763 ring=30.144  (46 s)
[graphite-profile-right s_r] s=1.0400  obj=0.11113 iou=0.8987 eye=0.00098  width=91.763 ring=31.350  (50 s)
[graphite-profile-right s_r] s=1.0914  obj=0.11895 iou=0.8951 eye=0.00141  width=91.763 ring=32.899  (49 s)
[graphite-profile-right s_r] s=1.1200  obj=0.07272 iou=0.9458 eye=0.00185  width=91.763 ring=33.761  (49 s)
[graphite-profile-right s_r] s=1.1600  obj=0.08228 iou=0.9439 eye=0.00262  width=91.763 ring=34.967  (51 s)
wrote /Users/leifrydenfalk/dev/ce-workshop/ce-designs/microduck/out/head/width_attribution.json
