[live capture NOT installed: RuntimeError: cecad.livehook needs FreeCAD's geometry kernel, which this interpreter does not have (No module named 'FreeCAD').
    Run designs through bin/cad — FreeCAD's interpreter ignores PYTHONPATH and `FreeCAD -c` hangs on stdin.
    cecad.electrical and cecad.vision are kernel-free and work here.]
PASS             appended to ce-parts/microduck-motor-support/iterations/v0.1.0/evidence/ledger.jsonl
                 {"date": "2026-09-02", "kind": "sim", "summary": "refcheck vs motor_support.stl: p95 0.36/0.46 mm, bbox delta [-0.0, -0.0, -0.0], features matched 6/6", "artifact": "evidence/refcheck/2026-09-01T19-55-33Z/report.json", "sha256": "1c68716002a203d5871526a8db27566139eb2ec0e81da88f125fdd99764f7013", "by": "ce-cad/bin/cad-refcheck", "outcome": "PASS"}
                 trust now T1 simulated — 1 ledger entry; T1 from the ledger
# refcheck part:microduck-motor-support vs motor_support.stl

**PASS** — p95 surface distance 0.46 mm <= 1.00 both ways; bbox within 0.00 mm

| | ref->ours | ours->ref |
|---|---|---|
| mean mm | 0.093 | 0.112 |
| p50 mm | 0.013 | 0.017 |
| p95 mm | 0.363 | 0.456 |
| max mm | 2.417 | 2.400 |
| within 1.0 mm | 99.4% | 99.2% |

bbox ours [73.5, 54.2, 18.8]  ref [73.5, 54.2, 18.8]  delta [-0.0, -0.0, -0.0]
volume ratio ours/ref 1.0419 (closed-mesh figure, see compare.json)

## features

reference: 5 holes, 1 bosses · ours: 5 holes, 1 bosses · matched 6 · unmatched reference 0 · extra ours 0

## renders

- overlay_front.png
- overlay_left.png
- overlay_top.png
- overlay_iso.png
- ours_iso.png
- ref_iso.png

report: /Users/leifrydenfalk/dev/ce-workshop/ce-designs/microduck/ce-parts/microduck-motor-support/iterations/v0.1.0/evidence/refcheck/2026-09-01T19-55-33Z/report.md
