[live capture NOT installed: RuntimeError: cecad.livehook needs FreeCAD's geometry kernel, which this interpreter does not have (No module named 'FreeCAD').
    Run designs through bin/cad — FreeCAD's interpreter ignores PYTHONPATH and `FreeCAD -c` hangs on stdin.
    cecad.electrical and cecad.vision are kernel-free and work here.]
# refcheck part:microduck-motor-support vs motor_support.stl

**FAIL** — p95 surface distance 0.41 mm <= 1.00 both ways; bbox within 0.00 mm; 2 reference feature(s) have no match in ours

| | ref->ours | ours->ref |
|---|---|---|
| mean mm | 0.086 | 0.095 |
| p50 mm | 0.008 | 0.007 |
| p95 mm | 0.338 | 0.409 |
| max mm | 2.417 | 2.520 |
| within 1.0 mm | 99.4% | 99.4% |

bbox ours [73.5, 54.2, 18.8]  ref [73.5, 54.2, 18.8]  delta [-0.0, -0.0, -0.0]
volume ratio ours/ref 1.0519 (closed-mesh figure, see compare.json)

## features

reference: 5 holes, 1 bosses · ours: 5 holes, 0 bosses · matched 4 · unmatched reference 2 · extra ours 1
- UNMATCHED hole Ø17.84 at [-32.308, 0.023, 6.749] axis [1.0, -0.0001, 0.0001] len 6.39
- UNMATCHED boss Ø20.69 at [-33.467, 0.005, 7.144] axis [1.0, -0.0001, 0.0002] len 6.07
- extra in ours: hole Ø17.13 at [-32.276, 0.03, 7.262]

## renders

- overlay_front.png
- overlay_left.png
- overlay_top.png
- overlay_iso.png
- ours_iso.png
- ref_iso.png

report: out/refcheck/microduck-motor-support/r1/report.md
