SUMMARY OF C0NVERGENCE INFORMATION
  STEP   INC  ATT   ITER     CONT.   RESID.        CORR.      RESID.      CORR.
                              EL.    FORCE         DISP       FLUX        TEMP.
                              (#)     (%)           (%)        (%)         (%)
     1     1     1     1        0  0.1299E+04  0.1000E+03  0.0000E+00  0.0000E+00
     1     1     1     2        0  0.1708E+00  0.6120E+00  0.0000E+00  0.0000E+00
     1     2     1     1        0  0.4610E+00  0.1211E+01  0.0000E+00  0.0000E+00
     1     2     1     2        0  0.2520E+00  0.9346E+00  0.0000E+00  0.0000E+00
     1     3     1     1        0  0.7792E+00  0.8550E+00  0.0000E+00  0.0000E+00
     1     3     1     2        0  0.4576E+00  0.1053E+01  0.0000E+00  0.0000E+00
     1     3     1     3        0  0.0000E+00  0.3224E-03  0.0000E+00  0.0000E+00
     1     4     1     1        0  0.1944E+01  0.1212E+01  0.0000E+00  0.0000E+00
     1     4     1     2        0  0.2144E+01  0.2054E+01  0.0000E+00  0.0000E+00
     1     4     1     3        0  0.0000E+00  0.2147E-02  0.0000E+00  0.0000E+00
     1     5     1     1        0  0.2122E+01  0.1425E+01  0.0000E+00  0.0000E+00
     1     5     1     2        0  0.2341E+01  0.2440E+01  0.0000E+00  0.0000E+00
     1     5     1     3        0  0.0000E+00  0.3664E-02  0.0000E+00  0.0000E+00
     1     6     1     1        0  0.1911E+01  0.1473E+01  0.0000E+00  0.0000E+00
     1     6     1     2        0  0.1959E+01  0.2447E+01  0.0000E+00  0.0000E+00
     1     6     1     3        0  0.0000E+00  0.4189E-02  0.0000E+00  0.0000E+00
     1     7     1     1        0  0.1779E+01  0.1521E+01  0.0000E+00  0.0000E+00
     1     7     1     2        0  0.1676E+01  0.2447E+01  0.0000E+00  0.0000E+00
     1     7     1     3        0  0.0000E+00  0.4764E-02  0.0000E+00  0.0000E+00
     1     8     1     1        0  0.1696E+01  0.1566E+01  0.0000E+00  0.0000E+00
     1     8     1     2        0  0.1453E+01  0.2457E+01  0.0000E+00  0.0000E+00
     1     8     1     3        0  0.0000E+00  0.5384E-02  0.0000E+00  0.0000E+00
     1     9     1     1        0  0.1644E+01  0.1611E+01  0.0000E+00  0.0000E+00
     1     9     1     2        0  0.1270E+01  0.2461E+01  0.0000E+00  0.0000E+00
     1     9     1     3        0  0.0000E+00  0.6049E-02  0.0000E+00  0.0000E+00
     1    10     1     1        0  0.1611E+01  0.1653E+01  0.0000E+00  0.0000E+00
     1    10     1     2        0  0.1117E+01  0.2457E+01  0.0000E+00  0.0000E+00
     1    10     1     3        0  0.0000E+00  0.6757E-02  0.0000E+00  0.0000E+00
     1    11     1     1        0  0.1592E+01  0.1695E+01  0.0000E+00  0.0000E+00
     1    11     1     2        0  0.9869E+00  0.2450E+01  0.0000E+00  0.0000E+00
     1    11     1     3        0  0.0000E+00  0.7501E-02  0.0000E+00  0.0000E+00
     1    12     1     1        0  0.4635E-01  0.1185E+01  0.0000E+00  0.0000E+00
     1    12     1     2        0  0.9733E-02  0.9175E+00  0.0000E+00  0.0000E+00
