[live capture NOT installed: RuntimeError: cecad.livehook needs FreeCAD's geometry kernel, which this interpreter does not have (No module named 'FreeCAD').
    Run designs through bin/cad — FreeCAD's interpreter ignores PYTHONPATH and `FreeCAD -c` hangs on stdin.
    cecad.electrical and cecad.vision are kernel-free and work here.]
PASS             appended to ce-parts/microduck-foot-left/iterations/v0.0.2/evidence/ledger.jsonl
                 {"date": "2026-09-02", "kind": "sim", "summary": "refcheck vs foot_left.stl: p95 0.45/0.33 mm, bbox delta [-0.001, 0.0, -0.004], features matched 2/2", "artifact": "evidence/refcheck/2026-09-01T19-51-24Z/report.json", "sha256": "4159516f74973490e79bd3800279d891e04e81bf212ba67dec88ab3274b14a4c", "by": "ce-cad/bin/cad-refcheck", "outcome": "PASS"}
                 trust now T1 simulated — 1 ledger entry; T1 from the ledger
# refcheck part:microduck-foot-left vs foot_left.stl

**PASS** — p95 surface distance 0.45 mm <= 1.00 both ways; bbox within 0.00 mm

| | ref->ours | ours->ref |
|---|---|---|
| mean mm | 0.067 | 0.050 |
| p50 mm | 0.000 | 0.000 |
| p95 mm | 0.450 | 0.327 |
| max mm | 2.428 | 1.887 |
| within 1.0 mm | 97.9% | 99.1% |

bbox ours [40.085, 54.0, 16.905]  ref [40.086, 54.0, 16.909]  delta [-0.001, 0.0, -0.004]
volume ratio ours/ref 0.9593 (closed-mesh figure, see compare.json)

## features

reference: 2 holes, 0 bosses · ours: 2 holes, 0 bosses · matched 2 · unmatched reference 0 · extra ours 0

## renders

- overlay_front.png
- overlay_left.png
- overlay_top.png
- overlay_iso.png
- ours_iso.png
- ref_iso.png

report: /Users/leifrydenfalk/dev/ce-workshop/ce-designs/microduck/ce-parts/microduck-foot-left/iterations/v0.0.2/evidence/refcheck/2026-09-01T19-51-24Z/report.md
